#2026 06 04 18:50:50.813#Z#DEBUG#2f425741-6046-11f1-aadc-eeee0a90472b.MyHANAApp#flowable-async-job-executor-thread-10715#
[PollStageAppStatusExecution] cc4bff5a-9d3c-4f77-af10-cb050dde00c4 [2026-06-04T18:50:11.440139] Added process: "web" (STDOUT, API)#
#2026 06 04 18:50:50.813#Z#DEBUG#2f425741-6046-11f1-aadc-eeee0a90472b.MyHANAApp#flowable-async-job-executor-thread-10715#
[PollStageAppStatusExecution] cc4bff5a-9d3c-4f77-af10-cb050dde00c4 [2026-06-04T18:50:11.446088] Created app with guid cc4bff5a-9d3c-4f77-af10-cb050dde00c4 (STDOUT, API)#
#2026 06 04 18:50:50.813#Z#DEBUG#2f425741-6046-11f1-aadc-eeee0a90472b.MyHANAApp#flowable-async-job-executor-thread-10715#
[PollStageAppStatusExecution] cc4bff5a-9d3c-4f77-af10-cb050dde00c4 [2026-06-04T18:50:11.807621] Updating process: "web" (STDOUT, API)#
#2026 06 04 18:50:50.813#Z#DEBUG#2f425741-6046-11f1-aadc-eeee0a90472b.MyHANAApp#flowable-async-job-executor-thread-10715#
[PollStageAppStatusExecution] cc4bff5a-9d3c-4f77-af10-cb050dde00c4 [2026-06-04T18:50:11.903266] Scaling process: "web" (STDOUT, API)#
#2026 06 04 18:50:50.813#Z#DEBUG#2f425741-6046-11f1-aadc-eeee0a90472b.MyHANAApp#flowable-async-job-executor-thread-10715#
[PollStageAppStatusExecution] cc4bff5a-9d3c-4f77-af10-cb050dde00c4 [2026-06-04T18:50:30.793392] Uploading app package for app with guid cc4bff5a-9d3c-4f77-af10-cb050dde00c4 (STDOUT, API)#
#2026 06 04 18:50:50.813#Z#DEBUG#2f425741-6046-11f1-aadc-eeee0a90472b.MyHANAApp#flowable-async-job-executor-thread-10715#
[PollStageAppStatusExecution] cc4bff5a-9d3c-4f77-af10-cb050dde00c4 [2026-06-04T18:50:31.083940] Updated app with guid cc4bff5a-9d3c-4f77-af10-cb050dde00c4 ({"environment_variables"=>"[PRIVATE DATA HIDDEN]"}) (STDOUT, API)#
#2026 06 04 18:50:50.813#Z#DEBUG#2f425741-6046-11f1-aadc-eeee0a90472b.MyHANAApp#flowable-async-job-executor-thread-10715#
[PollStageAppStatusExecution] cc4bff5a-9d3c-4f77-af10-cb050dde00c4 [2026-06-04T18:50:40.918375] Creating build for app with guid cc4bff5a-9d3c-4f77-af10-cb050dde00c4 (STDOUT, API)#
#2026 06 04 18:50:50.813#Z#DEBUG#2f425741-6046-11f1-aadc-eeee0a90472b.MyHANAApp#flowable-async-job-executor-thread-10715#
[PollStageAppStatusExecution] cc4bff5a-9d3c-4f77-af10-cb050dde00c4 [2026-06-04T18:50:42.591670] Downloading zero_trust_sidecar_buildpack_1_16... (STDOUT, STG)#
#2026 06 04 18:50:50.813#Z#DEBUG#2f425741-6046-11f1-aadc-eeee0a90472b.MyHANAApp#flowable-async-job-executor-thread-10715#
[PollStageAppStatusExecution] cc4bff5a-9d3c-4f77-af10-cb050dde00c4 [2026-06-04T18:50:42.591688] Downloading binary_buildpack... (STDOUT, STG)#
#2026 06 04 18:50:50.813#Z#DEBUG#2f425741-6046-11f1-aadc-eeee0a90472b.MyHANAApp#flowable-async-job-executor-thread-10715#
[PollStageAppStatusExecution] cc4bff5a-9d3c-4f77-af10-cb050dde00c4 [2026-06-04T18:50:42.591720] Downloading nodejs_buildpack... (STDOUT, STG)#
#2026 06 04 18:50:50.813#Z#DEBUG#2f425741-6046-11f1-aadc-eeee0a90472b.MyHANAApp#flowable-async-job-executor-thread-10715#
[PollStageAppStatusExecution] cc4bff5a-9d3c-4f77-af10-cb050dde00c4 [2026-06-04T18:50:42.591756] Downloading staticfile_buildpack... (STDOUT, STG)#
#2026 06 04 18:50:50.813#Z#DEBUG#2f425741-6046-11f1-aadc-eeee0a90472b.MyHANAApp#flowable-async-job-executor-thread-10715#
[PollStageAppStatusExecution] cc4bff5a-9d3c-4f77-af10-cb050dde00c4 [2026-06-04T18:50:42.591804] Downloading sap_java_buildpack_jakarta_2_56... (STDOUT, STG)#
#2026 06 04 18:50:50.813#Z#DEBUG#2f425741-6046-11f1-aadc-eeee0a90472b.MyHANAApp#flowable-async-job-executor-thread-10715#
[PollStageAppStatusExecution] cc4bff5a-9d3c-4f77-af10-cb050dde00c4 [2026-06-04T18:50:42.611652] Downloaded nodejs_buildpack (STDOUT, STG)#
#2026 06 04 18:50:50.813#Z#DEBUG#2f425741-6046-11f1-aadc-eeee0a90472b.MyHANAApp#flowable-async-job-executor-thread-10715#
[PollStageAppStatusExecution] cc4bff5a-9d3c-4f77-af10-cb050dde00c4 [2026-06-04T18:50:42.612260] Downloaded binary_buildpack (STDOUT, STG)#
#2026 06 04 18:50:50.813#Z#DEBUG#2f425741-6046-11f1-aadc-eeee0a90472b.MyHANAApp#flowable-async-job-executor-thread-10715#
[PollStageAppStatusExecution] cc4bff5a-9d3c-4f77-af10-cb050dde00c4 [2026-06-04T18:50:42.612280] Downloading php_buildpack... (STDOUT, STG)#
#2026 06 04 18:50:50.813#Z#DEBUG#2f425741-6046-11f1-aadc-eeee0a90472b.MyHANAApp#flowable-async-job-executor-thread-10715#
[PollStageAppStatusExecution] cc4bff5a-9d3c-4f77-af10-cb050dde00c4 [2026-06-04T18:50:42.627299] Downloading go_buildpack... (STDOUT, STG)#
#2026 06 04 18:50:50.813#Z#DEBUG#2f425741-6046-11f1-aadc-eeee0a90472b.MyHANAApp#flowable-async-job-executor-thread-10715#
[PollStageAppStatusExecution] cc4bff5a-9d3c-4f77-af10-cb050dde00c4 [2026-06-04T18:50:43.194404] Downloaded staticfile_buildpack (13.2M) (STDOUT, STG)#
#2026 06 04 18:50:50.813#Z#DEBUG#2f425741-6046-11f1-aadc-eeee0a90472b.MyHANAApp#flowable-async-job-executor-thread-10715#
[PollStageAppStatusExecution] cc4bff5a-9d3c-4f77-af10-cb050dde00c4 [2026-06-04T18:50:43.194441] Downloading python_buildpack... (STDOUT, STG)#
#2026 06 04 18:50:50.813#Z#DEBUG#2f425741-6046-11f1-aadc-eeee0a90472b.MyHANAApp#flowable-async-job-executor-thread-10715#
[PollStageAppStatusExecution] cc4bff5a-9d3c-4f77-af10-cb050dde00c4 [2026-06-04T18:50:43.236628] Downloaded python_buildpack (STDOUT, STG)#
#2026 06 04 18:50:50.813#Z#DEBUG#2f425741-6046-11f1-aadc-eeee0a90472b.MyHANAApp#flowable-async-job-executor-thread-10715#
[PollStageAppStatusExecution] cc4bff5a-9d3c-4f77-af10-cb050dde00c4 [2026-06-04T18:50:43.236656] Downloading java_buildpack... (STDOUT, STG)#
#2026 06 04 18:50:50.813#Z#DEBUG#2f425741-6046-11f1-aadc-eeee0a90472b.MyHANAApp#flowable-async-job-executor-thread-10715#
[PollStageAppStatusExecution] cc4bff5a-9d3c-4f77-af10-cb050dde00c4 [2026-06-04T18:50:43.256658] Downloaded java_buildpack (STDOUT, STG)#
#2026 06 04 18:50:50.813#Z#DEBUG#2f425741-6046-11f1-aadc-eeee0a90472b.MyHANAApp#flowable-async-job-executor-thread-10715#
[PollStageAppStatusExecution] cc4bff5a-9d3c-4f77-af10-cb050dde00c4 [2026-06-04T18:50:43.256683] Downloading sap_java_buildpack_jakarta... (STDOUT, STG)#
#2026 06 04 18:50:50.813#Z#DEBUG#2f425741-6046-11f1-aadc-eeee0a90472b.MyHANAApp#flowable-async-job-executor-thread-10715#
[PollStageAppStatusExecution] cc4bff5a-9d3c-4f77-af10-cb050dde00c4 [2026-06-04T18:50:44.019327] Downloaded zero_trust_sidecar_buildpack_1_16 (31.4M) (STDOUT, STG)#
#2026 06 04 18:50:50.813#Z#DEBUG#2f425741-6046-11f1-aadc-eeee0a90472b.MyHANAApp#flowable-async-job-executor-thread-10715#
[PollStageAppStatusExecution] cc4bff5a-9d3c-4f77-af10-cb050dde00c4 [2026-06-04T18:50:44.019366] Downloading nginx_buildpack... (STDOUT, STG)#
#2026 06 04 18:50:50.813#Z#DEBUG#2f425741-6046-11f1-aadc-eeee0a90472b.MyHANAApp#flowable-async-job-executor-thread-10715#
[PollStageAppStatusExecution] cc4bff5a-9d3c-4f77-af10-cb050dde00c4 [2026-06-04T18:50:45.522494] Downloaded nginx_buildpack (55.5M) (STDOUT, STG)#
#2026 06 04 18:50:50.813#Z#DEBUG#2f425741-6046-11f1-aadc-eeee0a90472b.MyHANAApp#flowable-async-job-executor-thread-10715#
[PollStageAppStatusExecution] cc4bff5a-9d3c-4f77-af10-cb050dde00c4 [2026-06-04T18:50:45.522533] Downloading java_buildpack_v5_preview... (STDOUT, STG)#
#2026 06 04 18:50:50.813#Z#DEBUG#2f425741-6046-11f1-aadc-eeee0a90472b.MyHANAApp#flowable-async-job-executor-thread-10715#
[PollStageAppStatusExecution] cc4bff5a-9d3c-4f77-af10-cb050dde00c4 [2026-06-04T18:50:45.534504] Downloaded java_buildpack_v5_preview (STDOUT, STG)#
#2026 06 04 18:50:50.813#Z#DEBUG#2f425741-6046-11f1-aadc-eeee0a90472b.MyHANAApp#flowable-async-job-executor-thread-10715#
[PollStageAppStatusExecution] cc4bff5a-9d3c-4f77-af10-cb050dde00c4 [2026-06-04T18:50:45.534532] Downloading sap_java_buildpack_jakarta_2_59... (STDOUT, STG)#
#2026 06 04 18:50:50.813#Z#DEBUG#2f425741-6046-11f1-aadc-eeee0a90472b.MyHANAApp#flowable-async-job-executor-thread-10715#
[PollStageAppStatusExecution] cc4bff5a-9d3c-4f77-af10-cb050dde00c4 [2026-06-04T18:50:48.379891] Downloaded go_buildpack (232.1M) (STDOUT, STG)#
#2026 06 04 18:50:50.813#Z#DEBUG#2f425741-6046-11f1-aadc-eeee0a90472b.MyHANAApp#flowable-async-job-executor-thread-10715#
[PollStageAppStatusExecution] cc4bff5a-9d3c-4f77-af10-cb050dde00c4 [2026-06-04T18:50:48.379931] Downloading zero_trust_sidecar_buildpack... (STDOUT, STG)#
#2026 06 04 18:50:50.813#Z#DEBUG#2f425741-6046-11f1-aadc-eeee0a90472b.MyHANAApp#flowable-async-job-executor-thread-10715#
[PollStageAppStatusExecution] cc4bff5a-9d3c-4f77-af10-cb050dde00c4 [2026-06-04T18:50:49.744654] Downloaded zero_trust_sidecar_buildpack (31.4M) (STDOUT, STG)#
#2026 06 04 18:50:50.813#Z#DEBUG#2f425741-6046-11f1-aadc-eeee0a90472b.MyHANAApp#flowable-async-job-executor-thread-10715#
[PollStageAppStatusExecution] cc4bff5a-9d3c-4f77-af10-cb050dde00c4 [2026-06-04T18:50:49.744694] Downloading sap_java_buildpack_jakarta_2_58... (STDOUT, STG)#
#2026 06 04 18:51:00.818#Z#DEBUG#2f425741-6046-11f1-aadc-eeee0a90472b.MyHANAApp#flowable-async-job-executor-thread-10721#
[PollStageAppStatusExecution] cc4bff5a-9d3c-4f77-af10-cb050dde00c4 [2026-06-04T18:50:51.009888] Downloaded sap_java_buildpack_jakarta_2_56 (356.6M) (STDOUT, STG)#
#2026 06 04 18:51:00.818#Z#DEBUG#2f425741-6046-11f1-aadc-eeee0a90472b.MyHANAApp#flowable-async-job-executor-thread-10721#
[PollStageAppStatusExecution] cc4bff5a-9d3c-4f77-af10-cb050dde00c4 [2026-06-04T18:50:51.009926] Downloading zero_trust_sidecar_buildpack_1_14... (STDOUT, STG)#
#2026 06 04 18:51:00.818#Z#DEBUG#2f425741-6046-11f1-aadc-eeee0a90472b.MyHANAApp#flowable-async-job-executor-thread-10721#
[PollStageAppStatusExecution] cc4bff5a-9d3c-4f77-af10-cb050dde00c4 [2026-06-04T18:50:52.393048] Downloaded zero_trust_sidecar_buildpack_1_14 (31.1M) (STDOUT, STG)#
#2026 06 04 18:51:00.818#Z#DEBUG#2f425741-6046-11f1-aadc-eeee0a90472b.MyHANAApp#flowable-async-job-executor-thread-10721#
[PollStageAppStatusExecution] cc4bff5a-9d3c-4f77-af10-cb050dde00c4 [2026-06-04T18:50:52.393090] Downloading zero_trust_sidecar_buildpack_1_15... (STDOUT, STG)#
#2026 06 04 18:51:00.818#Z#DEBUG#2f425741-6046-11f1-aadc-eeee0a90472b.MyHANAApp#flowable-async-job-executor-thread-10721#
[PollStageAppStatusExecution] cc4bff5a-9d3c-4f77-af10-cb050dde00c4 [2026-06-04T18:50:53.842775] Downloaded zero_trust_sidecar_buildpack_1_15 (31.1M) (STDOUT, STG)#
#2026 06 04 18:51:00.818#Z#DEBUG#2f425741-6046-11f1-aadc-eeee0a90472b.MyHANAApp#flowable-async-job-executor-thread-10721#
[PollStageAppStatusExecution] cc4bff5a-9d3c-4f77-af10-cb050dde00c4 [2026-06-04T18:50:54.560588] Downloaded sap_java_buildpack_jakarta_2_59 (359.4M) (STDOUT, STG)#
#2026 06 04 18:51:00.818#Z#DEBUG#2f425741-6046-11f1-aadc-eeee0a90472b.MyHANAApp#flowable-async-job-executor-thread-10721#
[PollStageAppStatusExecution] cc4bff5a-9d3c-4f77-af10-cb050dde00c4 [2026-06-04T18:50:55.184435] Downloaded sap_java_buildpack_jakarta (359.4M) (STDOUT, STG)#
#2026 06 04 18:51:00.818#Z#DEBUG#2f425741-6046-11f1-aadc-eeee0a90472b.MyHANAApp#flowable-async-job-executor-thread-10721#
[PollStageAppStatusExecution] cc4bff5a-9d3c-4f77-af10-cb050dde00c4 [2026-06-04T18:50:58.442003] Downloaded sap_java_buildpack_jakarta_2_58 (357.3M) (STDOUT, STG)#
#2026 06 04 18:51:10.884#Z#DEBUG#2f425741-6046-11f1-aadc-eeee0a90472b.MyHANAApp#flowable-async-job-executor-thread-10726#
[PollStageAppStatusExecution] cc4bff5a-9d3c-4f77-af10-cb050dde00c4 [2026-06-04T18:51:01.786225] Downloaded php_buildpack (659.1M) (STDOUT, STG)#
#2026 06 04 18:51:10.884#Z#DEBUG#2f425741-6046-11f1-aadc-eeee0a90472b.MyHANAApp#flowable-async-job-executor-thread-10726#
[PollStageAppStatusExecution] cc4bff5a-9d3c-4f77-af10-cb050dde00c4 [2026-06-04T18:51:01.786298] Cell c5b59106-da6a-42c4-82eb-08783f5ecbfa creating container for instance 3c23fd92-32e7-41d8-bc32-c2f6f99a3572 (STDOUT, STG)#
#2026 06 04 18:51:10.884#Z#DEBUG#2f425741-6046-11f1-aadc-eeee0a90472b.MyHANAApp#flowable-async-job-executor-thread-10726#
[PollStageAppStatusExecution] cc4bff5a-9d3c-4f77-af10-cb050dde00c4 [2026-06-04T18:51:02.204278] Security group rules were updated (STDOUT, STG)#
#2026 06 04 18:51:10.884#Z#DEBUG#2f425741-6046-11f1-aadc-eeee0a90472b.MyHANAApp#flowable-async-job-executor-thread-10726#
[PollStageAppStatusExecution] cc4bff5a-9d3c-4f77-af10-cb050dde00c4 [2026-06-04T18:51:02.252885] Cell c5b59106-da6a-42c4-82eb-08783f5ecbfa successfully created container for instance 3c23fd92-32e7-41d8-bc32-c2f6f99a3572 (STDOUT, STG)#
#2026 06 04 18:51:10.884#Z#DEBUG#2f425741-6046-11f1-aadc-eeee0a90472b.MyHANAApp#flowable-async-job-executor-thread-10726#
[PollStageAppStatusExecution] cc4bff5a-9d3c-4f77-af10-cb050dde00c4 [2026-06-04T18:51:03.432684] Downloading app package... (STDOUT, STG)#
#2026 06 04 18:51:10.884#Z#DEBUG#2f425741-6046-11f1-aadc-eeee0a90472b.MyHANAApp#flowable-async-job-executor-thread-10726#
[PollStageAppStatusExecution] cc4bff5a-9d3c-4f77-af10-cb050dde00c4 [2026-06-04T18:51:03.460709] Downloaded app package (22.4K) (STDOUT, STG)#
#2026 06 04 18:51:10.884#Z#DEBUG#2f425741-6046-11f1-aadc-eeee0a90472b.MyHANAApp#flowable-async-job-executor-thread-10726#
[PollStageAppStatusExecution] cc4bff5a-9d3c-4f77-af10-cb050dde00c4 [2026-06-04T18:51:03.847565] -----> Nodejs Buildpack version 1.8.44 (STDOUT, STG)#
#2026 06 04 18:51:10.884#Z#DEBUG#2f425741-6046-11f1-aadc-eeee0a90472b.MyHANAApp#flowable-async-job-executor-thread-10726#
[PollStageAppStatusExecution] cc4bff5a-9d3c-4f77-af10-cb050dde00c4 [2026-06-04T18:51:03.848254] -----> Bootstrapping python (STDOUT, STG)#
#2026 06 04 18:51:10.884#Z#DEBUG#2f425741-6046-11f1-aadc-eeee0a90472b.MyHANAApp#flowable-async-job-executor-thread-10726#
[PollStageAppStatusExecution] cc4bff5a-9d3c-4f77-af10-cb050dde00c4 [2026-06-04T18:51:03.848274] -----> Installing python 3.11.14 (STDOUT, STG)#
#2026 06 04 18:51:10.884#Z#DEBUG#2f425741-6046-11f1-aadc-eeee0a90472b.MyHANAApp#flowable-async-job-executor-thread-10726#
[PollStageAppStatusExecution] cc4bff5a-9d3c-4f77-af10-cb050dde00c4 [2026-06-04T18:51:03.848296] Copy [/tmp/buildpacks/f23f83ae4205ff63/dependencies/b5e0345ae0ae1932e7d56fffaa49a487/python_3.11.14_linux_x64_cflinuxfs4_66f53248.tgz] (STDOUT, STG)#
#2026 06 04 18:51:10.884#Z#DEBUG#2f425741-6046-11f1-aadc-eeee0a90472b.MyHANAApp#flowable-async-job-executor-thread-10726#
[PollStageAppStatusExecution] cc4bff5a-9d3c-4f77-af10-cb050dde00c4 [2026-06-04T18:51:07.092887] -----> Installing binaries (STDOUT, STG)#
#2026 06 04 18:51:10.884#Z#DEBUG#2f425741-6046-11f1-aadc-eeee0a90472b.MyHANAApp#flowable-async-job-executor-thread-10726#
[PollStageAppStatusExecution] cc4bff5a-9d3c-4f77-af10-cb050dde00c4 [2026-06-04T18:51:07.093031] engines.node (package.json): unspecified (STDOUT, STG)#
#2026 06 04 18:51:10.884#Z#DEBUG#2f425741-6046-11f1-aadc-eeee0a90472b.MyHANAApp#flowable-async-job-executor-thread-10726#
[PollStageAppStatusExecution] cc4bff5a-9d3c-4f77-af10-cb050dde00c4 [2026-06-04T18:51:07.093051] engines.npm (package.json): unspecified (use default) (STDOUT, STG)#
#2026 06 04 18:51:10.884#Z#DEBUG#2f425741-6046-11f1-aadc-eeee0a90472b.MyHANAApp#flowable-async-job-executor-thread-10726#
[PollStageAppStatusExecution] cc4bff5a-9d3c-4f77-af10-cb050dde00c4 [2026-06-04T18:51:07.093055] [31;1m**WARNING**[0m Node version not specified in package.json or .nvmrc. See: http://docs.cloudfoundry.org/buildpacks/node/node-tips.html (STDOUT, STG)#
#2026 06 04 18:51:10.884#Z#DEBUG#2f425741-6046-11f1-aadc-eeee0a90472b.MyHANAApp#flowable-async-job-executor-thread-10726#
[PollStageAppStatusExecution] cc4bff5a-9d3c-4f77-af10-cb050dde00c4 [2026-06-04T18:51:07.093067] -----> Installing node 22.22.0 (STDOUT, STG)#
#2026 06 04 18:51:10.884#Z#DEBUG#2f425741-6046-11f1-aadc-eeee0a90472b.MyHANAApp#flowable-async-job-executor-thread-10726#
[PollStageAppStatusExecution] cc4bff5a-9d3c-4f77-af10-cb050dde00c4 [2026-06-04T18:51:07.093158] Copy [/tmp/buildpacks/f23f83ae4205ff63/dependencies/65c50d3a8311e7796847437aebc5aebd/node_22.22.0_linux_x64_cflinuxfs4_a73ffe6d.tgz] (STDOUT, STG)#
#2026 06 04 18:51:10.884#Z#DEBUG#2f425741-6046-11f1-aadc-eeee0a90472b.MyHANAApp#flowable-async-job-executor-thread-10726#
[PollStageAppStatusExecution] cc4bff5a-9d3c-4f77-af10-cb050dde00c4 [2026-06-04T18:51:09.145209] Using default npm version: 10.9.4 (STDOUT, STG)#
#2026 06 04 18:51:10.884#Z#DEBUG#2f425741-6046-11f1-aadc-eeee0a90472b.MyHANAApp#flowable-async-job-executor-thread-10726#
[PollStageAppStatusExecution] cc4bff5a-9d3c-4f77-af10-cb050dde00c4 [2026-06-04T18:51:09.145225] -----> Installing yarn 1.22.22 (STDOUT, STG)#
#2026 06 04 18:51:10.884#Z#DEBUG#2f425741-6046-11f1-aadc-eeee0a90472b.MyHANAApp#flowable-async-job-executor-thread-10726#
[PollStageAppStatusExecution] cc4bff5a-9d3c-4f77-af10-cb050dde00c4 [2026-06-04T18:51:09.145278] Copy [/tmp/buildpacks/f23f83ae4205ff63/dependencies/e3a39aedd1236924d69cc2d0637a8ed2/yarn_1.22.22_linux_noarch_any-stack_4911d0a6.tgz] (STDOUT, STG)#
#2026 06 04 18:51:10.884#Z#DEBUG#2f425741-6046-11f1-aadc-eeee0a90472b.MyHANAApp#flowable-async-job-executor-thread-10726#
[PollStageAppStatusExecution] cc4bff5a-9d3c-4f77-af10-cb050dde00c4 [2026-06-04T18:51:09.414948] Installed yarn 1.22.22 (STDOUT, STG)#
#2026 06 04 18:51:10.885#Z#DEBUG#2f425741-6046-11f1-aadc-eeee0a90472b.MyHANAApp#flowable-async-job-executor-thread-10726#
[PollStageAppStatusExecution] cc4bff5a-9d3c-4f77-af10-cb050dde00c4 [2026-06-04T18:51:09.414972] -----> Creating runtime environment (STDOUT, STG)#
#2026 06 04 18:51:10.885#Z#DEBUG#2f425741-6046-11f1-aadc-eeee0a90472b.MyHANAApp#flowable-async-job-executor-thread-10726#
[PollStageAppStatusExecution] cc4bff5a-9d3c-4f77-af10-cb050dde00c4 [2026-06-04T18:51:09.416434] [34;1mPRO TIP:[0m It is recommended to vendor the application's Node.js dependencies (STDOUT, STG)#
#2026 06 04 18:51:10.885#Z#DEBUG#2f425741-6046-11f1-aadc-eeee0a90472b.MyHANAApp#flowable-async-job-executor-thread-10726#
[PollStageAppStatusExecution] cc4bff5a-9d3c-4f77-af10-cb050dde00c4 [2026-06-04T18:51:09.416449] Visit http://docs.cloudfoundry.org/buildpacks/node/index.html#vendoring (STDOUT, STG)#
#2026 06 04 18:51:10.885#Z#DEBUG#2f425741-6046-11f1-aadc-eeee0a90472b.MyHANAApp#flowable-async-job-executor-thread-10726#
[PollStageAppStatusExecution] cc4bff5a-9d3c-4f77-af10-cb050dde00c4 [2026-06-04T18:51:09.416452] NODE_ENV=production (STDOUT, STG)#
#2026 06 04 18:51:10.885#Z#DEBUG#2f425741-6046-11f1-aadc-eeee0a90472b.MyHANAApp#flowable-async-job-executor-thread-10726#
[PollStageAppStatusExecution] cc4bff5a-9d3c-4f77-af10-cb050dde00c4 [2026-06-04T18:51:09.416454] NODE_HOME=/tmp/contents2284660003/deps/0/node (STDOUT, STG)#
#2026 06 04 18:51:10.885#Z#DEBUG#2f425741-6046-11f1-aadc-eeee0a90472b.MyHANAApp#flowable-async-job-executor-thread-10726#
[PollStageAppStatusExecution] cc4bff5a-9d3c-4f77-af10-cb050dde00c4 [2026-06-04T18:51:09.416467] NODE_MODULES_CACHE=true (STDOUT, STG)#
#2026 06 04 18:51:10.885#Z#DEBUG#2f425741-6046-11f1-aadc-eeee0a90472b.MyHANAApp#flowable-async-job-executor-thread-10726#
[PollStageAppStatusExecution] cc4bff5a-9d3c-4f77-af10-cb050dde00c4 [2026-06-04T18:51:09.416469] NODE_VERBOSE=false (STDOUT, STG)#
#2026 06 04 18:51:10.885#Z#DEBUG#2f425741-6046-11f1-aadc-eeee0a90472b.MyHANAApp#flowable-async-job-executor-thread-10726#
[PollStageAppStatusExecution] cc4bff5a-9d3c-4f77-af10-cb050dde00c4 [2026-06-04T18:51:09.416473] NPM_CONFIG_LOGLEVEL=error (STDOUT, STG)#
#2026 06 04 18:51:10.885#Z#DEBUG#2f425741-6046-11f1-aadc-eeee0a90472b.MyHANAApp#flowable-async-job-executor-thread-10726#
[PollStageAppStatusExecution] cc4bff5a-9d3c-4f77-af10-cb050dde00c4 [2026-06-04T18:51:09.416477] NPM_CONFIG_PRODUCTION=true (STDOUT, STG)#
#2026 06 04 18:51:10.885#Z#DEBUG#2f425741-6046-11f1-aadc-eeee0a90472b.MyHANAApp#flowable-async-job-executor-thread-10726#
[PollStageAppStatusExecution] cc4bff5a-9d3c-4f77-af10-cb050dde00c4 [2026-06-04T18:51:09.416514] -----> Building dependencies (STDOUT, STG)#
#2026 06 04 18:51:10.885#Z#DEBUG#2f425741-6046-11f1-aadc-eeee0a90472b.MyHANAApp#flowable-async-job-executor-thread-10726#
[PollStageAppStatusExecution] cc4bff5a-9d3c-4f77-af10-cb050dde00c4 [2026-06-04T18:51:09.416549] Installing node modules (package.json + package-lock.json) (STDOUT, STG)#
#2026 06 04 18:51:20.834#Z#DEBUG#2f425741-6046-11f1-aadc-eeee0a90472b.MyHANAApp#flowable-async-job-executor-thread-9452#
[PollStageAppStatusExecution] cc4bff5a-9d3c-4f77-af10-cb050dde00c4 [2026-06-04T18:51:11.973823] added 203 packages, and audited 204 packages in 2s (STDOUT, STG)#
#2026 06 04 18:51:20.834#Z#DEBUG#2f425741-6046-11f1-aadc-eeee0a90472b.MyHANAApp#flowable-async-job-executor-thread-9452#
[PollStageAppStatusExecution] cc4bff5a-9d3c-4f77-af10-cb050dde00c4 [2026-06-04T18:51:11.973851] 31 packages are looking for funding (STDOUT, STG)#
#2026 06 04 18:51:20.834#Z#DEBUG#2f425741-6046-11f1-aadc-eeee0a90472b.MyHANAApp#flowable-async-job-executor-thread-9452#
[PollStageAppStatusExecution] cc4bff5a-9d3c-4f77-af10-cb050dde00c4 [2026-06-04T18:51:11.973855] run `npm fund` for details (STDOUT, STG)#
#2026 06 04 18:51:20.834#Z#DEBUG#2f425741-6046-11f1-aadc-eeee0a90472b.MyHANAApp#flowable-async-job-executor-thread-9452#
[PollStageAppStatusExecution] cc4bff5a-9d3c-4f77-af10-cb050dde00c4 [2026-06-04T18:51:11.979814] 2 high severity vulnerabilities (STDOUT, STG)#
#2026 06 04 18:51:20.834#Z#DEBUG#2f425741-6046-11f1-aadc-eeee0a90472b.MyHANAApp#flowable-async-job-executor-thread-9452#
[PollStageAppStatusExecution] cc4bff5a-9d3c-4f77-af10-cb050dde00c4 [2026-06-04T18:51:11.979831] To address all issues (including breaking changes), run: (STDOUT, STG)#
#2026 06 04 18:51:20.834#Z#DEBUG#2f425741-6046-11f1-aadc-eeee0a90472b.MyHANAApp#flowable-async-job-executor-thread-9452#
[PollStageAppStatusExecution] cc4bff5a-9d3c-4f77-af10-cb050dde00c4 [2026-06-04T18:51:11.979833] npm audit fix --force (STDOUT, STG)#
#2026 06 04 18:51:20.834#Z#DEBUG#2f425741-6046-11f1-aadc-eeee0a90472b.MyHANAApp#flowable-async-job-executor-thread-9452#
[PollStageAppStatusExecution] cc4bff5a-9d3c-4f77-af10-cb050dde00c4 [2026-06-04T18:51:11.979838] Run `npm audit` for details. (STDOUT, STG)#
#2026 06 04 18:51:20.834#Z#DEBUG#2f425741-6046-11f1-aadc-eeee0a90472b.MyHANAApp#flowable-async-job-executor-thread-9452#
[PollStageAppStatusExecution] cc4bff5a-9d3c-4f77-af10-cb050dde00c4 [2026-06-04T18:51:11.980985] npm notice (STDOUT, STG)#
#2026 06 04 18:51:20.834#Z#DEBUG#2f425741-6046-11f1-aadc-eeee0a90472b.MyHANAApp#flowable-async-job-executor-thread-9452#
[PollStageAppStatusExecution] cc4bff5a-9d3c-4f77-af10-cb050dde00c4 [2026-06-04T18:51:11.980998] npm notice New major version of npm available! 10.9.4 -> 11.16.0 (STDOUT, STG)#
#2026 06 04 18:51:20.834#Z#DEBUG#2f425741-6046-11f1-aadc-eeee0a90472b.MyHANAApp#flowable-async-job-executor-thread-9452#
[PollStageAppStatusExecution] cc4bff5a-9d3c-4f77-af10-cb050dde00c4 [2026-06-04T18:51:11.981001] npm notice Changelog: https://github.com/npm/cli/releases/tag/v11.16.0 (STDOUT, STG)#
#2026 06 04 18:51:20.834#Z#DEBUG#2f425741-6046-11f1-aadc-eeee0a90472b.MyHANAApp#flowable-async-job-executor-thread-9452#
[PollStageAppStatusExecution] cc4bff5a-9d3c-4f77-af10-cb050dde00c4 [2026-06-04T18:51:11.981002] npm notice To update run: npm install -g npm@11.16.0 (STDOUT, STG)#
#2026 06 04 18:51:20.834#Z#DEBUG#2f425741-6046-11f1-aadc-eeee0a90472b.MyHANAApp#flowable-async-job-executor-thread-9452#
[PollStageAppStatusExecution] cc4bff5a-9d3c-4f77-af10-cb050dde00c4 [2026-06-04T18:51:11.981004] npm notice (STDOUT, STG)#
#2026 06 04 18:51:20.834#Z#DEBUG#2f425741-6046-11f1-aadc-eeee0a90472b.MyHANAApp#flowable-async-job-executor-thread-9452#
[PollStageAppStatusExecution] cc4bff5a-9d3c-4f77-af10-cb050dde00c4 [2026-06-04T18:51:12.443462] [31;1m**WARNING**[0m Unmet dependencies don't fail npm install but may cause runtime issues (STDOUT, STG)#
#2026 06 04 18:51:20.834#Z#DEBUG#2f425741-6046-11f1-aadc-eeee0a90472b.MyHANAApp#flowable-async-job-executor-thread-9452#
[PollStageAppStatusExecution] cc4bff5a-9d3c-4f77-af10-cb050dde00c4 [2026-06-04T18:51:12.443480] See: https://github.com/npm/npm/issues/7494 (STDOUT, STG)#
#2026 06 04 18:51:20.834#Z#DEBUG#2f425741-6046-11f1-aadc-eeee0a90472b.MyHANAApp#flowable-async-job-executor-thread-9452#
[PollStageAppStatusExecution] cc4bff5a-9d3c-4f77-af10-cb050dde00c4 [2026-06-04T18:51:12.456519] Contrast Security no credentials found. Will not write environment files. (STDOUT, STG)#
#2026 06 04 18:51:30.907#Z#DEBUG#2f425741-6046-11f1-aadc-eeee0a90472b.MyHANAApp#flowable-async-job-executor-thread-9461#
[PollStageAppStatusExecution] cc4bff5a-9d3c-4f77-af10-cb050dde00c4 [2026-06-04T18:51:21.870417] Exit status 0 (STDOUT, STG)#
#2026 06 04 18:51:30.907#Z#DEBUG#2f425741-6046-11f1-aadc-eeee0a90472b.MyHANAApp#flowable-async-job-executor-thread-9461#
[PollStageAppStatusExecution] cc4bff5a-9d3c-4f77-af10-cb050dde00c4 [2026-06-04T18:51:21.870459] Uploading droplet, build artifacts cache... (STDOUT, STG)#
#2026 06 04 18:51:30.907#Z#DEBUG#2f425741-6046-11f1-aadc-eeee0a90472b.MyHANAApp#flowable-async-job-executor-thread-9461#
[PollStageAppStatusExecution] cc4bff5a-9d3c-4f77-af10-cb050dde00c4 [2026-06-04T18:51:21.870497] Uploading build artifacts cache... (STDOUT, STG)#
#2026 06 04 18:51:30.907#Z#DEBUG#2f425741-6046-11f1-aadc-eeee0a90472b.MyHANAApp#flowable-async-job-executor-thread-9461#
[PollStageAppStatusExecution] cc4bff5a-9d3c-4f77-af10-cb050dde00c4 [2026-06-04T18:51:21.870500] Uploading droplet... (STDOUT, STG)#
#2026 06 04 18:51:30.907#Z#DEBUG#2f425741-6046-11f1-aadc-eeee0a90472b.MyHANAApp#flowable-async-job-executor-thread-9461#
[PollStageAppStatusExecution] cc4bff5a-9d3c-4f77-af10-cb050dde00c4 [2026-06-04T18:51:21.966452] Uploaded build artifacts cache (5.3M) (STDOUT, STG)#
#2026 06 04 18:51:30.907#Z#DEBUG#2f425741-6046-11f1-aadc-eeee0a90472b.MyHANAApp#flowable-async-job-executor-thread-9461#
[PollStageAppStatusExecution] cc4bff5a-9d3c-4f77-af10-cb050dde00c4 [2026-06-04T18:51:22.567406] Creating droplet for app with guid cc4bff5a-9d3c-4f77-af10-cb050dde00c4 (STDOUT, API)#
#2026 06 04 18:51:30.907#Z#DEBUG#2f425741-6046-11f1-aadc-eeee0a90472b.MyHANAApp#flowable-async-job-executor-thread-9461#
[PollStageAppStatusExecution] cc4bff5a-9d3c-4f77-af10-cb050dde00c4 [2026-06-04T18:51:28.657828] Uploaded droplet (62.1M) (STDOUT, STG)#
#2026 06 04 18:51:30.907#Z#DEBUG#2f425741-6046-11f1-aadc-eeee0a90472b.MyHANAApp#flowable-async-job-executor-thread-9461#
[PollStageAppStatusExecution] cc4bff5a-9d3c-4f77-af10-cb050dde00c4 [2026-06-04T18:51:28.674732] Uploading complete (STDOUT, STG)#
#2026 06 04 18:51:30.907#Z#DEBUG#2f425741-6046-11f1-aadc-eeee0a90472b.MyHANAApp#flowable-async-job-executor-thread-9461#
[PollStageAppStatusExecution] cc4bff5a-9d3c-4f77-af10-cb050dde00c4 [2026-06-04T18:51:29.164215] Cell c5b59106-da6a-42c4-82eb-08783f5ecbfa stopping instance 3c23fd92-32e7-41d8-bc32-c2f6f99a3572 (STDOUT, STG)#
#2026 06 04 18:51:30.907#Z#DEBUG#2f425741-6046-11f1-aadc-eeee0a90472b.MyHANAApp#flowable-async-job-executor-thread-9461#
[PollStageAppStatusExecution] cc4bff5a-9d3c-4f77-af10-cb050dde00c4 [2026-06-04T18:51:29.164246] Cell c5b59106-da6a-42c4-82eb-08783f5ecbfa destroying container for instance 3c23fd92-32e7-41d8-bc32-c2f6f99a3572 (STDOUT, STG)#
#2026 06 04 18:51:30.907#Z#DEBUG#2f425741-6046-11f1-aadc-eeee0a90472b.MyHANAApp#flowable-async-job-executor-thread-9461#
[PollStageAppStatusExecution] cc4bff5a-9d3c-4f77-af10-cb050dde00c4 [2026-06-04T18:51:29.273689] Staging complete for build 3c23fd92-32e7-41d8-bc32-c2f6f99a3572 (STDOUT, API)#
#2026 06 04 18:51:40.964#Z#DEBUG#2f425741-6046-11f1-aadc-eeee0a90472b.MyHANAApp#flowable-async-job-executor-thread-9475#
[PollStartAppStatusExecution] cc4bff5a-9d3c-4f77-af10-cb050dde00c4 [2026-06-04T18:51:30.992181] Updated app with guid cc4bff5a-9d3c-4f77-af10-cb050dde00c4 ({:droplet_guid=>"40f7fe30-db9f-4eef-812c-11016cef70b0"}) (STDOUT, API)#
#2026 06 04 18:51:40.964#Z#DEBUG#2f425741-6046-11f1-aadc-eeee0a90472b.MyHANAApp#flowable-async-job-executor-thread-9475#
[PollStartAppStatusExecution] cc4bff5a-9d3c-4f77-af10-cb050dde00c4 [2026-06-04T18:51:31.235472] Cell c5b59106-da6a-42c4-82eb-08783f5ecbfa successfully destroyed container for instance 3c23fd92-32e7-41d8-bc32-c2f6f99a3572 (STDOUT, STG)#
#2026 06 04 18:51:40.964#Z#DEBUG#2f425741-6046-11f1-aadc-eeee0a90472b.MyHANAApp#flowable-async-job-executor-thread-9475#
[PollStartAppStatusExecution] cc4bff5a-9d3c-4f77-af10-cb050dde00c4 [2026-06-04T18:51:31.280137] Creating revision for app with guid cc4bff5a-9d3c-4f77-af10-cb050dde00c4 (STDOUT, API)#
#2026 06 04 18:51:40.964#Z#DEBUG#2f425741-6046-11f1-aadc-eeee0a90472b.MyHANAApp#flowable-async-job-executor-thread-9475#
[PollStartAppStatusExecution] cc4bff5a-9d3c-4f77-af10-cb050dde00c4 [2026-06-04T18:51:31.355839] Starting app with guid cc4bff5a-9d3c-4f77-af10-cb050dde00c4 (STDOUT, API)#
#2026 06 04 18:51:40.964#Z#DEBUG#2f425741-6046-11f1-aadc-eeee0a90472b.MyHANAApp#flowable-async-job-executor-thread-9475#
[PollStartAppStatusExecution] cc4bff5a-9d3c-4f77-af10-cb050dde00c4 [2026-06-04T18:51:31.683900] Cell c5b59106-da6a-42c4-82eb-08783f5ecbfa creating container for instance 680e9673-0211-4408-4b04-23b3 (STDOUT, CELL)#
#2026 06 04 18:51:40.964#Z#DEBUG#2f425741-6046-11f1-aadc-eeee0a90472b.MyHANAApp#flowable-async-job-executor-thread-9475#
[PollStartAppStatusExecution] cc4bff5a-9d3c-4f77-af10-cb050dde00c4 [2026-06-04T18:51:32.336594] Security group rules were updated (STDOUT, CELL)#
#2026 06 04 18:51:40.964#Z#DEBUG#2f425741-6046-11f1-aadc-eeee0a90472b.MyHANAApp#flowable-async-job-executor-thread-9475#
[PollStartAppStatusExecution] cc4bff5a-9d3c-4f77-af10-cb050dde00c4 [2026-06-04T18:51:32.392228] Cell c5b59106-da6a-42c4-82eb-08783f5ecbfa successfully created container for instance 680e9673-0211-4408-4b04-23b3 (STDOUT, CELL)#
#2026 06 04 18:51:40.964#Z#DEBUG#2f425741-6046-11f1-aadc-eeee0a90472b.MyHANAApp#flowable-async-job-executor-thread-9475#
[PollStartAppStatusExecution] cc4bff5a-9d3c-4f77-af10-cb050dde00c4 [2026-06-04T18:51:32.814903] Downloading droplet... (STDOUT, CELL)#
#2026 06 04 18:51:40.964#Z#DEBUG#2f425741-6046-11f1-aadc-eeee0a90472b.MyHANAApp#flowable-async-job-executor-thread-9475#
[PollStartAppStatusExecution] cc4bff5a-9d3c-4f77-af10-cb050dde00c4 [2026-06-04T18:51:36.611144] Downloaded droplet (62.1M) (STDOUT, CELL)#
#2026 06 04 18:51:40.964#Z#DEBUG#2f425741-6046-11f1-aadc-eeee0a90472b.MyHANAApp#flowable-async-job-executor-thread-9475#
[PollStartAppStatusExecution] cc4bff5a-9d3c-4f77-af10-cb050dde00c4 [2026-06-04T18:51:36.611323] Starting health monitoring of container (STDOUT, CELL)#
#2026 06 04 18:51:40.964#Z#DEBUG#2f425741-6046-11f1-aadc-eeee0a90472b.MyHANAApp#flowable-async-job-executor-thread-9475#
[PollStartAppStatusExecution] cc4bff5a-9d3c-4f77-af10-cb050dde00c4 [2026-06-04T18:51:36.687363] Invoking pre-start scripts. (STDOUT, APP/PROC/WEB)#
#2026 06 04 18:51:40.964#Z#DEBUG#2f425741-6046-11f1-aadc-eeee0a90472b.MyHANAApp#flowable-async-job-executor-thread-9475#
[PollStartAppStatusExecution] cc4bff5a-9d3c-4f77-af10-cb050dde00c4 [2026-06-04T18:51:36.852264] Invoking start command. (STDOUT, APP/PROC/WEB)#
#2026 06 04 18:51:40.964#Z#DEBUG#2f425741-6046-11f1-aadc-eeee0a90472b.MyHANAApp#flowable-async-job-executor-thread-9475#
[PollStartAppStatusExecution] cc4bff5a-9d3c-4f77-af10-cb050dde00c4 [2026-06-04T18:51:37.193078] > start (STDOUT, APP/PROC/WEB)#
#2026 06 04 18:51:40.964#Z#DEBUG#2f425741-6046-11f1-aadc-eeee0a90472b.MyHANAApp#flowable-async-job-executor-thread-9475#
[PollStartAppStatusExecution] cc4bff5a-9d3c-4f77-af10-cb050dde00c4 [2026-06-04T18:51:37.193096] > node node_modules/@sap/approuter/approuter.js (STDOUT, APP/PROC/WEB)#
#2026 06 04 18:51:40.964#Z#DEBUG#2f425741-6046-11f1-aadc-eeee0a90472b.MyHANAApp#flowable-async-job-executor-thread-9475#
[PollStartAppStatusExecution] cc4bff5a-9d3c-4f77-af10-cb050dde00c4 [2026-06-04T18:51:37.346165] {"written_at":"2026-06-04T18:51:37.344Z","written_ts":1780599097344000000,"csn_component":"-","correlation_id":"-","type":"log","logger":"nodejs-logger","layer":"/LoggingLibrary","level":"warning","container_id":"10.36.194.16","component_type":"application","component_id":"cc4bff5a-9d3c-4f77-af10-cb050dde00c4","component_name":"MyHANAApp","component_instance":-1,"source_instance":-1,"organization_id":"faa2a59b-a78e-4aa0-9dad-78ce96e1bc24","organization_name":"CoE EMEA HANA Platform_D054555","space_id":"4cc0a88c-ec98-47c4-9958-38b5e6ec9fcf","space_name":"COE EMEA HANA TI Cloud","context_id":"","msg":"Dynamic log level switching not available"} (STDOUT, APP/PROC/WEB)#
#2026 06 04 18:51:40.964#Z#DEBUG#2f425741-6046-11f1-aadc-eeee0a90472b.MyHANAApp#flowable-async-job-executor-thread-9475#
[PollStartAppStatusExecution] cc4bff5a-9d3c-4f77-af10-cb050dde00c4 [2026-06-04T18:51:37.768356] {"written_at":"2026-06-04T18:51:37.767Z","written_ts":1780599097767000000,"csn_component":"-","correlation_id":"mpzuq8x4","type":"log","logger":"nodejs-logger","layer":"/approuter","level":"info","container_id":"10.36.194.16","component_type":"application","component_id":"cc4bff5a-9d3c-4f77-af10-cb050dde00c4","component_name":"MyHANAApp","component_instance":-1,"source_instance":-1,"organization_id":"faa2a59b-a78e-4aa0-9dad-78ce96e1bc24","organization_name":"CoE EMEA HANA Platform_D054555","space_id":"4cc0a88c-ec98-47c4-9958-38b5e6ec9fcf","space_name":"COE EMEA HANA TI Cloud","context_id":"mpzuq8x4","msg":"Application router version 21.5.0"} (STDOUT, APP/PROC/WEB)#
#2026 06 04 18:51:40.964#Z#DEBUG#2f425741-6046-11f1-aadc-eeee0a90472b.MyHANAApp#flowable-async-job-executor-thread-9475#
[PollStartAppStatusExecution] cc4bff5a-9d3c-4f77-af10-cb050dde00c4 [2026-06-04T18:51:37.772892] {"written_at":"2026-06-04T18:51:37.772Z","written_ts":1780599097772000000,"csn_component":"-","correlation_id":"mpzuq8x8","type":"log","logger":"nodejs-logger","layer":"/Configuration","level":"info","container_id":"10.36.194.16","component_type":"application","component_id":"cc4bff5a-9d3c-4f77-af10-cb050dde00c4","component_name":"MyHANAApp","component_instance":-1,"source_instance":-1,"organization_id":"faa2a59b-a78e-4aa0-9dad-78ce96e1bc24","organization_name":"CoE EMEA HANA Platform_D054555","space_id":"4cc0a88c-ec98-47c4-9958-38b5e6ec9fcf","space_name":"COE EMEA HANA TI Cloud","context_id":"mpzuq8x8","msg":"No COOKIES environment variable"} (STDOUT, APP/PROC/WEB)#
#2026 06 04 18:51:40.964#Z#DEBUG#2f425741-6046-11f1-aadc-eeee0a90472b.MyHANAApp#flowable-async-job-executor-thread-9475#
[PollStartAppStatusExecution] cc4bff5a-9d3c-4f77-af10-cb050dde00c4 [2026-06-04T18:51:37.800765] {"written_at":"2026-06-04T18:51:37.800Z","written_ts":1780599097800000000,"csn_component":"-","correlation_id":"mpzuq8x4","type":"log","logger":"nodejs-logger","layer":"/approuter","level":"info","container_id":"10.36.194.16","component_type":"application","component_id":"cc4bff5a-9d3c-4f77-af10-cb050dde00c4","component_name":"MyHANAApp","component_instance":-1,"source_instance":-1,"organization_id":"faa2a59b-a78e-4aa0-9dad-78ce96e1bc24","organization_name":"CoE EMEA HANA Platform_D054555","space_id":"4cc0a88c-ec98-47c4-9958-38b5e6ec9fcf","space_name":"COE EMEA HANA TI Cloud","context_id":"mpzuq8x4","msg":"Application router is listening on port: 8080"} (STDOUT, APP/PROC/WEB)#
#2026 06 04 18:51:40.964#Z#DEBUG#2f425741-6046-11f1-aadc-eeee0a90472b.MyHANAApp#flowable-async-job-executor-thread-9475#
[PollStartAppStatusExecution] cc4bff5a-9d3c-4f77-af10-cb050dde00c4 [2026-06-04T18:51:39.985849] Container became healthy (STDOUT, CELL)#
#2026 06 04 18:51:40.964#Z#DEBUG#2f425741-6046-11f1-aadc-eeee0a90472b.MyHANAApp#flowable-async-job-executor-thread-9475#
[PollStartAppStatusExecution] cc4bff5a-9d3c-4f77-af10-cb050dde00c4 [2026-06-04T18:51:40.035016] Process became ready with guid cc4bff5a-9d3c-4f77-af10-cb050dde00c4 payload: {"instance"=>"680e9673-0211-4408-4b04-23b3", "index"=>0, "cell_id"=>"c5b59106-da6a-42c4-82eb-08783f5ecbfa", "ready"=>true, "version"=>"2825e8a7-361d-4b87-a40d-09b2fe1eeadf"} (STDOUT, API)#
