#2026 06 04 18:50:50.777#Z#DEBUG#2f425741-6046-11f1-aadc-eeee0a90472b.MyHANAApp-db-deployer#flowable-async-job-executor-thread-10714#
[PollStageAppStatusExecution] ab6e6def-2a5d-4374-a5e1-6cd692beac58 [2026-06-04T18:50:13.423246] Added process: "web" (STDOUT, API)#
#2026 06 04 18:50:50.777#Z#DEBUG#2f425741-6046-11f1-aadc-eeee0a90472b.MyHANAApp-db-deployer#flowable-async-job-executor-thread-10714#
[PollStageAppStatusExecution] ab6e6def-2a5d-4374-a5e1-6cd692beac58 [2026-06-04T18:50:13.429230] Created app with guid ab6e6def-2a5d-4374-a5e1-6cd692beac58 (STDOUT, API)#
#2026 06 04 18:50:50.777#Z#DEBUG#2f425741-6046-11f1-aadc-eeee0a90472b.MyHANAApp-db-deployer#flowable-async-job-executor-thread-10714#
[PollStageAppStatusExecution] ab6e6def-2a5d-4374-a5e1-6cd692beac58 [2026-06-04T18:50:13.537077] Updating process: "web" (STDOUT, API)#
#2026 06 04 18:50:50.777#Z#DEBUG#2f425741-6046-11f1-aadc-eeee0a90472b.MyHANAApp-db-deployer#flowable-async-job-executor-thread-10714#
[PollStageAppStatusExecution] ab6e6def-2a5d-4374-a5e1-6cd692beac58 [2026-06-04T18:50:13.620583] Scaling process: "web" (STDOUT, API)#
#2026 06 04 18:50:50.777#Z#DEBUG#2f425741-6046-11f1-aadc-eeee0a90472b.MyHANAApp-db-deployer#flowable-async-job-executor-thread-10714#
[PollStageAppStatusExecution] ab6e6def-2a5d-4374-a5e1-6cd692beac58 [2026-06-04T18:50:30.927693] Uploading app package for app with guid ab6e6def-2a5d-4374-a5e1-6cd692beac58 (STDOUT, API)#
#2026 06 04 18:50:50.777#Z#DEBUG#2f425741-6046-11f1-aadc-eeee0a90472b.MyHANAApp-db-deployer#flowable-async-job-executor-thread-10714#
[PollStageAppStatusExecution] ab6e6def-2a5d-4374-a5e1-6cd692beac58 [2026-06-04T18:50:31.171667] Updated app with guid ab6e6def-2a5d-4374-a5e1-6cd692beac58 ({"environment_variables"=>"[PRIVATE DATA HIDDEN]"}) (STDOUT, API)#
#2026 06 04 18:50:50.777#Z#DEBUG#2f425741-6046-11f1-aadc-eeee0a90472b.MyHANAApp-db-deployer#flowable-async-job-executor-thread-10714#
[PollStageAppStatusExecution] ab6e6def-2a5d-4374-a5e1-6cd692beac58 [2026-06-04T18:50:40.947071] Creating build for app with guid ab6e6def-2a5d-4374-a5e1-6cd692beac58 (STDOUT, API)#
#2026 06 04 18:50:50.777#Z#DEBUG#2f425741-6046-11f1-aadc-eeee0a90472b.MyHANAApp-db-deployer#flowable-async-job-executor-thread-10714#
[PollStageAppStatusExecution] ab6e6def-2a5d-4374-a5e1-6cd692beac58 [2026-06-04T18:50:41.374827] Downloading nodejs_buildpack... (STDOUT, STG)#
#2026 06 04 18:50:50.777#Z#DEBUG#2f425741-6046-11f1-aadc-eeee0a90472b.MyHANAApp-db-deployer#flowable-async-job-executor-thread-10714#
[PollStageAppStatusExecution] ab6e6def-2a5d-4374-a5e1-6cd692beac58 [2026-06-04T18:50:41.399995] Downloaded nodejs_buildpack (STDOUT, STG)#
#2026 06 04 18:50:50.777#Z#DEBUG#2f425741-6046-11f1-aadc-eeee0a90472b.MyHANAApp-db-deployer#flowable-async-job-executor-thread-10714#
[PollStageAppStatusExecution] ab6e6def-2a5d-4374-a5e1-6cd692beac58 [2026-06-04T18:50:41.400053] Cell 983d89bf-b927-4be3-8cbd-2cfb8a910841 creating container for instance 6d2b02b6-b2c1-4009-aa8d-7ba113b75d84 (STDOUT, STG)#
#2026 06 04 18:50:50.777#Z#DEBUG#2f425741-6046-11f1-aadc-eeee0a90472b.MyHANAApp-db-deployer#flowable-async-job-executor-thread-10714#
[PollStageAppStatusExecution] ab6e6def-2a5d-4374-a5e1-6cd692beac58 [2026-06-04T18:50:41.833205] Security group rules were updated (STDOUT, STG)#
#2026 06 04 18:50:50.777#Z#DEBUG#2f425741-6046-11f1-aadc-eeee0a90472b.MyHANAApp-db-deployer#flowable-async-job-executor-thread-10714#
[PollStageAppStatusExecution] ab6e6def-2a5d-4374-a5e1-6cd692beac58 [2026-06-04T18:50:41.901100] Cell 983d89bf-b927-4be3-8cbd-2cfb8a910841 successfully created container for instance 6d2b02b6-b2c1-4009-aa8d-7ba113b75d84 (STDOUT, STG)#
#2026 06 04 18:50:50.777#Z#DEBUG#2f425741-6046-11f1-aadc-eeee0a90472b.MyHANAApp-db-deployer#flowable-async-job-executor-thread-10714#
[PollStageAppStatusExecution] ab6e6def-2a5d-4374-a5e1-6cd692beac58 [2026-06-04T18:50:42.612967] Downloading app package... (STDOUT, STG)#
#2026 06 04 18:50:50.777#Z#DEBUG#2f425741-6046-11f1-aadc-eeee0a90472b.MyHANAApp-db-deployer#flowable-async-job-executor-thread-10714#
[PollStageAppStatusExecution] ab6e6def-2a5d-4374-a5e1-6cd692beac58 [2026-06-04T18:50:42.913428] Downloaded app package (2.6M) (STDOUT, STG)#
#2026 06 04 18:50:50.777#Z#DEBUG#2f425741-6046-11f1-aadc-eeee0a90472b.MyHANAApp-db-deployer#flowable-async-job-executor-thread-10714#
[PollStageAppStatusExecution] ab6e6def-2a5d-4374-a5e1-6cd692beac58 [2026-06-04T18:50:42.984344] -----> Nodejs Buildpack version 1.8.44 (STDOUT, STG)#
#2026 06 04 18:50:50.777#Z#DEBUG#2f425741-6046-11f1-aadc-eeee0a90472b.MyHANAApp-db-deployer#flowable-async-job-executor-thread-10714#
[PollStageAppStatusExecution] ab6e6def-2a5d-4374-a5e1-6cd692beac58 [2026-06-04T18:50:43.083031] -----> Bootstrapping python (STDOUT, STG)#
#2026 06 04 18:50:50.777#Z#DEBUG#2f425741-6046-11f1-aadc-eeee0a90472b.MyHANAApp-db-deployer#flowable-async-job-executor-thread-10714#
[PollStageAppStatusExecution] ab6e6def-2a5d-4374-a5e1-6cd692beac58 [2026-06-04T18:50:43.083060] -----> Installing python 3.11.14 (STDOUT, STG)#
#2026 06 04 18:50:50.777#Z#DEBUG#2f425741-6046-11f1-aadc-eeee0a90472b.MyHANAApp-db-deployer#flowable-async-job-executor-thread-10714#
[PollStageAppStatusExecution] ab6e6def-2a5d-4374-a5e1-6cd692beac58 [2026-06-04T18:50:43.083196] Copy [/tmp/buildpacks/f23f83ae4205ff63/dependencies/b5e0345ae0ae1932e7d56fffaa49a487/python_3.11.14_linux_x64_cflinuxfs4_66f53248.tgz] (STDOUT, STG)#
#2026 06 04 18:50:50.777#Z#DEBUG#2f425741-6046-11f1-aadc-eeee0a90472b.MyHANAApp-db-deployer#flowable-async-job-executor-thread-10714#
[PollStageAppStatusExecution] ab6e6def-2a5d-4374-a5e1-6cd692beac58 [2026-06-04T18:50:46.356720] -----> Installing binaries (STDOUT, STG)#
#2026 06 04 18:50:50.777#Z#DEBUG#2f425741-6046-11f1-aadc-eeee0a90472b.MyHANAApp-db-deployer#flowable-async-job-executor-thread-10714#
[PollStageAppStatusExecution] ab6e6def-2a5d-4374-a5e1-6cd692beac58 [2026-06-04T18:50:46.356901] engines.node (package.json): >=18 (STDOUT, STG)#
#2026 06 04 18:50:50.777#Z#DEBUG#2f425741-6046-11f1-aadc-eeee0a90472b.MyHANAApp-db-deployer#flowable-async-job-executor-thread-10714#
[PollStageAppStatusExecution] ab6e6def-2a5d-4374-a5e1-6cd692beac58 [2026-06-04T18:50:46.356926] engines.npm (package.json): unspecified (use default) (STDOUT, STG)#
#2026 06 04 18:50:50.777#Z#DEBUG#2f425741-6046-11f1-aadc-eeee0a90472b.MyHANAApp-db-deployer#flowable-async-job-executor-thread-10714#
[PollStageAppStatusExecution] ab6e6def-2a5d-4374-a5e1-6cd692beac58 [2026-06-04T18:50:46.356931] [31;1m**WARNING**[0m Dangerous semver range (>) in engines.node. See: http://docs.cloudfoundry.org/buildpacks/node/node-tips.html (STDOUT, STG)#
#2026 06 04 18:50:50.777#Z#DEBUG#2f425741-6046-11f1-aadc-eeee0a90472b.MyHANAApp-db-deployer#flowable-async-job-executor-thread-10714#
[PollStageAppStatusExecution] ab6e6def-2a5d-4374-a5e1-6cd692beac58 [2026-06-04T18:50:46.356944] -----> Installing node 24.13.0 (STDOUT, STG)#
#2026 06 04 18:50:50.777#Z#DEBUG#2f425741-6046-11f1-aadc-eeee0a90472b.MyHANAApp-db-deployer#flowable-async-job-executor-thread-10714#
[PollStageAppStatusExecution] ab6e6def-2a5d-4374-a5e1-6cd692beac58 [2026-06-04T18:50:46.357092] Copy [/tmp/buildpacks/f23f83ae4205ff63/dependencies/2f5692219fecc3eee6e6d507a6bfe7b9/node_24.13.0_linux_x64_cflinuxfs4_a816dee1.tgz] (STDOUT, STG)#
#2026 06 04 18:50:50.777#Z#DEBUG#2f425741-6046-11f1-aadc-eeee0a90472b.MyHANAApp-db-deployer#flowable-async-job-executor-thread-10714#
[PollStageAppStatusExecution] ab6e6def-2a5d-4374-a5e1-6cd692beac58 [2026-06-04T18:50:48.380646] Using default npm version: 11.6.2 (STDOUT, STG)#
#2026 06 04 18:50:50.777#Z#DEBUG#2f425741-6046-11f1-aadc-eeee0a90472b.MyHANAApp-db-deployer#flowable-async-job-executor-thread-10714#
[PollStageAppStatusExecution] ab6e6def-2a5d-4374-a5e1-6cd692beac58 [2026-06-04T18:50:48.380668] -----> Installing yarn 1.22.22 (STDOUT, STG)#
#2026 06 04 18:50:50.777#Z#DEBUG#2f425741-6046-11f1-aadc-eeee0a90472b.MyHANAApp-db-deployer#flowable-async-job-executor-thread-10714#
[PollStageAppStatusExecution] ab6e6def-2a5d-4374-a5e1-6cd692beac58 [2026-06-04T18:50:48.380681] Copy [/tmp/buildpacks/f23f83ae4205ff63/dependencies/e3a39aedd1236924d69cc2d0637a8ed2/yarn_1.22.22_linux_noarch_any-stack_4911d0a6.tgz] (STDOUT, STG)#
#2026 06 04 18:50:50.777#Z#DEBUG#2f425741-6046-11f1-aadc-eeee0a90472b.MyHANAApp-db-deployer#flowable-async-job-executor-thread-10714#
[PollStageAppStatusExecution] ab6e6def-2a5d-4374-a5e1-6cd692beac58 [2026-06-04T18:50:48.659628] Installed yarn 1.22.22 (STDOUT, STG)#
#2026 06 04 18:50:50.777#Z#DEBUG#2f425741-6046-11f1-aadc-eeee0a90472b.MyHANAApp-db-deployer#flowable-async-job-executor-thread-10714#
[PollStageAppStatusExecution] ab6e6def-2a5d-4374-a5e1-6cd692beac58 [2026-06-04T18:50:48.659649] -----> Creating runtime environment (STDOUT, STG)#
#2026 06 04 18:50:50.777#Z#DEBUG#2f425741-6046-11f1-aadc-eeee0a90472b.MyHANAApp-db-deployer#flowable-async-job-executor-thread-10714#
[PollStageAppStatusExecution] ab6e6def-2a5d-4374-a5e1-6cd692beac58 [2026-06-04T18:50:48.661180] NODE_ENV=production (STDOUT, STG)#
#2026 06 04 18:50:50.777#Z#DEBUG#2f425741-6046-11f1-aadc-eeee0a90472b.MyHANAApp-db-deployer#flowable-async-job-executor-thread-10714#
[PollStageAppStatusExecution] ab6e6def-2a5d-4374-a5e1-6cd692beac58 [2026-06-04T18:50:48.661195] NODE_HOME=/tmp/contents1908341163/deps/0/node (STDOUT, STG)#
#2026 06 04 18:50:50.777#Z#DEBUG#2f425741-6046-11f1-aadc-eeee0a90472b.MyHANAApp-db-deployer#flowable-async-job-executor-thread-10714#
[PollStageAppStatusExecution] ab6e6def-2a5d-4374-a5e1-6cd692beac58 [2026-06-04T18:50:48.661197] NODE_MODULES_CACHE=true (STDOUT, STG)#
#2026 06 04 18:50:50.777#Z#DEBUG#2f425741-6046-11f1-aadc-eeee0a90472b.MyHANAApp-db-deployer#flowable-async-job-executor-thread-10714#
[PollStageAppStatusExecution] ab6e6def-2a5d-4374-a5e1-6cd692beac58 [2026-06-04T18:50:48.661200] NODE_VERBOSE=false (STDOUT, STG)#
#2026 06 04 18:50:50.777#Z#DEBUG#2f425741-6046-11f1-aadc-eeee0a90472b.MyHANAApp-db-deployer#flowable-async-job-executor-thread-10714#
[PollStageAppStatusExecution] ab6e6def-2a5d-4374-a5e1-6cd692beac58 [2026-06-04T18:50:48.661202] NPM_CONFIG_LOGLEVEL=error (STDOUT, STG)#
#2026 06 04 18:50:50.777#Z#DEBUG#2f425741-6046-11f1-aadc-eeee0a90472b.MyHANAApp-db-deployer#flowable-async-job-executor-thread-10714#
[PollStageAppStatusExecution] ab6e6def-2a5d-4374-a5e1-6cd692beac58 [2026-06-04T18:50:48.661204] NPM_CONFIG_PRODUCTION=true (STDOUT, STG)#
#2026 06 04 18:50:50.777#Z#DEBUG#2f425741-6046-11f1-aadc-eeee0a90472b.MyHANAApp-db-deployer#flowable-async-job-executor-thread-10714#
[PollStageAppStatusExecution] ab6e6def-2a5d-4374-a5e1-6cd692beac58 [2026-06-04T18:50:48.661206] -----> Building dependencies (STDOUT, STG)#
#2026 06 04 18:50:50.777#Z#DEBUG#2f425741-6046-11f1-aadc-eeee0a90472b.MyHANAApp-db-deployer#flowable-async-job-executor-thread-10714#
[PollStageAppStatusExecution] ab6e6def-2a5d-4374-a5e1-6cd692beac58 [2026-06-04T18:50:48.661208] Prebuild detected (node_modules already exists) (STDOUT, STG)#
#2026 06 04 18:50:50.777#Z#DEBUG#2f425741-6046-11f1-aadc-eeee0a90472b.MyHANAApp-db-deployer#flowable-async-job-executor-thread-10714#
[PollStageAppStatusExecution] ab6e6def-2a5d-4374-a5e1-6cd692beac58 [2026-06-04T18:50:48.661217] Rebuilding any native modules (STDOUT, STG)#
#2026 06 04 18:50:50.777#Z#DEBUG#2f425741-6046-11f1-aadc-eeee0a90472b.MyHANAApp-db-deployer#flowable-async-job-executor-thread-10714#
[PollStageAppStatusExecution] ab6e6def-2a5d-4374-a5e1-6cd692beac58 [2026-06-04T18:50:49.118128] rebuilt dependencies successfully (STDOUT, STG)#
#2026 06 04 18:50:50.777#Z#DEBUG#2f425741-6046-11f1-aadc-eeee0a90472b.MyHANAApp-db-deployer#flowable-async-job-executor-thread-10714#
[PollStageAppStatusExecution] ab6e6def-2a5d-4374-a5e1-6cd692beac58 [2026-06-04T18:50:49.177707] Installing any new modules (package.json + package-lock.json) (STDOUT, STG)#
#2026 06 04 18:50:50.777#Z#DEBUG#2f425741-6046-11f1-aadc-eeee0a90472b.MyHANAApp-db-deployer#flowable-async-job-executor-thread-10714#
[PollStageAppStatusExecution] ab6e6def-2a5d-4374-a5e1-6cd692beac58 [2026-06-04T18:50:49.554367] up to date in 312ms (STDOUT, STG)#
#2026 06 04 18:50:50.777#Z#DEBUG#2f425741-6046-11f1-aadc-eeee0a90472b.MyHANAApp-db-deployer#flowable-async-job-executor-thread-10714#
[PollStageAppStatusExecution] ab6e6def-2a5d-4374-a5e1-6cd692beac58 [2026-06-04T18:50:49.554636] 4 packages are looking for funding (STDOUT, STG)#
#2026 06 04 18:50:50.777#Z#DEBUG#2f425741-6046-11f1-aadc-eeee0a90472b.MyHANAApp-db-deployer#flowable-async-job-executor-thread-10714#
[PollStageAppStatusExecution] ab6e6def-2a5d-4374-a5e1-6cd692beac58 [2026-06-04T18:50:49.554672] run `npm fund` for details (STDOUT, STG)#
#2026 06 04 18:50:50.777#Z#DEBUG#2f425741-6046-11f1-aadc-eeee0a90472b.MyHANAApp-db-deployer#flowable-async-job-executor-thread-10714#
[PollStageAppStatusExecution] ab6e6def-2a5d-4374-a5e1-6cd692beac58 [2026-06-04T18:50:50.018380] Contrast Security no credentials found. Will not write environment files. (STDOUT, STG)#
#2026 06 04 18:51:00.823#Z#DEBUG#2f425741-6046-11f1-aadc-eeee0a90472b.MyHANAApp-db-deployer#flowable-async-job-executor-thread-10720#
[PollStageAppStatusExecution] ab6e6def-2a5d-4374-a5e1-6cd692beac58 [2026-06-04T18:50:58.747848] Exit status 0 (STDOUT, STG)#
#2026 06 04 18:51:00.823#Z#DEBUG#2f425741-6046-11f1-aadc-eeee0a90472b.MyHANAApp-db-deployer#flowable-async-job-executor-thread-10720#
[PollStageAppStatusExecution] ab6e6def-2a5d-4374-a5e1-6cd692beac58 [2026-06-04T18:50:58.747883] Uploading droplet, build artifacts cache... (STDOUT, STG)#
#2026 06 04 18:51:00.823#Z#DEBUG#2f425741-6046-11f1-aadc-eeee0a90472b.MyHANAApp-db-deployer#flowable-async-job-executor-thread-10720#
[PollStageAppStatusExecution] ab6e6def-2a5d-4374-a5e1-6cd692beac58 [2026-06-04T18:50:58.747930] Uploading build artifacts cache... (STDOUT, STG)#
#2026 06 04 18:51:00.823#Z#DEBUG#2f425741-6046-11f1-aadc-eeee0a90472b.MyHANAApp-db-deployer#flowable-async-job-executor-thread-10720#
[PollStageAppStatusExecution] ab6e6def-2a5d-4374-a5e1-6cd692beac58 [2026-06-04T18:50:58.747934] Uploading droplet... (STDOUT, STG)#
#2026 06 04 18:51:00.823#Z#DEBUG#2f425741-6046-11f1-aadc-eeee0a90472b.MyHANAApp-db-deployer#flowable-async-job-executor-thread-10720#
[PollStageAppStatusExecution] ab6e6def-2a5d-4374-a5e1-6cd692beac58 [2026-06-04T18:50:58.766623] Uploaded build artifacts cache (220B) (STDOUT, STG)#
#2026 06 04 18:51:00.823#Z#DEBUG#2f425741-6046-11f1-aadc-eeee0a90472b.MyHANAApp-db-deployer#flowable-async-job-executor-thread-10720#
[PollStageAppStatusExecution] ab6e6def-2a5d-4374-a5e1-6cd692beac58 [2026-06-04T18:50:59.405336] Creating droplet for app with guid ab6e6def-2a5d-4374-a5e1-6cd692beac58 (STDOUT, API)#
#2026 06 04 18:51:10.832#Z#DEBUG#2f425741-6046-11f1-aadc-eeee0a90472b.MyHANAApp-db-deployer#flowable-async-job-executor-thread-10725#
[PollStageAppStatusExecution] ab6e6def-2a5d-4374-a5e1-6cd692beac58 [2026-06-04T18:51:01.485530] Uploaded droplet (58.6M) (STDOUT, STG)#
#2026 06 04 18:51:10.832#Z#DEBUG#2f425741-6046-11f1-aadc-eeee0a90472b.MyHANAApp-db-deployer#flowable-async-job-executor-thread-10725#
[PollStageAppStatusExecution] ab6e6def-2a5d-4374-a5e1-6cd692beac58 [2026-06-04T18:51:01.502600] Uploading complete (STDOUT, STG)#
#2026 06 04 18:51:10.832#Z#DEBUG#2f425741-6046-11f1-aadc-eeee0a90472b.MyHANAApp-db-deployer#flowable-async-job-executor-thread-10725#
[PollStageAppStatusExecution] ab6e6def-2a5d-4374-a5e1-6cd692beac58 [2026-06-04T18:51:02.075254] Cell 983d89bf-b927-4be3-8cbd-2cfb8a910841 stopping instance 6d2b02b6-b2c1-4009-aa8d-7ba113b75d84 (STDOUT, STG)#
#2026 06 04 18:51:10.832#Z#DEBUG#2f425741-6046-11f1-aadc-eeee0a90472b.MyHANAApp-db-deployer#flowable-async-job-executor-thread-10725#
[PollStageAppStatusExecution] ab6e6def-2a5d-4374-a5e1-6cd692beac58 [2026-06-04T18:51:02.075282] Cell 983d89bf-b927-4be3-8cbd-2cfb8a910841 destroying container for instance 6d2b02b6-b2c1-4009-aa8d-7ba113b75d84 (STDOUT, STG)#
#2026 06 04 18:51:10.832#Z#DEBUG#2f425741-6046-11f1-aadc-eeee0a90472b.MyHANAApp-db-deployer#flowable-async-job-executor-thread-10725#
[PollStageAppStatusExecution] ab6e6def-2a5d-4374-a5e1-6cd692beac58 [2026-06-04T18:51:02.141770] Staging complete for build 6d2b02b6-b2c1-4009-aa8d-7ba113b75d84 (STDOUT, API)#
#2026 06 04 18:51:10.832#Z#DEBUG#2f425741-6046-11f1-aadc-eeee0a90472b.MyHANAApp-db-deployer#flowable-async-job-executor-thread-10725#
[PollStageAppStatusExecution] ab6e6def-2a5d-4374-a5e1-6cd692beac58 [2026-06-04T18:51:03.884773] Cell 983d89bf-b927-4be3-8cbd-2cfb8a910841 successfully destroyed container for instance 6d2b02b6-b2c1-4009-aa8d-7ba113b75d84 (STDOUT, STG)#
#2026 06 04 18:51:20.878#Z#DEBUG#2f425741-6046-11f1-aadc-eeee0a90472b.MyHANAApp-db-deployer#flowable-async-job-executor-thread-9453#
[PollExecuteTaskStatusExecution] ab6e6def-2a5d-4374-a5e1-6cd692beac58 [2026-06-04T18:50:13.423246] Added process: "web" (STDOUT, API)#
#2026 06 04 18:51:20.878#Z#DEBUG#2f425741-6046-11f1-aadc-eeee0a90472b.MyHANAApp-db-deployer#flowable-async-job-executor-thread-9453#
[PollExecuteTaskStatusExecution] ab6e6def-2a5d-4374-a5e1-6cd692beac58 [2026-06-04T18:50:13.429230] Created app with guid ab6e6def-2a5d-4374-a5e1-6cd692beac58 (STDOUT, API)#
#2026 06 04 18:51:20.878#Z#DEBUG#2f425741-6046-11f1-aadc-eeee0a90472b.MyHANAApp-db-deployer#flowable-async-job-executor-thread-9453#
[PollExecuteTaskStatusExecution] ab6e6def-2a5d-4374-a5e1-6cd692beac58 [2026-06-04T18:50:13.537077] Updating process: "web" (STDOUT, API)#
#2026 06 04 18:51:20.878#Z#DEBUG#2f425741-6046-11f1-aadc-eeee0a90472b.MyHANAApp-db-deployer#flowable-async-job-executor-thread-9453#
[PollExecuteTaskStatusExecution] ab6e6def-2a5d-4374-a5e1-6cd692beac58 [2026-06-04T18:50:13.620583] Scaling process: "web" (STDOUT, API)#
#2026 06 04 18:51:20.878#Z#DEBUG#2f425741-6046-11f1-aadc-eeee0a90472b.MyHANAApp-db-deployer#flowable-async-job-executor-thread-9453#
[PollExecuteTaskStatusExecution] ab6e6def-2a5d-4374-a5e1-6cd692beac58 [2026-06-04T18:50:30.927693] Uploading app package for app with guid ab6e6def-2a5d-4374-a5e1-6cd692beac58 (STDOUT, API)#
#2026 06 04 18:51:20.878#Z#DEBUG#2f425741-6046-11f1-aadc-eeee0a90472b.MyHANAApp-db-deployer#flowable-async-job-executor-thread-9453#
[PollExecuteTaskStatusExecution] ab6e6def-2a5d-4374-a5e1-6cd692beac58 [2026-06-04T18:50:31.171667] Updated app with guid ab6e6def-2a5d-4374-a5e1-6cd692beac58 ({"environment_variables"=>"[PRIVATE DATA HIDDEN]"}) (STDOUT, API)#
#2026 06 04 18:51:20.878#Z#DEBUG#2f425741-6046-11f1-aadc-eeee0a90472b.MyHANAApp-db-deployer#flowable-async-job-executor-thread-9453#
[PollExecuteTaskStatusExecution] ab6e6def-2a5d-4374-a5e1-6cd692beac58 [2026-06-04T18:50:40.947071] Creating build for app with guid ab6e6def-2a5d-4374-a5e1-6cd692beac58 (STDOUT, API)#
#2026 06 04 18:51:20.878#Z#DEBUG#2f425741-6046-11f1-aadc-eeee0a90472b.MyHANAApp-db-deployer#flowable-async-job-executor-thread-9453#
[PollExecuteTaskStatusExecution] ab6e6def-2a5d-4374-a5e1-6cd692beac58 [2026-06-04T18:50:41.374827] Downloading nodejs_buildpack... (STDOUT, STG)#
#2026 06 04 18:51:20.878#Z#DEBUG#2f425741-6046-11f1-aadc-eeee0a90472b.MyHANAApp-db-deployer#flowable-async-job-executor-thread-9453#
[PollExecuteTaskStatusExecution] ab6e6def-2a5d-4374-a5e1-6cd692beac58 [2026-06-04T18:50:41.399995] Downloaded nodejs_buildpack (STDOUT, STG)#
#2026 06 04 18:51:20.878#Z#DEBUG#2f425741-6046-11f1-aadc-eeee0a90472b.MyHANAApp-db-deployer#flowable-async-job-executor-thread-9453#
[PollExecuteTaskStatusExecution] ab6e6def-2a5d-4374-a5e1-6cd692beac58 [2026-06-04T18:50:41.400053] Cell 983d89bf-b927-4be3-8cbd-2cfb8a910841 creating container for instance 6d2b02b6-b2c1-4009-aa8d-7ba113b75d84 (STDOUT, STG)#
#2026 06 04 18:51:20.878#Z#DEBUG#2f425741-6046-11f1-aadc-eeee0a90472b.MyHANAApp-db-deployer#flowable-async-job-executor-thread-9453#
[PollExecuteTaskStatusExecution] ab6e6def-2a5d-4374-a5e1-6cd692beac58 [2026-06-04T18:50:41.833205] Security group rules were updated (STDOUT, STG)#
#2026 06 04 18:51:20.878#Z#DEBUG#2f425741-6046-11f1-aadc-eeee0a90472b.MyHANAApp-db-deployer#flowable-async-job-executor-thread-9453#
[PollExecuteTaskStatusExecution] ab6e6def-2a5d-4374-a5e1-6cd692beac58 [2026-06-04T18:50:41.901100] Cell 983d89bf-b927-4be3-8cbd-2cfb8a910841 successfully created container for instance 6d2b02b6-b2c1-4009-aa8d-7ba113b75d84 (STDOUT, STG)#
#2026 06 04 18:51:20.878#Z#DEBUG#2f425741-6046-11f1-aadc-eeee0a90472b.MyHANAApp-db-deployer#flowable-async-job-executor-thread-9453#
[PollExecuteTaskStatusExecution] ab6e6def-2a5d-4374-a5e1-6cd692beac58 [2026-06-04T18:50:42.612967] Downloading app package... (STDOUT, STG)#
#2026 06 04 18:51:20.878#Z#DEBUG#2f425741-6046-11f1-aadc-eeee0a90472b.MyHANAApp-db-deployer#flowable-async-job-executor-thread-9453#
[PollExecuteTaskStatusExecution] ab6e6def-2a5d-4374-a5e1-6cd692beac58 [2026-06-04T18:50:42.913428] Downloaded app package (2.6M) (STDOUT, STG)#
#2026 06 04 18:51:20.879#Z#DEBUG#2f425741-6046-11f1-aadc-eeee0a90472b.MyHANAApp-db-deployer#flowable-async-job-executor-thread-9453#
[PollExecuteTaskStatusExecution] ab6e6def-2a5d-4374-a5e1-6cd692beac58 [2026-06-04T18:50:42.984344] -----> Nodejs Buildpack version 1.8.44 (STDOUT, STG)#
#2026 06 04 18:51:20.879#Z#DEBUG#2f425741-6046-11f1-aadc-eeee0a90472b.MyHANAApp-db-deployer#flowable-async-job-executor-thread-9453#
[PollExecuteTaskStatusExecution] ab6e6def-2a5d-4374-a5e1-6cd692beac58 [2026-06-04T18:50:43.083031] -----> Bootstrapping python (STDOUT, STG)#
#2026 06 04 18:51:20.879#Z#DEBUG#2f425741-6046-11f1-aadc-eeee0a90472b.MyHANAApp-db-deployer#flowable-async-job-executor-thread-9453#
[PollExecuteTaskStatusExecution] ab6e6def-2a5d-4374-a5e1-6cd692beac58 [2026-06-04T18:50:43.083060] -----> Installing python 3.11.14 (STDOUT, STG)#
#2026 06 04 18:51:20.879#Z#DEBUG#2f425741-6046-11f1-aadc-eeee0a90472b.MyHANAApp-db-deployer#flowable-async-job-executor-thread-9453#
[PollExecuteTaskStatusExecution] ab6e6def-2a5d-4374-a5e1-6cd692beac58 [2026-06-04T18:50:43.083196] Copy [/tmp/buildpacks/f23f83ae4205ff63/dependencies/b5e0345ae0ae1932e7d56fffaa49a487/python_3.11.14_linux_x64_cflinuxfs4_66f53248.tgz] (STDOUT, STG)#
#2026 06 04 18:51:20.879#Z#DEBUG#2f425741-6046-11f1-aadc-eeee0a90472b.MyHANAApp-db-deployer#flowable-async-job-executor-thread-9453#
[PollExecuteTaskStatusExecution] ab6e6def-2a5d-4374-a5e1-6cd692beac58 [2026-06-04T18:50:46.356720] -----> Installing binaries (STDOUT, STG)#
#2026 06 04 18:51:20.879#Z#DEBUG#2f425741-6046-11f1-aadc-eeee0a90472b.MyHANAApp-db-deployer#flowable-async-job-executor-thread-9453#
[PollExecuteTaskStatusExecution] ab6e6def-2a5d-4374-a5e1-6cd692beac58 [2026-06-04T18:50:46.356901] engines.node (package.json): >=18 (STDOUT, STG)#
#2026 06 04 18:51:20.879#Z#DEBUG#2f425741-6046-11f1-aadc-eeee0a90472b.MyHANAApp-db-deployer#flowable-async-job-executor-thread-9453#
[PollExecuteTaskStatusExecution] ab6e6def-2a5d-4374-a5e1-6cd692beac58 [2026-06-04T18:50:46.356926] engines.npm (package.json): unspecified (use default) (STDOUT, STG)#
#2026 06 04 18:51:20.879#Z#DEBUG#2f425741-6046-11f1-aadc-eeee0a90472b.MyHANAApp-db-deployer#flowable-async-job-executor-thread-9453#
[PollExecuteTaskStatusExecution] ab6e6def-2a5d-4374-a5e1-6cd692beac58 [2026-06-04T18:50:46.356931] [31;1m**WARNING**[0m Dangerous semver range (>) in engines.node. See: http://docs.cloudfoundry.org/buildpacks/node/node-tips.html (STDOUT, STG)#
#2026 06 04 18:51:20.879#Z#DEBUG#2f425741-6046-11f1-aadc-eeee0a90472b.MyHANAApp-db-deployer#flowable-async-job-executor-thread-9453#
[PollExecuteTaskStatusExecution] ab6e6def-2a5d-4374-a5e1-6cd692beac58 [2026-06-04T18:50:46.356944] -----> Installing node 24.13.0 (STDOUT, STG)#
#2026 06 04 18:51:20.879#Z#DEBUG#2f425741-6046-11f1-aadc-eeee0a90472b.MyHANAApp-db-deployer#flowable-async-job-executor-thread-9453#
[PollExecuteTaskStatusExecution] ab6e6def-2a5d-4374-a5e1-6cd692beac58 [2026-06-04T18:50:46.357092] Copy [/tmp/buildpacks/f23f83ae4205ff63/dependencies/2f5692219fecc3eee6e6d507a6bfe7b9/node_24.13.0_linux_x64_cflinuxfs4_a816dee1.tgz] (STDOUT, STG)#
#2026 06 04 18:51:20.879#Z#DEBUG#2f425741-6046-11f1-aadc-eeee0a90472b.MyHANAApp-db-deployer#flowable-async-job-executor-thread-9453#
[PollExecuteTaskStatusExecution] ab6e6def-2a5d-4374-a5e1-6cd692beac58 [2026-06-04T18:50:48.380646] Using default npm version: 11.6.2 (STDOUT, STG)#
#2026 06 04 18:51:20.879#Z#DEBUG#2f425741-6046-11f1-aadc-eeee0a90472b.MyHANAApp-db-deployer#flowable-async-job-executor-thread-9453#
[PollExecuteTaskStatusExecution] ab6e6def-2a5d-4374-a5e1-6cd692beac58 [2026-06-04T18:50:48.380668] -----> Installing yarn 1.22.22 (STDOUT, STG)#
#2026 06 04 18:51:20.879#Z#DEBUG#2f425741-6046-11f1-aadc-eeee0a90472b.MyHANAApp-db-deployer#flowable-async-job-executor-thread-9453#
[PollExecuteTaskStatusExecution] ab6e6def-2a5d-4374-a5e1-6cd692beac58 [2026-06-04T18:50:48.380681] Copy [/tmp/buildpacks/f23f83ae4205ff63/dependencies/e3a39aedd1236924d69cc2d0637a8ed2/yarn_1.22.22_linux_noarch_any-stack_4911d0a6.tgz] (STDOUT, STG)#
#2026 06 04 18:51:20.879#Z#DEBUG#2f425741-6046-11f1-aadc-eeee0a90472b.MyHANAApp-db-deployer#flowable-async-job-executor-thread-9453#
[PollExecuteTaskStatusExecution] ab6e6def-2a5d-4374-a5e1-6cd692beac58 [2026-06-04T18:50:48.659628] Installed yarn 1.22.22 (STDOUT, STG)#
#2026 06 04 18:51:20.879#Z#DEBUG#2f425741-6046-11f1-aadc-eeee0a90472b.MyHANAApp-db-deployer#flowable-async-job-executor-thread-9453#
[PollExecuteTaskStatusExecution] ab6e6def-2a5d-4374-a5e1-6cd692beac58 [2026-06-04T18:50:48.659649] -----> Creating runtime environment (STDOUT, STG)#
#2026 06 04 18:51:20.879#Z#DEBUG#2f425741-6046-11f1-aadc-eeee0a90472b.MyHANAApp-db-deployer#flowable-async-job-executor-thread-9453#
[PollExecuteTaskStatusExecution] ab6e6def-2a5d-4374-a5e1-6cd692beac58 [2026-06-04T18:50:48.661180] NODE_ENV=production (STDOUT, STG)#
#2026 06 04 18:51:20.879#Z#DEBUG#2f425741-6046-11f1-aadc-eeee0a90472b.MyHANAApp-db-deployer#flowable-async-job-executor-thread-9453#
[PollExecuteTaskStatusExecution] ab6e6def-2a5d-4374-a5e1-6cd692beac58 [2026-06-04T18:50:48.661195] NODE_HOME=/tmp/contents1908341163/deps/0/node (STDOUT, STG)#
#2026 06 04 18:51:20.879#Z#DEBUG#2f425741-6046-11f1-aadc-eeee0a90472b.MyHANAApp-db-deployer#flowable-async-job-executor-thread-9453#
[PollExecuteTaskStatusExecution] ab6e6def-2a5d-4374-a5e1-6cd692beac58 [2026-06-04T18:50:48.661197] NODE_MODULES_CACHE=true (STDOUT, STG)#
#2026 06 04 18:51:20.879#Z#DEBUG#2f425741-6046-11f1-aadc-eeee0a90472b.MyHANAApp-db-deployer#flowable-async-job-executor-thread-9453#
[PollExecuteTaskStatusExecution] ab6e6def-2a5d-4374-a5e1-6cd692beac58 [2026-06-04T18:50:48.661200] NODE_VERBOSE=false (STDOUT, STG)#
#2026 06 04 18:51:20.879#Z#DEBUG#2f425741-6046-11f1-aadc-eeee0a90472b.MyHANAApp-db-deployer#flowable-async-job-executor-thread-9453#
[PollExecuteTaskStatusExecution] ab6e6def-2a5d-4374-a5e1-6cd692beac58 [2026-06-04T18:50:48.661202] NPM_CONFIG_LOGLEVEL=error (STDOUT, STG)#
#2026 06 04 18:51:20.879#Z#DEBUG#2f425741-6046-11f1-aadc-eeee0a90472b.MyHANAApp-db-deployer#flowable-async-job-executor-thread-9453#
[PollExecuteTaskStatusExecution] ab6e6def-2a5d-4374-a5e1-6cd692beac58 [2026-06-04T18:50:48.661204] NPM_CONFIG_PRODUCTION=true (STDOUT, STG)#
#2026 06 04 18:51:20.879#Z#DEBUG#2f425741-6046-11f1-aadc-eeee0a90472b.MyHANAApp-db-deployer#flowable-async-job-executor-thread-9453#
[PollExecuteTaskStatusExecution] ab6e6def-2a5d-4374-a5e1-6cd692beac58 [2026-06-04T18:50:48.661206] -----> Building dependencies (STDOUT, STG)#
#2026 06 04 18:51:20.879#Z#DEBUG#2f425741-6046-11f1-aadc-eeee0a90472b.MyHANAApp-db-deployer#flowable-async-job-executor-thread-9453#
[PollExecuteTaskStatusExecution] ab6e6def-2a5d-4374-a5e1-6cd692beac58 [2026-06-04T18:50:48.661208] Prebuild detected (node_modules already exists) (STDOUT, STG)#
#2026 06 04 18:51:20.879#Z#DEBUG#2f425741-6046-11f1-aadc-eeee0a90472b.MyHANAApp-db-deployer#flowable-async-job-executor-thread-9453#
[PollExecuteTaskStatusExecution] ab6e6def-2a5d-4374-a5e1-6cd692beac58 [2026-06-04T18:50:48.661217] Rebuilding any native modules (STDOUT, STG)#
#2026 06 04 18:51:20.879#Z#DEBUG#2f425741-6046-11f1-aadc-eeee0a90472b.MyHANAApp-db-deployer#flowable-async-job-executor-thread-9453#
[PollExecuteTaskStatusExecution] ab6e6def-2a5d-4374-a5e1-6cd692beac58 [2026-06-04T18:50:49.118128] rebuilt dependencies successfully (STDOUT, STG)#
#2026 06 04 18:51:20.879#Z#DEBUG#2f425741-6046-11f1-aadc-eeee0a90472b.MyHANAApp-db-deployer#flowable-async-job-executor-thread-9453#
[PollExecuteTaskStatusExecution] ab6e6def-2a5d-4374-a5e1-6cd692beac58 [2026-06-04T18:50:49.177707] Installing any new modules (package.json + package-lock.json) (STDOUT, STG)#
#2026 06 04 18:51:20.879#Z#DEBUG#2f425741-6046-11f1-aadc-eeee0a90472b.MyHANAApp-db-deployer#flowable-async-job-executor-thread-9453#
[PollExecuteTaskStatusExecution] ab6e6def-2a5d-4374-a5e1-6cd692beac58 [2026-06-04T18:50:49.554367] up to date in 312ms (STDOUT, STG)#
#2026 06 04 18:51:20.879#Z#DEBUG#2f425741-6046-11f1-aadc-eeee0a90472b.MyHANAApp-db-deployer#flowable-async-job-executor-thread-9453#
[PollExecuteTaskStatusExecution] ab6e6def-2a5d-4374-a5e1-6cd692beac58 [2026-06-04T18:50:49.554636] 4 packages are looking for funding (STDOUT, STG)#
#2026 06 04 18:51:20.879#Z#DEBUG#2f425741-6046-11f1-aadc-eeee0a90472b.MyHANAApp-db-deployer#flowable-async-job-executor-thread-9453#
[PollExecuteTaskStatusExecution] ab6e6def-2a5d-4374-a5e1-6cd692beac58 [2026-06-04T18:50:49.554672] run `npm fund` for details (STDOUT, STG)#
#2026 06 04 18:51:20.879#Z#DEBUG#2f425741-6046-11f1-aadc-eeee0a90472b.MyHANAApp-db-deployer#flowable-async-job-executor-thread-9453#
[PollExecuteTaskStatusExecution] ab6e6def-2a5d-4374-a5e1-6cd692beac58 [2026-06-04T18:50:50.018380] Contrast Security no credentials found. Will not write environment files. (STDOUT, STG)#
#2026 06 04 18:51:20.879#Z#DEBUG#2f425741-6046-11f1-aadc-eeee0a90472b.MyHANAApp-db-deployer#flowable-async-job-executor-thread-9453#
[PollExecuteTaskStatusExecution] ab6e6def-2a5d-4374-a5e1-6cd692beac58 [2026-06-04T18:50:58.747848] Exit status 0 (STDOUT, STG)#
#2026 06 04 18:51:20.879#Z#DEBUG#2f425741-6046-11f1-aadc-eeee0a90472b.MyHANAApp-db-deployer#flowable-async-job-executor-thread-9453#
[PollExecuteTaskStatusExecution] ab6e6def-2a5d-4374-a5e1-6cd692beac58 [2026-06-04T18:50:58.747883] Uploading droplet, build artifacts cache... (STDOUT, STG)#
#2026 06 04 18:51:20.879#Z#DEBUG#2f425741-6046-11f1-aadc-eeee0a90472b.MyHANAApp-db-deployer#flowable-async-job-executor-thread-9453#
[PollExecuteTaskStatusExecution] ab6e6def-2a5d-4374-a5e1-6cd692beac58 [2026-06-04T18:50:58.747930] Uploading build artifacts cache... (STDOUT, STG)#
#2026 06 04 18:51:20.879#Z#DEBUG#2f425741-6046-11f1-aadc-eeee0a90472b.MyHANAApp-db-deployer#flowable-async-job-executor-thread-9453#
[PollExecuteTaskStatusExecution] ab6e6def-2a5d-4374-a5e1-6cd692beac58 [2026-06-04T18:50:58.747934] Uploading droplet... (STDOUT, STG)#
#2026 06 04 18:51:20.879#Z#DEBUG#2f425741-6046-11f1-aadc-eeee0a90472b.MyHANAApp-db-deployer#flowable-async-job-executor-thread-9453#
[PollExecuteTaskStatusExecution] ab6e6def-2a5d-4374-a5e1-6cd692beac58 [2026-06-04T18:50:58.766623] Uploaded build artifacts cache (220B) (STDOUT, STG)#
#2026 06 04 18:51:20.879#Z#DEBUG#2f425741-6046-11f1-aadc-eeee0a90472b.MyHANAApp-db-deployer#flowable-async-job-executor-thread-9453#
[PollExecuteTaskStatusExecution] ab6e6def-2a5d-4374-a5e1-6cd692beac58 [2026-06-04T18:50:59.405336] Creating droplet for app with guid ab6e6def-2a5d-4374-a5e1-6cd692beac58 (STDOUT, API)#
#2026 06 04 18:51:20.879#Z#DEBUG#2f425741-6046-11f1-aadc-eeee0a90472b.MyHANAApp-db-deployer#flowable-async-job-executor-thread-9453#
[PollExecuteTaskStatusExecution] ab6e6def-2a5d-4374-a5e1-6cd692beac58 [2026-06-04T18:51:01.485530] Uploaded droplet (58.6M) (STDOUT, STG)#
#2026 06 04 18:51:20.879#Z#DEBUG#2f425741-6046-11f1-aadc-eeee0a90472b.MyHANAApp-db-deployer#flowable-async-job-executor-thread-9453#
[PollExecuteTaskStatusExecution] ab6e6def-2a5d-4374-a5e1-6cd692beac58 [2026-06-04T18:51:01.502600] Uploading complete (STDOUT, STG)#
#2026 06 04 18:51:20.879#Z#DEBUG#2f425741-6046-11f1-aadc-eeee0a90472b.MyHANAApp-db-deployer#flowable-async-job-executor-thread-9453#
[PollExecuteTaskStatusExecution] ab6e6def-2a5d-4374-a5e1-6cd692beac58 [2026-06-04T18:51:02.075254] Cell 983d89bf-b927-4be3-8cbd-2cfb8a910841 stopping instance 6d2b02b6-b2c1-4009-aa8d-7ba113b75d84 (STDOUT, STG)#
#2026 06 04 18:51:20.879#Z#DEBUG#2f425741-6046-11f1-aadc-eeee0a90472b.MyHANAApp-db-deployer#flowable-async-job-executor-thread-9453#
[PollExecuteTaskStatusExecution] ab6e6def-2a5d-4374-a5e1-6cd692beac58 [2026-06-04T18:51:02.075282] Cell 983d89bf-b927-4be3-8cbd-2cfb8a910841 destroying container for instance 6d2b02b6-b2c1-4009-aa8d-7ba113b75d84 (STDOUT, STG)#
#2026 06 04 18:51:20.879#Z#DEBUG#2f425741-6046-11f1-aadc-eeee0a90472b.MyHANAApp-db-deployer#flowable-async-job-executor-thread-9453#
[PollExecuteTaskStatusExecution] ab6e6def-2a5d-4374-a5e1-6cd692beac58 [2026-06-04T18:51:02.141770] Staging complete for build 6d2b02b6-b2c1-4009-aa8d-7ba113b75d84 (STDOUT, API)#
#2026 06 04 18:51:20.879#Z#DEBUG#2f425741-6046-11f1-aadc-eeee0a90472b.MyHANAApp-db-deployer#flowable-async-job-executor-thread-9453#
[PollExecuteTaskStatusExecution] ab6e6def-2a5d-4374-a5e1-6cd692beac58 [2026-06-04T18:51:03.884773] Cell 983d89bf-b927-4be3-8cbd-2cfb8a910841 successfully destroyed container for instance 6d2b02b6-b2c1-4009-aa8d-7ba113b75d84 (STDOUT, STG)#
#2026 06 04 18:51:20.879#Z#DEBUG#2f425741-6046-11f1-aadc-eeee0a90472b.MyHANAApp-db-deployer#flowable-async-job-executor-thread-9453#
[PollExecuteTaskStatusExecution] ab6e6def-2a5d-4374-a5e1-6cd692beac58 [2026-06-04T18:51:10.889188] Updated app with guid ab6e6def-2a5d-4374-a5e1-6cd692beac58 ({:droplet_guid=>"f2024f4b-076b-4099-8118-0242a9bd7745"}) (STDOUT, API)#
#2026 06 04 18:51:20.879#Z#DEBUG#2f425741-6046-11f1-aadc-eeee0a90472b.MyHANAApp-db-deployer#flowable-async-job-executor-thread-9453#
[PollExecuteTaskStatusExecution] ab6e6def-2a5d-4374-a5e1-6cd692beac58 [2026-06-04T18:51:11.530625] Cell 983d89bf-b927-4be3-8cbd-2cfb8a910841 creating container for instance cea05479-aaa5-4efc-8e08-c682a14f61da (STDOUT, CELL)#
#2026 06 04 18:51:20.879#Z#DEBUG#2f425741-6046-11f1-aadc-eeee0a90472b.MyHANAApp-db-deployer#flowable-async-job-executor-thread-9453#
[PollExecuteTaskStatusExecution] ab6e6def-2a5d-4374-a5e1-6cd692beac58 [2026-06-04T18:51:11.948189] Security group rules were updated (STDOUT, CELL)#
#2026 06 04 18:51:20.879#Z#DEBUG#2f425741-6046-11f1-aadc-eeee0a90472b.MyHANAApp-db-deployer#flowable-async-job-executor-thread-9453#
[PollExecuteTaskStatusExecution] ab6e6def-2a5d-4374-a5e1-6cd692beac58 [2026-06-04T18:51:12.017361] Cell 983d89bf-b927-4be3-8cbd-2cfb8a910841 successfully created container for instance cea05479-aaa5-4efc-8e08-c682a14f61da (STDOUT, CELL)#
#2026 06 04 18:51:20.879#Z#DEBUG#2f425741-6046-11f1-aadc-eeee0a90472b.MyHANAApp-db-deployer#flowable-async-job-executor-thread-9453#
[PollExecuteTaskStatusExecution] ab6e6def-2a5d-4374-a5e1-6cd692beac58 [2026-06-04T18:51:15.914413] Invoking pre-start scripts. (STDOUT, APP/TASK/deploy)#
#2026 06 04 18:51:20.879#Z#DEBUG#2f425741-6046-11f1-aadc-eeee0a90472b.MyHANAApp-db-deployer#flowable-async-job-executor-thread-9453#
[PollExecuteTaskStatusExecution] ab6e6def-2a5d-4374-a5e1-6cd692beac58 [2026-06-04T18:51:16.064888] Invoking start command. (STDOUT, APP/TASK/deploy)#
#2026 06 04 18:51:20.879#Z#DEBUG#2f425741-6046-11f1-aadc-eeee0a90472b.MyHANAApp-db-deployer#flowable-async-job-executor-thread-9453#
[PollExecuteTaskStatusExecution] ab6e6def-2a5d-4374-a5e1-6cd692beac58 [2026-06-04T18:51:16.405586] > start (STDOUT, APP/TASK/deploy)#
#2026 06 04 18:51:20.879#Z#DEBUG#2f425741-6046-11f1-aadc-eeee0a90472b.MyHANAApp-db-deployer#flowable-async-job-executor-thread-9453#
[PollExecuteTaskStatusExecution] ab6e6def-2a5d-4374-a5e1-6cd692beac58 [2026-06-04T18:51:16.405605] > node node_modules/@sap/hdi-deploy/deploy.js --use-hdb --parameter com.sap.hana.di.table/try_fast_table_migration=true (STDOUT, APP/TASK/deploy)#
#2026 06 04 18:51:20.879#Z#DEBUG#2f425741-6046-11f1-aadc-eeee0a90472b.MyHANAApp-db-deployer#flowable-async-job-executor-thread-9453#
[PollExecuteTaskStatusExecution] ab6e6def-2a5d-4374-a5e1-6cd692beac58 [2026-06-04T18:51:16.520555] VCAP_SERVICES: (STDOUT, APP/TASK/deploy)#
#2026 06 04 18:51:20.879#Z#DEBUG#2f425741-6046-11f1-aadc-eeee0a90472b.MyHANAApp-db-deployer#flowable-async-job-executor-thread-9453#
[PollExecuteTaskStatusExecution] ab6e6def-2a5d-4374-a5e1-6cd692beac58 [2026-06-04T18:51:16.520794] { (STDOUT, APP/TASK/deploy)#
#2026 06 04 18:51:20.879#Z#DEBUG#2f425741-6046-11f1-aadc-eeee0a90472b.MyHANAApp-db-deployer#flowable-async-job-executor-thread-9453#
[PollExecuteTaskStatusExecution] ab6e6def-2a5d-4374-a5e1-6cd692beac58 [2026-06-04T18:51:16.520813] "hana": [ (STDOUT, APP/TASK/deploy)#
#2026 06 04 18:51:20.879#Z#DEBUG#2f425741-6046-11f1-aadc-eeee0a90472b.MyHANAApp-db-deployer#flowable-async-job-executor-thread-9453#
[PollExecuteTaskStatusExecution] ab6e6def-2a5d-4374-a5e1-6cd692beac58 [2026-06-04T18:51:16.520816] { (STDOUT, APP/TASK/deploy)#
#2026 06 04 18:51:20.879#Z#DEBUG#2f425741-6046-11f1-aadc-eeee0a90472b.MyHANAApp-db-deployer#flowable-async-job-executor-thread-9453#
[PollExecuteTaskStatusExecution] ab6e6def-2a5d-4374-a5e1-6cd692beac58 [2026-06-04T18:51:16.520824] "name": "MyHANAApp-db", (STDOUT, APP/TASK/deploy)#
#2026 06 04 18:51:20.879#Z#DEBUG#2f425741-6046-11f1-aadc-eeee0a90472b.MyHANAApp-db-deployer#flowable-async-job-executor-thread-9453#
[PollExecuteTaskStatusExecution] ab6e6def-2a5d-4374-a5e1-6cd692beac58 [2026-06-04T18:51:16.520827] "label": "hana", (STDOUT, APP/TASK/deploy)#
#2026 06 04 18:51:20.879#Z#DEBUG#2f425741-6046-11f1-aadc-eeee0a90472b.MyHANAApp-db-deployer#flowable-async-job-executor-thread-9453#
[PollExecuteTaskStatusExecution] ab6e6def-2a5d-4374-a5e1-6cd692beac58 [2026-06-04T18:51:16.520829] "plan": "hdi-shared", (STDOUT, APP/TASK/deploy)#
#2026 06 04 18:51:20.879#Z#DEBUG#2f425741-6046-11f1-aadc-eeee0a90472b.MyHANAApp-db-deployer#flowable-async-job-executor-thread-9453#
[PollExecuteTaskStatusExecution] ab6e6def-2a5d-4374-a5e1-6cd692beac58 [2026-06-04T18:51:16.520831] "credentials": { (STDOUT, APP/TASK/deploy)#
#2026 06 04 18:51:20.879#Z#DEBUG#2f425741-6046-11f1-aadc-eeee0a90472b.MyHANAApp-db-deployer#flowable-async-job-executor-thread-9453#
[PollExecuteTaskStatusExecution] ab6e6def-2a5d-4374-a5e1-6cd692beac58 [2026-06-04T18:51:16.520833] "schema": "8A1159B8C50C4207B213785D112715A8", (STDOUT, APP/TASK/deploy)#
#2026 06 04 18:51:20.879#Z#DEBUG#2f425741-6046-11f1-aadc-eeee0a90472b.MyHANAApp-db-deployer#flowable-async-job-executor-thread-9453#
[PollExecuteTaskStatusExecution] ab6e6def-2a5d-4374-a5e1-6cd692beac58 [2026-06-04T18:51:16.520835] "database_id": "3a7ef18c-a942-4a3a-9774-6e749eef5f6c", (STDOUT, APP/TASK/deploy)#
#2026 06 04 18:51:20.879#Z#DEBUG#2f425741-6046-11f1-aadc-eeee0a90472b.MyHANAApp-db-deployer#flowable-async-job-executor-thread-9453#
[PollExecuteTaskStatusExecution] ab6e6def-2a5d-4374-a5e1-6cd692beac58 [2026-06-04T18:51:16.520837] "user": "8A1159B8C50C4207B213785D112715A8_00H2E6A9704Q7Y9SRT19UCZST_RT", (STDOUT, APP/TASK/deploy)#
#2026 06 04 18:51:20.879#Z#DEBUG#2f425741-6046-11f1-aadc-eeee0a90472b.MyHANAApp-db-deployer#flowable-async-job-executor-thread-9453#
[PollExecuteTaskStatusExecution] ab6e6def-2a5d-4374-a5e1-6cd692beac58 [2026-06-04T18:51:16.520839] "hdi_user": "8A1159B8C50C4207B213785D112715A8_00H2E6A9704Q7Y9SRT19UCZST_DT" (STDOUT, APP/TASK/deploy)#
#2026 06 04 18:51:20.879#Z#DEBUG#2f425741-6046-11f1-aadc-eeee0a90472b.MyHANAApp-db-deployer#flowable-async-job-executor-thread-9453#
[PollExecuteTaskStatusExecution] ab6e6def-2a5d-4374-a5e1-6cd692beac58 [2026-06-04T18:51:16.520841] }, (STDOUT, APP/TASK/deploy)#
#2026 06 04 18:51:20.879#Z#DEBUG#2f425741-6046-11f1-aadc-eeee0a90472b.MyHANAApp-db-deployer#flowable-async-job-executor-thread-9453#
[PollExecuteTaskStatusExecution] ab6e6def-2a5d-4374-a5e1-6cd692beac58 [2026-06-04T18:51:16.520844] "tags": [ (STDOUT, APP/TASK/deploy)#
#2026 06 04 18:51:20.879#Z#DEBUG#2f425741-6046-11f1-aadc-eeee0a90472b.MyHANAApp-db-deployer#flowable-async-job-executor-thread-9453#
[PollExecuteTaskStatusExecution] ab6e6def-2a5d-4374-a5e1-6cd692beac58 [2026-06-04T18:51:16.520846] "hana", (STDOUT, APP/TASK/deploy)#
#2026 06 04 18:51:20.879#Z#DEBUG#2f425741-6046-11f1-aadc-eeee0a90472b.MyHANAApp-db-deployer#flowable-async-job-executor-thread-9453#
[PollExecuteTaskStatusExecution] ab6e6def-2a5d-4374-a5e1-6cd692beac58 [2026-06-04T18:51:16.520849] "database", (STDOUT, APP/TASK/deploy)#
#2026 06 04 18:51:20.879#Z#DEBUG#2f425741-6046-11f1-aadc-eeee0a90472b.MyHANAApp-db-deployer#flowable-async-job-executor-thread-9453#
[PollExecuteTaskStatusExecution] ab6e6def-2a5d-4374-a5e1-6cd692beac58 [2026-06-04T18:51:16.520851] "relational" (STDOUT, APP/TASK/deploy)#
#2026 06 04 18:51:20.879#Z#DEBUG#2f425741-6046-11f1-aadc-eeee0a90472b.MyHANAApp-db-deployer#flowable-async-job-executor-thread-9453#
[PollExecuteTaskStatusExecution] ab6e6def-2a5d-4374-a5e1-6cd692beac58 [2026-06-04T18:51:16.520852] ] (STDOUT, APP/TASK/deploy)#
#2026 06 04 18:51:20.879#Z#DEBUG#2f425741-6046-11f1-aadc-eeee0a90472b.MyHANAApp-db-deployer#flowable-async-job-executor-thread-9453#
[PollExecuteTaskStatusExecution] ab6e6def-2a5d-4374-a5e1-6cd692beac58 [2026-06-04T18:51:16.520854] } (STDOUT, APP/TASK/deploy)#
#2026 06 04 18:51:20.879#Z#DEBUG#2f425741-6046-11f1-aadc-eeee0a90472b.MyHANAApp-db-deployer#flowable-async-job-executor-thread-9453#
[PollExecuteTaskStatusExecution] ab6e6def-2a5d-4374-a5e1-6cd692beac58 [2026-06-04T18:51:16.520856] ] (STDOUT, APP/TASK/deploy)#
#2026 06 04 18:51:20.879#Z#DEBUG#2f425741-6046-11f1-aadc-eeee0a90472b.MyHANAApp-db-deployer#flowable-async-job-executor-thread-9453#
[PollExecuteTaskStatusExecution] ab6e6def-2a5d-4374-a5e1-6cd692beac58 [2026-06-04T18:51:16.520857] } (STDOUT, APP/TASK/deploy)#
#2026 06 04 18:51:20.879#Z#DEBUG#2f425741-6046-11f1-aadc-eeee0a90472b.MyHANAApp-db-deployer#flowable-async-job-executor-thread-9453#
[PollExecuteTaskStatusExecution] ab6e6def-2a5d-4374-a5e1-6cd692beac58 [2026-06-04T18:51:16.965470] @sap/hdi-deploy, version 5.6.1 (mode default), server version 4.00.000.00.1778570724 (4.0.0.0), cloud version 2025.40.26, node version 24.13.0, HDI version 1016, container API version 1007 (STDOUT, APP/TASK/deploy)#
#2026 06 04 18:51:20.879#Z#DEBUG#2f425741-6046-11f1-aadc-eeee0a90472b.MyHANAApp-db-deployer#flowable-async-job-executor-thread-9453#
[PollExecuteTaskStatusExecution] ab6e6def-2a5d-4374-a5e1-6cd692beac58 [2026-06-04T18:51:16.965692] Deployment started at 2026-06-04 18:51:16 (STDOUT, APP/TASK/deploy)#
#2026 06 04 18:51:20.879#Z#DEBUG#2f425741-6046-11f1-aadc-eeee0a90472b.MyHANAApp-db-deployer#flowable-async-job-executor-thread-9453#
[PollExecuteTaskStatusExecution] ab6e6def-2a5d-4374-a5e1-6cd692beac58 [2026-06-04T18:51:16.965922] Using hdb@2.27.1 for connection (STDOUT, APP/TASK/deploy)#
#2026 06 04 18:51:20.879#Z#DEBUG#2f425741-6046-11f1-aadc-eeee0a90472b.MyHANAApp-db-deployer#flowable-async-job-executor-thread-9453#
[PollExecuteTaskStatusExecution] ab6e6def-2a5d-4374-a5e1-6cd692beac58 [2026-06-04T18:51:16.982880] No ignore file at /home/vcap/app/.hdiignore. (STDOUT, APP/TASK/deploy)#
#2026 06 04 18:51:20.879#Z#DEBUG#2f425741-6046-11f1-aadc-eeee0a90472b.MyHANAApp-db-deployer#flowable-async-job-executor-thread-9453#
[PollExecuteTaskStatusExecution] ab6e6def-2a5d-4374-a5e1-6cd692beac58 [2026-06-04T18:51:16.983234] Collecting files... (STDOUT, APP/TASK/deploy)#
#2026 06 04 18:51:20.879#Z#DEBUG#2f425741-6046-11f1-aadc-eeee0a90472b.MyHANAApp-db-deployer#flowable-async-job-executor-thread-9453#
[PollExecuteTaskStatusExecution] ab6e6def-2a5d-4374-a5e1-6cd692beac58 [2026-06-04T18:51:16.991941] Collecting files... ok (0s 9ms) (STDOUT, APP/TASK/deploy)#
#2026 06 04 18:51:20.879#Z#DEBUG#2f425741-6046-11f1-aadc-eeee0a90472b.MyHANAApp-db-deployer#flowable-async-job-executor-thread-9453#
[PollExecuteTaskStatusExecution] ab6e6def-2a5d-4374-a5e1-6cd692beac58 [2026-06-04T18:51:16.991953] 3 directories collected (STDOUT, APP/TASK/deploy)#
#2026 06 04 18:51:20.879#Z#DEBUG#2f425741-6046-11f1-aadc-eeee0a90472b.MyHANAApp-db-deployer#flowable-async-job-executor-thread-9453#
[PollExecuteTaskStatusExecution] ab6e6def-2a5d-4374-a5e1-6cd692beac58 [2026-06-04T18:51:16.991962] 250 files collected (STDOUT, APP/TASK/deploy)#
#2026 06 04 18:51:20.879#Z#DEBUG#2f425741-6046-11f1-aadc-eeee0a90472b.MyHANAApp-db-deployer#flowable-async-job-executor-thread-9453#
[PollExecuteTaskStatusExecution] ab6e6def-2a5d-4374-a5e1-6cd692beac58 [2026-06-04T18:51:16.991965] 0 reusable modules collected (STDOUT, APP/TASK/deploy)#
#2026 06 04 18:51:20.879#Z#DEBUG#2f425741-6046-11f1-aadc-eeee0a90472b.MyHANAApp-db-deployer#flowable-async-job-executor-thread-9453#
[PollExecuteTaskStatusExecution] ab6e6def-2a5d-4374-a5e1-6cd692beac58 [2026-06-04T18:51:16.992028] Target service: MyHANAApp-db (STDOUT, APP/TASK/deploy)#
#2026 06 04 18:51:20.879#Z#DEBUG#2f425741-6046-11f1-aadc-eeee0a90472b.MyHANAApp-db-deployer#flowable-async-job-executor-thread-9453#
[PollExecuteTaskStatusExecution] ab6e6def-2a5d-4374-a5e1-6cd692beac58 [2026-06-04T18:51:17.176920] Previous build with request ID 2827 finished at 2026-06-04T15:15:42.098 with status Rolled back and message: Starting make in the container "8A1159B8C50C4207B213785D112715A8" with 0 files to deploy, 0 files to undeploy... ok. (STDOUT, APP/TASK/deploy)#
#2026 06 04 18:51:20.879#Z#DEBUG#2f425741-6046-11f1-aadc-eeee0a90472b.MyHANAApp-db-deployer#flowable-async-job-executor-thread-9453#
[PollExecuteTaskStatusExecution] ab6e6def-2a5d-4374-a5e1-6cd692beac58 [2026-06-04T18:51:17.176954] Processing revoke files... (STDOUT, APP/TASK/deploy)#
#2026 06 04 18:51:20.879#Z#DEBUG#2f425741-6046-11f1-aadc-eeee0a90472b.MyHANAApp-db-deployer#flowable-async-job-executor-thread-9453#
[PollExecuteTaskStatusExecution] ab6e6def-2a5d-4374-a5e1-6cd692beac58 [2026-06-04T18:51:17.177116] Processing revoke files... ok (0s 0ms) (STDOUT, APP/TASK/deploy)#
#2026 06 04 18:51:20.879#Z#DEBUG#2f425741-6046-11f1-aadc-eeee0a90472b.MyHANAApp-db-deployer#flowable-async-job-executor-thread-9453#
[PollExecuteTaskStatusExecution] ab6e6def-2a5d-4374-a5e1-6cd692beac58 [2026-06-04T18:51:17.177184] Processing grants files... (STDOUT, APP/TASK/deploy)#
#2026 06 04 18:51:20.879#Z#DEBUG#2f425741-6046-11f1-aadc-eeee0a90472b.MyHANAApp-db-deployer#flowable-async-job-executor-thread-9453#
[PollExecuteTaskStatusExecution] ab6e6def-2a5d-4374-a5e1-6cd692beac58 [2026-06-04T18:51:17.177238] Processing grants files... ok (0s 0ms) (STDOUT, APP/TASK/deploy)#
#2026 06 04 18:51:20.879#Z#DEBUG#2f425741-6046-11f1-aadc-eeee0a90472b.MyHANAApp-db-deployer#flowable-async-job-executor-thread-9453#
[PollExecuteTaskStatusExecution] ab6e6def-2a5d-4374-a5e1-6cd692beac58 [2026-06-04T18:51:17.179235] Preprocessing files... (STDOUT, APP/TASK/deploy)#
#2026 06 04 18:51:20.879#Z#DEBUG#2f425741-6046-11f1-aadc-eeee0a90472b.MyHANAApp-db-deployer#flowable-async-job-executor-thread-9453#
[PollExecuteTaskStatusExecution] ab6e6def-2a5d-4374-a5e1-6cd692beac58 [2026-06-04T18:51:17.179418] Preprocessing files... ok (0s 0ms) (STDOUT, APP/TASK/deploy)#
#2026 06 04 18:51:20.879#Z#DEBUG#2f425741-6046-11f1-aadc-eeee0a90472b.MyHANAApp-db-deployer#flowable-async-job-executor-thread-9453#
[PollExecuteTaskStatusExecution] ab6e6def-2a5d-4374-a5e1-6cd692beac58 [2026-06-04T18:51:17.179502] Connecting to the container "8A1159B8C50C4207B213785D112715A8"... (STDOUT, APP/TASK/deploy)#
#2026 06 04 18:51:20.879#Z#DEBUG#2f425741-6046-11f1-aadc-eeee0a90472b.MyHANAApp-db-deployer#flowable-async-job-executor-thread-9453#
[PollExecuteTaskStatusExecution] ab6e6def-2a5d-4374-a5e1-6cd692beac58 [2026-06-04T18:51:17.241048] Connecting to the container "8A1159B8C50C4207B213785D112715A8"... ok (0s 61ms) (STDOUT, APP/TASK/deploy)#
#2026 06 04 18:51:20.879#Z#DEBUG#2f425741-6046-11f1-aadc-eeee0a90472b.MyHANAApp-db-deployer#flowable-async-job-executor-thread-9453#
[PollExecuteTaskStatusExecution] ab6e6def-2a5d-4374-a5e1-6cd692beac58 [2026-06-04T18:51:17.241065] Locking the container "8A1159B8C50C4207B213785D112715A8"... (STDOUT, APP/TASK/deploy)#
#2026 06 04 18:51:20.879#Z#DEBUG#2f425741-6046-11f1-aadc-eeee0a90472b.MyHANAApp-db-deployer#flowable-async-job-executor-thread-9453#
[PollExecuteTaskStatusExecution] ab6e6def-2a5d-4374-a5e1-6cd692beac58 [2026-06-04T18:51:17.413648] Locking the container "8A1159B8C50C4207B213785D112715A8"... ok (0s 173ms) (STDOUT, APP/TASK/deploy)#
#2026 06 04 18:51:20.879#Z#DEBUG#2f425741-6046-11f1-aadc-eeee0a90472b.MyHANAApp-db-deployer#flowable-async-job-executor-thread-9453#
[PollExecuteTaskStatusExecution] ab6e6def-2a5d-4374-a5e1-6cd692beac58 [2026-06-04T18:51:17.413681] Synchronizing files with the container "8A1159B8C50C4207B213785D112715A8"... (STDOUT, APP/TASK/deploy)#
#2026 06 04 18:51:20.879#Z#DEBUG#2f425741-6046-11f1-aadc-eeee0a90472b.MyHANAApp-db-deployer#flowable-async-job-executor-thread-9453#
[PollExecuteTaskStatusExecution] ab6e6def-2a5d-4374-a5e1-6cd692beac58 [2026-06-04T18:51:17.733911] Deleting files... (STDOUT, APP/TASK/deploy)#
#2026 06 04 18:51:20.879#Z#DEBUG#2f425741-6046-11f1-aadc-eeee0a90472b.MyHANAApp-db-deployer#flowable-async-job-executor-thread-9453#
[PollExecuteTaskStatusExecution] ab6e6def-2a5d-4374-a5e1-6cd692beac58 [2026-06-04T18:51:17.858224] Deleting files... ok (STDOUT, APP/TASK/deploy)#
#2026 06 04 18:51:20.879#Z#DEBUG#2f425741-6046-11f1-aadc-eeee0a90472b.MyHANAApp-db-deployer#flowable-async-job-executor-thread-9453#
[PollExecuteTaskStatusExecution] ab6e6def-2a5d-4374-a5e1-6cd692beac58 [2026-06-04T18:51:17.858246] Writing files... (STDOUT, APP/TASK/deploy)#
#2026 06 04 18:51:20.879#Z#DEBUG#2f425741-6046-11f1-aadc-eeee0a90472b.MyHANAApp-db-deployer#flowable-async-job-executor-thread-9453#
[PollExecuteTaskStatusExecution] ab6e6def-2a5d-4374-a5e1-6cd692beac58 [2026-06-04T18:51:17.858471] Writing 3 items (STDOUT, APP/TASK/deploy)#
#2026 06 04 18:51:20.879#Z#DEBUG#2f425741-6046-11f1-aadc-eeee0a90472b.MyHANAApp-db-deployer#flowable-async-job-executor-thread-9453#
[PollExecuteTaskStatusExecution] ab6e6def-2a5d-4374-a5e1-6cd692beac58 [2026-06-04T18:51:17.998723] Writing files... ok (STDOUT, APP/TASK/deploy)#
#2026 06 04 18:51:20.879#Z#DEBUG#2f425741-6046-11f1-aadc-eeee0a90472b.MyHANAApp-db-deployer#flowable-async-job-executor-thread-9453#
[PollExecuteTaskStatusExecution] ab6e6def-2a5d-4374-a5e1-6cd692beac58 [2026-06-04T18:51:17.998742] Synchronizing files with the container "8A1159B8C50C4207B213785D112715A8"... ok (0s 585ms) (STDOUT, APP/TASK/deploy)#
#2026 06 04 18:51:20.879#Z#DEBUG#2f425741-6046-11f1-aadc-eeee0a90472b.MyHANAApp-db-deployer#flowable-async-job-executor-thread-9453#
[PollExecuteTaskStatusExecution] ab6e6def-2a5d-4374-a5e1-6cd692beac58 [2026-06-04T18:51:17.999043] added files: [] (STDOUT, APP/TASK/deploy)#
#2026 06 04 18:51:20.879#Z#DEBUG#2f425741-6046-11f1-aadc-eeee0a90472b.MyHANAApp-db-deployer#flowable-async-job-executor-thread-9453#
[PollExecuteTaskStatusExecution] ab6e6def-2a5d-4374-a5e1-6cd692beac58 [2026-06-04T18:51:17.999053] modified files: [] (STDOUT, APP/TASK/deploy)#
#2026 06 04 18:51:20.879#Z#DEBUG#2f425741-6046-11f1-aadc-eeee0a90472b.MyHANAApp-db-deployer#flowable-async-job-executor-thread-9453#
[PollExecuteTaskStatusExecution] ab6e6def-2a5d-4374-a5e1-6cd692beac58 [2026-06-04T18:51:17.999055] deleted files: [] (STDOUT, APP/TASK/deploy)#
#2026 06 04 18:51:20.879#Z#DEBUG#2f425741-6046-11f1-aadc-eeee0a90472b.MyHANAApp-db-deployer#flowable-async-job-executor-thread-9453#
[PollExecuteTaskStatusExecution] ab6e6def-2a5d-4374-a5e1-6cd692beac58 [2026-06-04T18:51:17.999248] 0 modified or added files are scheduled for deploy based on delta detection (STDOUT, APP/TASK/deploy)#
#2026 06 04 18:51:20.879#Z#DEBUG#2f425741-6046-11f1-aadc-eeee0a90472b.MyHANAApp-db-deployer#flowable-async-job-executor-thread-9453#
[PollExecuteTaskStatusExecution] ab6e6def-2a5d-4374-a5e1-6cd692beac58 [2026-06-04T18:51:17.999427] 0 deleted files are scheduled for undeploy based on delta detection (filtered by undeploy allowlist) (STDOUT, APP/TASK/deploy)#
#2026 06 04 18:51:20.879#Z#DEBUG#2f425741-6046-11f1-aadc-eeee0a90472b.MyHANAApp-db-deployer#flowable-async-job-executor-thread-9453#
[PollExecuteTaskStatusExecution] ab6e6def-2a5d-4374-a5e1-6cd692beac58 [2026-06-04T18:51:17.999475] 0 files are scheduled for deploy based on explicit specification (STDOUT, APP/TASK/deploy)#
#2026 06 04 18:51:20.879#Z#DEBUG#2f425741-6046-11f1-aadc-eeee0a90472b.MyHANAApp-db-deployer#flowable-async-job-executor-thread-9453#
[PollExecuteTaskStatusExecution] ab6e6def-2a5d-4374-a5e1-6cd692beac58 [2026-06-04T18:51:17.999483] 0 files are scheduled for undeploy based on explicit specification (STDOUT, APP/TASK/deploy)#
#2026 06 04 18:51:20.879#Z#DEBUG#2f425741-6046-11f1-aadc-eeee0a90472b.MyHANAApp-db-deployer#flowable-async-job-executor-thread-9453#
[PollExecuteTaskStatusExecution] ab6e6def-2a5d-4374-a5e1-6cd692beac58 [2026-06-04T18:51:17.999523] Deploying to the container "8A1159B8C50C4207B213785D112715A8"... (STDOUT, APP/TASK/deploy)#
#2026 06 04 18:51:20.879#Z#DEBUG#2f425741-6046-11f1-aadc-eeee0a90472b.MyHANAApp-db-deployer#flowable-async-job-executor-thread-9453#
[PollExecuteTaskStatusExecution] ab6e6def-2a5d-4374-a5e1-6cd692beac58 [2026-06-04T18:51:18.204498] Starting make in the container "8A1159B8C50C4207B213785D112715A8" with 0 files to deploy, 0 files to undeploy... (STDOUT, APP/TASK/deploy)#
#2026 06 04 18:51:20.879#Z#DEBUG#2f425741-6046-11f1-aadc-eeee0a90472b.MyHANAApp-db-deployer#flowable-async-job-executor-thread-9453#
[PollExecuteTaskStatusExecution] ab6e6def-2a5d-4374-a5e1-6cd692beac58 [2026-06-04T18:51:18.204515] Disabling table replication for the container schema "8A1159B8C50C4207B213785D112715A8"... (STDOUT, APP/TASK/deploy)#
#2026 06 04 18:51:20.879#Z#DEBUG#2f425741-6046-11f1-aadc-eeee0a90472b.MyHANAApp-db-deployer#flowable-async-job-executor-thread-9453#
[PollExecuteTaskStatusExecution] ab6e6def-2a5d-4374-a5e1-6cd692beac58 [2026-06-04T18:51:18.204541] Disabling table replication for the container schema "8A1159B8C50C4207B213785D112715A8"... ok (0s 6ms) (STDOUT, APP/TASK/deploy)#
#2026 06 04 18:51:20.879#Z#DEBUG#2f425741-6046-11f1-aadc-eeee0a90472b.MyHANAApp-db-deployer#flowable-async-job-executor-thread-9453#
[PollExecuteTaskStatusExecution] ab6e6def-2a5d-4374-a5e1-6cd692beac58 [2026-06-04T18:51:18.204545] Migrating libraries... (STDOUT, APP/TASK/deploy)#
#2026 06 04 18:51:20.879#Z#DEBUG#2f425741-6046-11f1-aadc-eeee0a90472b.MyHANAApp-db-deployer#flowable-async-job-executor-thread-9453#
[PollExecuteTaskStatusExecution] ab6e6def-2a5d-4374-a5e1-6cd692beac58 [2026-06-04T18:51:18.204553] Migrating libraries... ok (0s 6ms) (STDOUT, APP/TASK/deploy)#
#2026 06 04 18:51:20.879#Z#DEBUG#2f425741-6046-11f1-aadc-eeee0a90472b.MyHANAApp-db-deployer#flowable-async-job-executor-thread-9453#
[PollExecuteTaskStatusExecution] ab6e6def-2a5d-4374-a5e1-6cd692beac58 [2026-06-04T18:51:18.204557] Making... (STDOUT, APP/TASK/deploy)#
#2026 06 04 18:51:20.879#Z#DEBUG#2f425741-6046-11f1-aadc-eeee0a90472b.MyHANAApp-db-deployer#flowable-async-job-executor-thread-9453#
[PollExecuteTaskStatusExecution] ab6e6def-2a5d-4374-a5e1-6cd692beac58 [2026-06-04T18:51:18.204563] Preparing... (STDOUT, APP/TASK/deploy)#
#2026 06 04 18:51:20.879#Z#DEBUG#2f425741-6046-11f1-aadc-eeee0a90472b.MyHANAApp-db-deployer#flowable-async-job-executor-thread-9453#
[PollExecuteTaskStatusExecution] ab6e6def-2a5d-4374-a5e1-6cd692beac58 [2026-06-04T18:51:18.204628] Preparing... ok (0s 0ms) (STDOUT, APP/TASK/deploy)#
#2026 06 04 18:51:20.879#Z#DEBUG#2f425741-6046-11f1-aadc-eeee0a90472b.MyHANAApp-db-deployer#flowable-async-job-executor-thread-9453#
[PollExecuteTaskStatusExecution] ab6e6def-2a5d-4374-a5e1-6cd692beac58 [2026-06-04T18:51:18.204658] Preparing the make transaction... (STDOUT, APP/TASK/deploy)#
#2026 06 04 18:51:20.879#Z#DEBUG#2f425741-6046-11f1-aadc-eeee0a90472b.MyHANAApp-db-deployer#flowable-async-job-executor-thread-9453#
[PollExecuteTaskStatusExecution] ab6e6def-2a5d-4374-a5e1-6cd692beac58 [2026-06-04T18:51:18.204727] Preparing the make transaction... ok (0s 10ms) (STDOUT, APP/TASK/deploy)#
#2026 06 04 18:51:20.879#Z#DEBUG#2f425741-6046-11f1-aadc-eeee0a90472b.MyHANAApp-db-deployer#flowable-async-job-executor-thread-9453#
[PollExecuteTaskStatusExecution] ab6e6def-2a5d-4374-a5e1-6cd692beac58 [2026-06-04T18:51:18.204745] Calculating dependencies... (STDOUT, APP/TASK/deploy)#
#2026 06 04 18:51:20.879#Z#DEBUG#2f425741-6046-11f1-aadc-eeee0a90472b.MyHANAApp-db-deployer#flowable-async-job-executor-thread-9453#
[PollExecuteTaskStatusExecution] ab6e6def-2a5d-4374-a5e1-6cd692beac58 [2026-06-04T18:51:18.204761] Expanding... (STDOUT, APP/TASK/deploy)#
#2026 06 04 18:51:20.879#Z#DEBUG#2f425741-6046-11f1-aadc-eeee0a90472b.MyHANAApp-db-deployer#flowable-async-job-executor-thread-9453#
[PollExecuteTaskStatusExecution] ab6e6def-2a5d-4374-a5e1-6cd692beac58 [2026-06-04T18:51:18.204764] Expanding... ok (0s 4ms) (STDOUT, APP/TASK/deploy)#
#2026 06 04 18:51:20.879#Z#DEBUG#2f425741-6046-11f1-aadc-eeee0a90472b.MyHANAApp-db-deployer#flowable-async-job-executor-thread-9453#
[PollExecuteTaskStatusExecution] ab6e6def-2a5d-4374-a5e1-6cd692beac58 [2026-06-04T18:51:18.204773] Precompiling... (STDOUT, APP/TASK/deploy)#
#2026 06 04 18:51:20.879#Z#DEBUG#2f425741-6046-11f1-aadc-eeee0a90472b.MyHANAApp-db-deployer#flowable-async-job-executor-thread-9453#
[PollExecuteTaskStatusExecution] ab6e6def-2a5d-4374-a5e1-6cd692beac58 [2026-06-04T18:51:18.204781] Precompiling... ok (0s 0ms) (STDOUT, APP/TASK/deploy)#
#2026 06 04 18:51:20.879#Z#DEBUG#2f425741-6046-11f1-aadc-eeee0a90472b.MyHANAApp-db-deployer#flowable-async-job-executor-thread-9453#
[PollExecuteTaskStatusExecution] ab6e6def-2a5d-4374-a5e1-6cd692beac58 [2026-06-04T18:51:18.204784] Merging... (STDOUT, APP/TASK/deploy)#
#2026 06 04 18:51:20.879#Z#DEBUG#2f425741-6046-11f1-aadc-eeee0a90472b.MyHANAApp-db-deployer#flowable-async-job-executor-thread-9453#
[PollExecuteTaskStatusExecution] ab6e6def-2a5d-4374-a5e1-6cd692beac58 [2026-06-04T18:51:18.204839] Merging... ok (0s 0ms) (STDOUT, APP/TASK/deploy)#
#2026 06 04 18:51:20.879#Z#DEBUG#2f425741-6046-11f1-aadc-eeee0a90472b.MyHANAApp-db-deployer#flowable-async-job-executor-thread-9453#
[PollExecuteTaskStatusExecution] ab6e6def-2a5d-4374-a5e1-6cd692beac58 [2026-06-04T18:51:18.204854] Calculating dependencies... ok (0s 4ms) (STDOUT, APP/TASK/deploy)#
#2026 06 04 18:51:20.879#Z#DEBUG#2f425741-6046-11f1-aadc-eeee0a90472b.MyHANAApp-db-deployer#flowable-async-job-executor-thread-9453#
[PollExecuteTaskStatusExecution] ab6e6def-2a5d-4374-a5e1-6cd692beac58 [2026-06-04T18:51:18.204863] No make necessary (STDOUT, APP/TASK/deploy)#
#2026 06 04 18:51:20.879#Z#DEBUG#2f425741-6046-11f1-aadc-eeee0a90472b.MyHANAApp-db-deployer#flowable-async-job-executor-thread-9453#
[PollExecuteTaskStatusExecution] ab6e6def-2a5d-4374-a5e1-6cd692beac58 [2026-06-04T18:51:18.204874] Making... ok (0s 31ms) (STDOUT, APP/TASK/deploy)#
#2026 06 04 18:51:20.879#Z#DEBUG#2f425741-6046-11f1-aadc-eeee0a90472b.MyHANAApp-db-deployer#flowable-async-job-executor-thread-9453#
[PollExecuteTaskStatusExecution] ab6e6def-2a5d-4374-a5e1-6cd692beac58 [2026-06-04T18:51:18.204878] Enabling table replication for the container schema "8A1159B8C50C4207B213785D112715A8"... (STDOUT, APP/TASK/deploy)#
#2026 06 04 18:51:20.879#Z#DEBUG#2f425741-6046-11f1-aadc-eeee0a90472b.MyHANAApp-db-deployer#flowable-async-job-executor-thread-9453#
[PollExecuteTaskStatusExecution] ab6e6def-2a5d-4374-a5e1-6cd692beac58 [2026-06-04T18:51:18.204881] Enabling table replication for the container schema "8A1159B8C50C4207B213785D112715A8"... ok (0s 8ms) (STDOUT, APP/TASK/deploy)#
#2026 06 04 18:51:20.879#Z#DEBUG#2f425741-6046-11f1-aadc-eeee0a90472b.MyHANAApp-db-deployer#flowable-async-job-executor-thread-9453#
[PollExecuteTaskStatusExecution] ab6e6def-2a5d-4374-a5e1-6cd692beac58 [2026-06-04T18:51:18.204924] Starting make in the container "8A1159B8C50C4207B213785D112715A8" with 0 files to deploy, 0 files to undeploy... ok (0s 56ms) (STDOUT, APP/TASK/deploy)#
#2026 06 04 18:51:20.879#Z#DEBUG#2f425741-6046-11f1-aadc-eeee0a90472b.MyHANAApp-db-deployer#flowable-async-job-executor-thread-9453#
[PollExecuteTaskStatusExecution] ab6e6def-2a5d-4374-a5e1-6cd692beac58 [2026-06-04T18:51:18.205247] Deploying to the container "8A1159B8C50C4207B213785D112715A8"... ok (0s 206ms) (STDOUT, APP/TASK/deploy)#
#2026 06 04 18:51:20.879#Z#DEBUG#2f425741-6046-11f1-aadc-eeee0a90472b.MyHANAApp-db-deployer#flowable-async-job-executor-thread-9453#
[PollExecuteTaskStatusExecution] ab6e6def-2a5d-4374-a5e1-6cd692beac58 [2026-06-04T18:51:18.205591] No default-access-role handling needed; global role "8A1159B8C50C4207B213785D112715A8::access_role" will not be adapted (STDOUT, APP/TASK/deploy)#
#2026 06 04 18:51:20.879#Z#DEBUG#2f425741-6046-11f1-aadc-eeee0a90472b.MyHANAApp-db-deployer#flowable-async-job-executor-thread-9453#
[PollExecuteTaskStatusExecution] ab6e6def-2a5d-4374-a5e1-6cd692beac58 [2026-06-04T18:51:18.205695] Unlocking the container "8A1159B8C50C4207B213785D112715A8"... (STDOUT, APP/TASK/deploy)#
#2026 06 04 18:51:20.879#Z#DEBUG#2f425741-6046-11f1-aadc-eeee0a90472b.MyHANAApp-db-deployer#flowable-async-job-executor-thread-9453#
[PollExecuteTaskStatusExecution] ab6e6def-2a5d-4374-a5e1-6cd692beac58 [2026-06-04T18:51:18.205899] Unlocking the container "8A1159B8C50C4207B213785D112715A8"... ok (0s 0ms) (STDOUT, APP/TASK/deploy)#
#2026 06 04 18:51:20.879#Z#DEBUG#2f425741-6046-11f1-aadc-eeee0a90472b.MyHANAApp-db-deployer#flowable-async-job-executor-thread-9453#
[PollExecuteTaskStatusExecution] ab6e6def-2a5d-4374-a5e1-6cd692beac58 [2026-06-04T18:51:18.206016] Deployment to container 8A1159B8C50C4207B213785D112715A8 done [Deployment ID: none]. (STDOUT, APP/TASK/deploy)#
#2026 06 04 18:51:20.879#Z#DEBUG#2f425741-6046-11f1-aadc-eeee0a90472b.MyHANAApp-db-deployer#flowable-async-job-executor-thread-9453#
[PollExecuteTaskStatusExecution] ab6e6def-2a5d-4374-a5e1-6cd692beac58 [2026-06-04T18:51:18.206425] Deployment ended at 2026-06-04 18:51:18 (STDOUT, APP/TASK/deploy)#
#2026 06 04 18:51:20.879#Z#DEBUG#2f425741-6046-11f1-aadc-eeee0a90472b.MyHANAApp-db-deployer#flowable-async-job-executor-thread-9453#
[PollExecuteTaskStatusExecution] ab6e6def-2a5d-4374-a5e1-6cd692beac58 [2026-06-04T18:51:18.206730] (1s 770ms) (STDOUT, APP/TASK/deploy)#
#2026 06 04 18:51:20.879#Z#DEBUG#2f425741-6046-11f1-aadc-eeee0a90472b.MyHANAApp-db-deployer#flowable-async-job-executor-thread-9453#
[PollExecuteTaskStatusExecution] ab6e6def-2a5d-4374-a5e1-6cd692beac58 [2026-06-04T18:51:18.218432] npm notice (STDERR, APP/TASK/deploy)#
#2026 06 04 18:51:20.879#Z#DEBUG#2f425741-6046-11f1-aadc-eeee0a90472b.MyHANAApp-db-deployer#flowable-async-job-executor-thread-9453#
[PollExecuteTaskStatusExecution] ab6e6def-2a5d-4374-a5e1-6cd692beac58 [2026-06-04T18:51:18.218446] npm notice New minor version of npm available! 11.6.2 -> 11.16.0 (STDERR, APP/TASK/deploy)#
#2026 06 04 18:51:20.879#Z#DEBUG#2f425741-6046-11f1-aadc-eeee0a90472b.MyHANAApp-db-deployer#flowable-async-job-executor-thread-9453#
[PollExecuteTaskStatusExecution] ab6e6def-2a5d-4374-a5e1-6cd692beac58 [2026-06-04T18:51:18.218449] npm notice Changelog: https://github.com/npm/cli/releases/tag/v11.16.0 (STDERR, APP/TASK/deploy)#
#2026 06 04 18:51:20.879#Z#DEBUG#2f425741-6046-11f1-aadc-eeee0a90472b.MyHANAApp-db-deployer#flowable-async-job-executor-thread-9453#
[PollExecuteTaskStatusExecution] ab6e6def-2a5d-4374-a5e1-6cd692beac58 [2026-06-04T18:51:18.218451] npm notice To update run: npm install -g npm@11.16.0 (STDERR, APP/TASK/deploy)#
#2026 06 04 18:51:20.879#Z#DEBUG#2f425741-6046-11f1-aadc-eeee0a90472b.MyHANAApp-db-deployer#flowable-async-job-executor-thread-9453#
[PollExecuteTaskStatusExecution] ab6e6def-2a5d-4374-a5e1-6cd692beac58 [2026-06-04T18:51:18.218453] npm notice (STDERR, APP/TASK/deploy)#
#2026 06 04 18:51:20.879#Z#DEBUG#2f425741-6046-11f1-aadc-eeee0a90472b.MyHANAApp-db-deployer#flowable-async-job-executor-thread-9453#
[PollExecuteTaskStatusExecution] ab6e6def-2a5d-4374-a5e1-6cd692beac58 [2026-06-04T18:51:18.276822] Exit status 0 (STDOUT, APP/TASK/deploy)#
#2026 06 04 18:51:20.879#Z#DEBUG#2f425741-6046-11f1-aadc-eeee0a90472b.MyHANAApp-db-deployer#flowable-async-job-executor-thread-9453#
[PollExecuteTaskStatusExecution] ab6e6def-2a5d-4374-a5e1-6cd692beac58 [2026-06-04T18:51:19.515415] Cell 983d89bf-b927-4be3-8cbd-2cfb8a910841 stopping instance cea05479-aaa5-4efc-8e08-c682a14f61da (STDOUT, CELL)#
#2026 06 04 18:51:20.879#Z#DEBUG#2f425741-6046-11f1-aadc-eeee0a90472b.MyHANAApp-db-deployer#flowable-async-job-executor-thread-9453#
[PollExecuteTaskStatusExecution] ab6e6def-2a5d-4374-a5e1-6cd692beac58 [2026-06-04T18:51:19.515442] Cell 983d89bf-b927-4be3-8cbd-2cfb8a910841 destroying container for instance cea05479-aaa5-4efc-8e08-c682a14f61da (STDOUT, CELL)#
