#2026 06 04 18:50:50.802#Z#DEBUG#2f425741-6046-11f1-aadc-eeee0a90472b.MyHANAApp-srv#flowable-async-job-executor-thread-10716#
[PollStageAppStatusExecution] ce0cc505-8bf7-4783-b85c-8208b84081a0 [2026-06-04T18:50:11.692765] Added process: "web" (STDOUT, API)#
#2026 06 04 18:50:50.802#Z#DEBUG#2f425741-6046-11f1-aadc-eeee0a90472b.MyHANAApp-srv#flowable-async-job-executor-thread-10716#
[PollStageAppStatusExecution] ce0cc505-8bf7-4783-b85c-8208b84081a0 [2026-06-04T18:50:11.706681] Created app with guid ce0cc505-8bf7-4783-b85c-8208b84081a0 (STDOUT, API)#
#2026 06 04 18:50:50.802#Z#DEBUG#2f425741-6046-11f1-aadc-eeee0a90472b.MyHANAApp-srv#flowable-async-job-executor-thread-10716#
[PollStageAppStatusExecution] ce0cc505-8bf7-4783-b85c-8208b84081a0 [2026-06-04T18:50:11.826955] Updating process: "web" (STDOUT, API)#
#2026 06 04 18:50:50.802#Z#DEBUG#2f425741-6046-11f1-aadc-eeee0a90472b.MyHANAApp-srv#flowable-async-job-executor-thread-10716#
[PollStageAppStatusExecution] ce0cc505-8bf7-4783-b85c-8208b84081a0 [2026-06-04T18:50:11.884607] Scaling process: "web" (STDOUT, API)#
#2026 06 04 18:50:50.802#Z#DEBUG#2f425741-6046-11f1-aadc-eeee0a90472b.MyHANAApp-srv#flowable-async-job-executor-thread-10716#
[PollStageAppStatusExecution] ce0cc505-8bf7-4783-b85c-8208b84081a0 [2026-06-04T18:50:31.082216] Uploading app package for app with guid ce0cc505-8bf7-4783-b85c-8208b84081a0 (STDOUT, API)#
#2026 06 04 18:50:50.802#Z#DEBUG#2f425741-6046-11f1-aadc-eeee0a90472b.MyHANAApp-srv#flowable-async-job-executor-thread-10716#
[PollStageAppStatusExecution] ce0cc505-8bf7-4783-b85c-8208b84081a0 [2026-06-04T18:50:31.385049] Updated app with guid ce0cc505-8bf7-4783-b85c-8208b84081a0 ({"environment_variables"=>"[PRIVATE DATA HIDDEN]"}) (STDOUT, API)#
#2026 06 04 18:50:50.802#Z#DEBUG#2f425741-6046-11f1-aadc-eeee0a90472b.MyHANAApp-srv#flowable-async-job-executor-thread-10716#
[PollStageAppStatusExecution] ce0cc505-8bf7-4783-b85c-8208b84081a0 [2026-06-04T18:50:40.988763] Creating build for app with guid ce0cc505-8bf7-4783-b85c-8208b84081a0 (STDOUT, API)#
#2026 06 04 18:50:50.802#Z#DEBUG#2f425741-6046-11f1-aadc-eeee0a90472b.MyHANAApp-srv#flowable-async-job-executor-thread-10716#
[PollStageAppStatusExecution] ce0cc505-8bf7-4783-b85c-8208b84081a0 [2026-06-04T18:50:41.380526] Downloading nodejs_buildpack... (STDOUT, STG)#
#2026 06 04 18:50:50.802#Z#DEBUG#2f425741-6046-11f1-aadc-eeee0a90472b.MyHANAApp-srv#flowable-async-job-executor-thread-10716#
[PollStageAppStatusExecution] ce0cc505-8bf7-4783-b85c-8208b84081a0 [2026-06-04T18:50:41.407897] Downloaded nodejs_buildpack (STDOUT, STG)#
#2026 06 04 18:50:50.802#Z#DEBUG#2f425741-6046-11f1-aadc-eeee0a90472b.MyHANAApp-srv#flowable-async-job-executor-thread-10716#
[PollStageAppStatusExecution] ce0cc505-8bf7-4783-b85c-8208b84081a0 [2026-06-04T18:50:41.407951] Cell c1b04d51-7908-4347-8206-df06575e8c02 creating container for instance ff3007a2-7ff7-481c-bb38-a873ca2d41ad (STDOUT, STG)#
#2026 06 04 18:50:50.802#Z#DEBUG#2f425741-6046-11f1-aadc-eeee0a90472b.MyHANAApp-srv#flowable-async-job-executor-thread-10716#
[PollStageAppStatusExecution] ce0cc505-8bf7-4783-b85c-8208b84081a0 [2026-06-04T18:50:41.779032] Security group rules were updated (STDOUT, STG)#
#2026 06 04 18:50:50.802#Z#DEBUG#2f425741-6046-11f1-aadc-eeee0a90472b.MyHANAApp-srv#flowable-async-job-executor-thread-10716#
[PollStageAppStatusExecution] ce0cc505-8bf7-4783-b85c-8208b84081a0 [2026-06-04T18:50:41.843108] Cell c1b04d51-7908-4347-8206-df06575e8c02 successfully created container for instance ff3007a2-7ff7-481c-bb38-a873ca2d41ad (STDOUT, STG)#
#2026 06 04 18:50:50.802#Z#DEBUG#2f425741-6046-11f1-aadc-eeee0a90472b.MyHANAApp-srv#flowable-async-job-executor-thread-10716#
[PollStageAppStatusExecution] ce0cc505-8bf7-4783-b85c-8208b84081a0 [2026-06-04T18:50:42.279901] Downloading app package... (STDOUT, STG)#
#2026 06 04 18:50:50.802#Z#DEBUG#2f425741-6046-11f1-aadc-eeee0a90472b.MyHANAApp-srv#flowable-async-job-executor-thread-10716#
[PollStageAppStatusExecution] ce0cc505-8bf7-4783-b85c-8208b84081a0 [2026-06-04T18:50:42.990201] Downloaded app package (7.4M) (STDOUT, STG)#
#2026 06 04 18:50:50.802#Z#DEBUG#2f425741-6046-11f1-aadc-eeee0a90472b.MyHANAApp-srv#flowable-async-job-executor-thread-10716#
[PollStageAppStatusExecution] ce0cc505-8bf7-4783-b85c-8208b84081a0 [2026-06-04T18:50:43.058622] -----> Nodejs Buildpack version 1.8.44 (STDOUT, STG)#
#2026 06 04 18:50:50.802#Z#DEBUG#2f425741-6046-11f1-aadc-eeee0a90472b.MyHANAApp-srv#flowable-async-job-executor-thread-10716#
[PollStageAppStatusExecution] ce0cc505-8bf7-4783-b85c-8208b84081a0 [2026-06-04T18:50:43.288924] -----> Bootstrapping python (STDOUT, STG)#
#2026 06 04 18:50:50.802#Z#DEBUG#2f425741-6046-11f1-aadc-eeee0a90472b.MyHANAApp-srv#flowable-async-job-executor-thread-10716#
[PollStageAppStatusExecution] ce0cc505-8bf7-4783-b85c-8208b84081a0 [2026-06-04T18:50:43.288937] -----> Installing python 3.11.14 (STDOUT, STG)#
#2026 06 04 18:50:50.802#Z#DEBUG#2f425741-6046-11f1-aadc-eeee0a90472b.MyHANAApp-srv#flowable-async-job-executor-thread-10716#
[PollStageAppStatusExecution] ce0cc505-8bf7-4783-b85c-8208b84081a0 [2026-06-04T18:50:43.289034] Copy [/tmp/buildpacks/f23f83ae4205ff63/dependencies/b5e0345ae0ae1932e7d56fffaa49a487/python_3.11.14_linux_x64_cflinuxfs4_66f53248.tgz] (STDOUT, STG)#
#2026 06 04 18:50:50.802#Z#DEBUG#2f425741-6046-11f1-aadc-eeee0a90472b.MyHANAApp-srv#flowable-async-job-executor-thread-10716#
[PollStageAppStatusExecution] ce0cc505-8bf7-4783-b85c-8208b84081a0 [2026-06-04T18:50:46.580772] -----> Installing binaries (STDOUT, STG)#
#2026 06 04 18:50:50.802#Z#DEBUG#2f425741-6046-11f1-aadc-eeee0a90472b.MyHANAApp-srv#flowable-async-job-executor-thread-10716#
[PollStageAppStatusExecution] ce0cc505-8bf7-4783-b85c-8208b84081a0 [2026-06-04T18:50:46.580899] engines.node (package.json): >=20 (STDOUT, STG)#
#2026 06 04 18:50:50.802#Z#DEBUG#2f425741-6046-11f1-aadc-eeee0a90472b.MyHANAApp-srv#flowable-async-job-executor-thread-10716#
[PollStageAppStatusExecution] ce0cc505-8bf7-4783-b85c-8208b84081a0 [2026-06-04T18:50:46.580914] engines.npm (package.json): unspecified (use default) (STDOUT, STG)#
#2026 06 04 18:50:50.802#Z#DEBUG#2f425741-6046-11f1-aadc-eeee0a90472b.MyHANAApp-srv#flowable-async-job-executor-thread-10716#
[PollStageAppStatusExecution] ce0cc505-8bf7-4783-b85c-8208b84081a0 [2026-06-04T18:50:46.580918] [31;1m**WARNING**[0m Dangerous semver range (>) in engines.node. See: http://docs.cloudfoundry.org/buildpacks/node/node-tips.html (STDOUT, STG)#
#2026 06 04 18:50:50.802#Z#DEBUG#2f425741-6046-11f1-aadc-eeee0a90472b.MyHANAApp-srv#flowable-async-job-executor-thread-10716#
[PollStageAppStatusExecution] ce0cc505-8bf7-4783-b85c-8208b84081a0 [2026-06-04T18:50:46.581008] -----> Installing node 24.13.0 (STDOUT, STG)#
#2026 06 04 18:50:50.802#Z#DEBUG#2f425741-6046-11f1-aadc-eeee0a90472b.MyHANAApp-srv#flowable-async-job-executor-thread-10716#
[PollStageAppStatusExecution] ce0cc505-8bf7-4783-b85c-8208b84081a0 [2026-06-04T18:50:46.581155] Copy [/tmp/buildpacks/f23f83ae4205ff63/dependencies/2f5692219fecc3eee6e6d507a6bfe7b9/node_24.13.0_linux_x64_cflinuxfs4_a816dee1.tgz] (STDOUT, STG)#
#2026 06 04 18:50:50.802#Z#DEBUG#2f425741-6046-11f1-aadc-eeee0a90472b.MyHANAApp-srv#flowable-async-job-executor-thread-10716#
[PollStageAppStatusExecution] ce0cc505-8bf7-4783-b85c-8208b84081a0 [2026-06-04T18:50:48.547560] Using default npm version: 11.6.2 (STDOUT, STG)#
#2026 06 04 18:50:50.802#Z#DEBUG#2f425741-6046-11f1-aadc-eeee0a90472b.MyHANAApp-srv#flowable-async-job-executor-thread-10716#
[PollStageAppStatusExecution] ce0cc505-8bf7-4783-b85c-8208b84081a0 [2026-06-04T18:50:48.547580] -----> Installing yarn 1.22.22 (STDOUT, STG)#
#2026 06 04 18:50:50.803#Z#DEBUG#2f425741-6046-11f1-aadc-eeee0a90472b.MyHANAApp-srv#flowable-async-job-executor-thread-10716#
[PollStageAppStatusExecution] ce0cc505-8bf7-4783-b85c-8208b84081a0 [2026-06-04T18:50:48.547650] Copy [/tmp/buildpacks/f23f83ae4205ff63/dependencies/e3a39aedd1236924d69cc2d0637a8ed2/yarn_1.22.22_linux_noarch_any-stack_4911d0a6.tgz] (STDOUT, STG)#
#2026 06 04 18:50:50.803#Z#DEBUG#2f425741-6046-11f1-aadc-eeee0a90472b.MyHANAApp-srv#flowable-async-job-executor-thread-10716#
[PollStageAppStatusExecution] ce0cc505-8bf7-4783-b85c-8208b84081a0 [2026-06-04T18:50:48.825043] Installed yarn 1.22.22 (STDOUT, STG)#
#2026 06 04 18:50:50.803#Z#DEBUG#2f425741-6046-11f1-aadc-eeee0a90472b.MyHANAApp-srv#flowable-async-job-executor-thread-10716#
[PollStageAppStatusExecution] ce0cc505-8bf7-4783-b85c-8208b84081a0 [2026-06-04T18:50:48.825062] -----> Creating runtime environment (STDOUT, STG)#
#2026 06 04 18:50:50.803#Z#DEBUG#2f425741-6046-11f1-aadc-eeee0a90472b.MyHANAApp-srv#flowable-async-job-executor-thread-10716#
[PollStageAppStatusExecution] ce0cc505-8bf7-4783-b85c-8208b84081a0 [2026-06-04T18:50:48.826738] NODE_ENV=production (STDOUT, STG)#
#2026 06 04 18:50:50.803#Z#DEBUG#2f425741-6046-11f1-aadc-eeee0a90472b.MyHANAApp-srv#flowable-async-job-executor-thread-10716#
[PollStageAppStatusExecution] ce0cc505-8bf7-4783-b85c-8208b84081a0 [2026-06-04T18:50:48.826760] NODE_HOME=/tmp/contents2627933810/deps/0/node (STDOUT, STG)#
#2026 06 04 18:50:50.803#Z#DEBUG#2f425741-6046-11f1-aadc-eeee0a90472b.MyHANAApp-srv#flowable-async-job-executor-thread-10716#
[PollStageAppStatusExecution] ce0cc505-8bf7-4783-b85c-8208b84081a0 [2026-06-04T18:50:48.826763] NODE_MODULES_CACHE=true (STDOUT, STG)#
#2026 06 04 18:50:50.803#Z#DEBUG#2f425741-6046-11f1-aadc-eeee0a90472b.MyHANAApp-srv#flowable-async-job-executor-thread-10716#
[PollStageAppStatusExecution] ce0cc505-8bf7-4783-b85c-8208b84081a0 [2026-06-04T18:50:48.826768] NODE_VERBOSE=false (STDOUT, STG)#
#2026 06 04 18:50:50.803#Z#DEBUG#2f425741-6046-11f1-aadc-eeee0a90472b.MyHANAApp-srv#flowable-async-job-executor-thread-10716#
[PollStageAppStatusExecution] ce0cc505-8bf7-4783-b85c-8208b84081a0 [2026-06-04T18:50:48.826770] NPM_CONFIG_LOGLEVEL=error (STDOUT, STG)#
#2026 06 04 18:50:50.803#Z#DEBUG#2f425741-6046-11f1-aadc-eeee0a90472b.MyHANAApp-srv#flowable-async-job-executor-thread-10716#
[PollStageAppStatusExecution] ce0cc505-8bf7-4783-b85c-8208b84081a0 [2026-06-04T18:50:48.826772] NPM_CONFIG_PRODUCTION=true (STDOUT, STG)#
#2026 06 04 18:50:50.803#Z#DEBUG#2f425741-6046-11f1-aadc-eeee0a90472b.MyHANAApp-srv#flowable-async-job-executor-thread-10716#
[PollStageAppStatusExecution] ce0cc505-8bf7-4783-b85c-8208b84081a0 [2026-06-04T18:50:48.826773] -----> Building dependencies (STDOUT, STG)#
#2026 06 04 18:50:50.803#Z#DEBUG#2f425741-6046-11f1-aadc-eeee0a90472b.MyHANAApp-srv#flowable-async-job-executor-thread-10716#
[PollStageAppStatusExecution] ce0cc505-8bf7-4783-b85c-8208b84081a0 [2026-06-04T18:50:48.826775] Prebuild detected (node_modules already exists) (STDOUT, STG)#
#2026 06 04 18:50:50.803#Z#DEBUG#2f425741-6046-11f1-aadc-eeee0a90472b.MyHANAApp-srv#flowable-async-job-executor-thread-10716#
[PollStageAppStatusExecution] ce0cc505-8bf7-4783-b85c-8208b84081a0 [2026-06-04T18:50:48.826777] Rebuilding any native modules (STDOUT, STG)#
#2026 06 04 18:50:50.803#Z#DEBUG#2f425741-6046-11f1-aadc-eeee0a90472b.MyHANAApp-srv#flowable-async-job-executor-thread-10716#
[PollStageAppStatusExecution] ce0cc505-8bf7-4783-b85c-8208b84081a0 [2026-06-04T18:50:49.479082] rebuilt dependencies successfully (STDOUT, STG)#
#2026 06 04 18:50:50.803#Z#DEBUG#2f425741-6046-11f1-aadc-eeee0a90472b.MyHANAApp-srv#flowable-async-job-executor-thread-10716#
[PollStageAppStatusExecution] ce0cc505-8bf7-4783-b85c-8208b84081a0 [2026-06-04T18:50:49.481032] npm notice (STDOUT, STG)#
#2026 06 04 18:50:50.803#Z#DEBUG#2f425741-6046-11f1-aadc-eeee0a90472b.MyHANAApp-srv#flowable-async-job-executor-thread-10716#
[PollStageAppStatusExecution] ce0cc505-8bf7-4783-b85c-8208b84081a0 [2026-06-04T18:50:49.481046] npm notice New minor version of npm available! 11.6.2 -> 11.16.0 (STDOUT, STG)#
#2026 06 04 18:50:50.803#Z#DEBUG#2f425741-6046-11f1-aadc-eeee0a90472b.MyHANAApp-srv#flowable-async-job-executor-thread-10716#
[PollStageAppStatusExecution] ce0cc505-8bf7-4783-b85c-8208b84081a0 [2026-06-04T18:50:49.481050] npm notice Changelog: https://github.com/npm/cli/releases/tag/v11.16.0 (STDOUT, STG)#
#2026 06 04 18:50:50.803#Z#DEBUG#2f425741-6046-11f1-aadc-eeee0a90472b.MyHANAApp-srv#flowable-async-job-executor-thread-10716#
[PollStageAppStatusExecution] ce0cc505-8bf7-4783-b85c-8208b84081a0 [2026-06-04T18:50:49.481052] npm notice To update run: npm install -g npm@11.16.0 (STDOUT, STG)#
#2026 06 04 18:50:50.803#Z#DEBUG#2f425741-6046-11f1-aadc-eeee0a90472b.MyHANAApp-srv#flowable-async-job-executor-thread-10716#
[PollStageAppStatusExecution] ce0cc505-8bf7-4783-b85c-8208b84081a0 [2026-06-04T18:50:49.481054] npm notice (STDOUT, STG)#
#2026 06 04 18:50:50.803#Z#DEBUG#2f425741-6046-11f1-aadc-eeee0a90472b.MyHANAApp-srv#flowable-async-job-executor-thread-10716#
[PollStageAppStatusExecution] ce0cc505-8bf7-4783-b85c-8208b84081a0 [2026-06-04T18:50:49.538550] Installing any new modules (package.json + package-lock.json) (STDOUT, STG)#
#2026 06 04 18:50:50.803#Z#DEBUG#2f425741-6046-11f1-aadc-eeee0a90472b.MyHANAApp-srv#flowable-async-job-executor-thread-10716#
[PollStageAppStatusExecution] ce0cc505-8bf7-4783-b85c-8208b84081a0 [2026-06-04T18:50:50.220099] removed 14 packages in 620ms (STDOUT, STG)#
#2026 06 04 18:50:50.803#Z#DEBUG#2f425741-6046-11f1-aadc-eeee0a90472b.MyHANAApp-srv#flowable-async-job-executor-thread-10716#
[PollStageAppStatusExecution] ce0cc505-8bf7-4783-b85c-8208b84081a0 [2026-06-04T18:50:50.220335] 27 packages are looking for funding (STDOUT, STG)#
#2026 06 04 18:50:50.803#Z#DEBUG#2f425741-6046-11f1-aadc-eeee0a90472b.MyHANAApp-srv#flowable-async-job-executor-thread-10716#
[PollStageAppStatusExecution] ce0cc505-8bf7-4783-b85c-8208b84081a0 [2026-06-04T18:50:50.220395] run `npm fund` for details (STDOUT, STG)#
#2026 06 04 18:51:00.818#Z#DEBUG#2f425741-6046-11f1-aadc-eeee0a90472b.MyHANAApp-srv#flowable-async-job-executor-thread-10722#
[PollStageAppStatusExecution] ce0cc505-8bf7-4783-b85c-8208b84081a0 [2026-06-04T18:50:50.983793] Contrast Security no credentials found. Will not write environment files. (STDOUT, STG)#
#2026 06 04 18:51:00.818#Z#DEBUG#2f425741-6046-11f1-aadc-eeee0a90472b.MyHANAApp-srv#flowable-async-job-executor-thread-10722#
[PollStageAppStatusExecution] ce0cc505-8bf7-4783-b85c-8208b84081a0 [2026-06-04T18:51:00.196208] Exit status 0 (STDOUT, STG)#
#2026 06 04 18:51:00.818#Z#DEBUG#2f425741-6046-11f1-aadc-eeee0a90472b.MyHANAApp-srv#flowable-async-job-executor-thread-10722#
[PollStageAppStatusExecution] ce0cc505-8bf7-4783-b85c-8208b84081a0 [2026-06-04T18:51:00.196280] Uploading droplet, build artifacts cache... (STDOUT, STG)#
#2026 06 04 18:51:00.818#Z#DEBUG#2f425741-6046-11f1-aadc-eeee0a90472b.MyHANAApp-srv#flowable-async-job-executor-thread-10722#
[PollStageAppStatusExecution] ce0cc505-8bf7-4783-b85c-8208b84081a0 [2026-06-04T18:51:00.196323] Uploading droplet... (STDOUT, STG)#
#2026 06 04 18:51:00.818#Z#DEBUG#2f425741-6046-11f1-aadc-eeee0a90472b.MyHANAApp-srv#flowable-async-job-executor-thread-10722#
[PollStageAppStatusExecution] ce0cc505-8bf7-4783-b85c-8208b84081a0 [2026-06-04T18:51:00.196376] Uploading build artifacts cache... (STDOUT, STG)#
#2026 06 04 18:51:00.818#Z#DEBUG#2f425741-6046-11f1-aadc-eeee0a90472b.MyHANAApp-srv#flowable-async-job-executor-thread-10722#
[PollStageAppStatusExecution] ce0cc505-8bf7-4783-b85c-8208b84081a0 [2026-06-04T18:51:00.215886] Uploaded build artifacts cache (216B) (STDOUT, STG)#
#2026 06 04 18:51:10.866#Z#DEBUG#2f425741-6046-11f1-aadc-eeee0a90472b.MyHANAApp-srv#flowable-async-job-executor-thread-9447#
[PollStageAppStatusExecution] ce0cc505-8bf7-4783-b85c-8208b84081a0 [2026-06-04T18:51:00.924946] Creating droplet for app with guid ce0cc505-8bf7-4783-b85c-8208b84081a0 (STDOUT, API)#
#2026 06 04 18:51:10.866#Z#DEBUG#2f425741-6046-11f1-aadc-eeee0a90472b.MyHANAApp-srv#flowable-async-job-executor-thread-9447#
[PollStageAppStatusExecution] ce0cc505-8bf7-4783-b85c-8208b84081a0 [2026-06-04T18:51:04.008087] Uploaded droplet (60.6M) (STDOUT, STG)#
#2026 06 04 18:51:10.866#Z#DEBUG#2f425741-6046-11f1-aadc-eeee0a90472b.MyHANAApp-srv#flowable-async-job-executor-thread-9447#
[PollStageAppStatusExecution] ce0cc505-8bf7-4783-b85c-8208b84081a0 [2026-06-04T18:51:04.024726] Uploading complete (STDOUT, STG)#
#2026 06 04 18:51:10.866#Z#DEBUG#2f425741-6046-11f1-aadc-eeee0a90472b.MyHANAApp-srv#flowable-async-job-executor-thread-9447#
[PollStageAppStatusExecution] ce0cc505-8bf7-4783-b85c-8208b84081a0 [2026-06-04T18:51:04.384788] Cell c1b04d51-7908-4347-8206-df06575e8c02 stopping instance ff3007a2-7ff7-481c-bb38-a873ca2d41ad (STDOUT, STG)#
#2026 06 04 18:51:10.866#Z#DEBUG#2f425741-6046-11f1-aadc-eeee0a90472b.MyHANAApp-srv#flowable-async-job-executor-thread-9447#
[PollStageAppStatusExecution] ce0cc505-8bf7-4783-b85c-8208b84081a0 [2026-06-04T18:51:04.384815] Cell c1b04d51-7908-4347-8206-df06575e8c02 destroying container for instance ff3007a2-7ff7-481c-bb38-a873ca2d41ad (STDOUT, STG)#
#2026 06 04 18:51:10.866#Z#DEBUG#2f425741-6046-11f1-aadc-eeee0a90472b.MyHANAApp-srv#flowable-async-job-executor-thread-9447#
[PollStageAppStatusExecution] ce0cc505-8bf7-4783-b85c-8208b84081a0 [2026-06-04T18:51:04.493501] Staging complete for build ff3007a2-7ff7-481c-bb38-a873ca2d41ad (STDOUT, API)#
#2026 06 04 18:51:10.866#Z#DEBUG#2f425741-6046-11f1-aadc-eeee0a90472b.MyHANAApp-srv#flowable-async-job-executor-thread-9447#
[PollStageAppStatusExecution] ce0cc505-8bf7-4783-b85c-8208b84081a0 [2026-06-04T18:51:06.262065] Cell c1b04d51-7908-4347-8206-df06575e8c02 successfully destroyed container for instance ff3007a2-7ff7-481c-bb38-a873ca2d41ad (STDOUT, STG)#
#2026 06 04 18:51:20.933#Z#DEBUG#2f425741-6046-11f1-aadc-eeee0a90472b.MyHANAApp-srv#flowable-async-job-executor-thread-9454#
[PollStartAppStatusExecution] ce0cc505-8bf7-4783-b85c-8208b84081a0 [2026-06-04T18:51:10.976220] Updated app with guid ce0cc505-8bf7-4783-b85c-8208b84081a0 ({:droplet_guid=>"5f0a2fb2-4e1b-43b0-89f9-133a7435a894"}) (STDOUT, API)#
#2026 06 04 18:51:20.933#Z#DEBUG#2f425741-6046-11f1-aadc-eeee0a90472b.MyHANAApp-srv#flowable-async-job-executor-thread-9454#
[PollStartAppStatusExecution] ce0cc505-8bf7-4783-b85c-8208b84081a0 [2026-06-04T18:51:11.201778] Creating revision for app with guid ce0cc505-8bf7-4783-b85c-8208b84081a0 (STDOUT, API)#
#2026 06 04 18:51:20.933#Z#DEBUG#2f425741-6046-11f1-aadc-eeee0a90472b.MyHANAApp-srv#flowable-async-job-executor-thread-9454#
[PollStartAppStatusExecution] ce0cc505-8bf7-4783-b85c-8208b84081a0 [2026-06-04T18:51:11.233454] Starting app with guid ce0cc505-8bf7-4783-b85c-8208b84081a0 (STDOUT, API)#
#2026 06 04 18:51:20.933#Z#DEBUG#2f425741-6046-11f1-aadc-eeee0a90472b.MyHANAApp-srv#flowable-async-job-executor-thread-9454#
[PollStartAppStatusExecution] ce0cc505-8bf7-4783-b85c-8208b84081a0 [2026-06-04T18:51:11.549240] Cell fa79a5d8-27f3-499f-8bf7-98361745e003 creating container for instance 56e324e5-bc27-482f-6335-3fba (STDOUT, CELL)#
#2026 06 04 18:51:20.933#Z#DEBUG#2f425741-6046-11f1-aadc-eeee0a90472b.MyHANAApp-srv#flowable-async-job-executor-thread-9454#
[PollStartAppStatusExecution] ce0cc505-8bf7-4783-b85c-8208b84081a0 [2026-06-04T18:51:11.998525] Security group rules were updated (STDOUT, CELL)#
#2026 06 04 18:51:20.933#Z#DEBUG#2f425741-6046-11f1-aadc-eeee0a90472b.MyHANAApp-srv#flowable-async-job-executor-thread-9454#
[PollStartAppStatusExecution] ce0cc505-8bf7-4783-b85c-8208b84081a0 [2026-06-04T18:51:12.089928] Cell fa79a5d8-27f3-499f-8bf7-98361745e003 successfully created container for instance 56e324e5-bc27-482f-6335-3fba (STDOUT, CELL)#
#2026 06 04 18:51:20.933#Z#DEBUG#2f425741-6046-11f1-aadc-eeee0a90472b.MyHANAApp-srv#flowable-async-job-executor-thread-9454#
[PollStartAppStatusExecution] ce0cc505-8bf7-4783-b85c-8208b84081a0 [2026-06-04T18:51:12.526696] Downloading droplet... (STDOUT, CELL)#
#2026 06 04 18:51:20.933#Z#DEBUG#2f425741-6046-11f1-aadc-eeee0a90472b.MyHANAApp-srv#flowable-async-job-executor-thread-9454#
[PollStartAppStatusExecution] ce0cc505-8bf7-4783-b85c-8208b84081a0 [2026-06-04T18:51:16.388136] Downloaded droplet (60.6M) (STDOUT, CELL)#
#2026 06 04 18:51:20.933#Z#DEBUG#2f425741-6046-11f1-aadc-eeee0a90472b.MyHANAApp-srv#flowable-async-job-executor-thread-9454#
[PollStartAppStatusExecution] ce0cc505-8bf7-4783-b85c-8208b84081a0 [2026-06-04T18:51:16.388283] Starting health monitoring of container (STDOUT, CELL)#
#2026 06 04 18:51:20.933#Z#DEBUG#2f425741-6046-11f1-aadc-eeee0a90472b.MyHANAApp-srv#flowable-async-job-executor-thread-9454#
[PollStartAppStatusExecution] ce0cc505-8bf7-4783-b85c-8208b84081a0 [2026-06-04T18:51:16.465945] Invoking pre-start scripts. (STDOUT, APP/PROC/WEB)#
#2026 06 04 18:51:20.933#Z#DEBUG#2f425741-6046-11f1-aadc-eeee0a90472b.MyHANAApp-srv#flowable-async-job-executor-thread-9454#
[PollStartAppStatusExecution] ce0cc505-8bf7-4783-b85c-8208b84081a0 [2026-06-04T18:51:16.643222] Invoking start command. (STDOUT, APP/PROC/WEB)#
#2026 06 04 18:51:20.933#Z#DEBUG#2f425741-6046-11f1-aadc-eeee0a90472b.MyHANAApp-srv#flowable-async-job-executor-thread-9454#
[PollStartAppStatusExecution] ce0cc505-8bf7-4783-b85c-8208b84081a0 [2026-06-04T18:51:16.997665] > MyHANAApp@1.0.0 start (STDOUT, APP/PROC/WEB)#
#2026 06 04 18:51:20.933#Z#DEBUG#2f425741-6046-11f1-aadc-eeee0a90472b.MyHANAApp-srv#flowable-async-job-executor-thread-9454#
[PollStartAppStatusExecution] ce0cc505-8bf7-4783-b85c-8208b84081a0 [2026-06-04T18:51:16.997683] > cds-serve (STDOUT, APP/PROC/WEB)#
#2026 06 04 18:51:20.933#Z#DEBUG#2f425741-6046-11f1-aadc-eeee0a90472b.MyHANAApp-srv#flowable-async-job-executor-thread-9454#
[PollStartAppStatusExecution] ce0cc505-8bf7-4783-b85c-8208b84081a0 [2026-06-04T18:51:17.254960] {"level":"info","logger":"cds","timestamp":"2026-06-04T18:51:17.253Z","layer":"cds","component_type":"application","container_id":"10.36.194.8","component_id":"ce0cc505-8bf7-4783-b85c-8208b84081a0","component_name":"MyHANAApp-srv","component_instance":0,"source_instance":0,"organization_name":"CoE EMEA HANA Platform_D054555","organization_id":"faa2a59b-a78e-4aa0-9dad-78ce96e1bc24","space_name":"COE EMEA HANA TI Cloud","space_id":"4cc0a88c-ec98-47c4-9958-38b5e6ec9fcf","msg":"loaded model from 1 file(s):\n ","type":"log"} (STDOUT, APP/PROC/WEB)#
#2026 06 04 18:51:20.933#Z#DEBUG#2f425741-6046-11f1-aadc-eeee0a90472b.MyHANAApp-srv#flowable-async-job-executor-thread-9454#
[PollStartAppStatusExecution] ce0cc505-8bf7-4783-b85c-8208b84081a0 [2026-06-04T18:51:17.255543] srv/csn.json (STDOUT, APP/PROC/WEB)#
#2026 06 04 18:51:20.933#Z#DEBUG#2f425741-6046-11f1-aadc-eeee0a90472b.MyHANAApp-srv#flowable-async-job-executor-thread-9454#
[PollStartAppStatusExecution] ce0cc505-8bf7-4783-b85c-8208b84081a0 [2026-06-04T18:51:17.482199] {"level":"info","logger":"cds","timestamp":"2026-06-04T18:51:17.481Z","layer":"cds","component_type":"application","container_id":"10.36.194.8","component_id":"ce0cc505-8bf7-4783-b85c-8208b84081a0","component_name":"MyHANAApp-srv","component_instance":0,"source_instance":0,"organization_name":"CoE EMEA HANA Platform_D054555","organization_id":"faa2a59b-a78e-4aa0-9dad-78ce96e1bc24","space_name":"COE EMEA HANA TI Cloud","space_id":"4cc0a88c-ec98-47c4-9958-38b5e6ec9fcf","msg":"connect to db > hana {\n  database_id: '3a7ef18c-a942-4a3a-9774-6e749eef5f6c',\n  host: '3a7ef18c-a942-4a3a-9774-6e749eef5f6c.hana.prod-eu20.hanacloud.ondemand.com',\n  port: '443',\n  driver: 'com.sap.db.jdbc.Driver',\n  url: 'jdbc:sap://3a7ef18c-a942-4a3a-9774-6e749eef5f6c.hana.prod-eu20.hanacloud.ondemand.com:443?encrypt=true&validateCertificate=true&currentschema=8A1159B8C50C4207B213785D112715A8',\n  schema: '8A1159B8C50C4207B213785D112715A8',\n  certificate: '...',\n  hdi_user: '8A1159B8C50C4207B213785D112715A8_CMDQ6VHOKIULHAID8DOTBYKOO_DT',\n  hdi_password: '...',\n  user: '8A1159B8C50C4207B213785D112715A8_CMDQ6VHOKIULHAID8DOTBYKOO_RT',\n  password: '...'\n}","type":"log"} (STDOUT, APP/PROC/WEB)#
#2026 06 04 18:51:20.933#Z#DEBUG#2f425741-6046-11f1-aadc-eeee0a90472b.MyHANAApp-srv#flowable-async-job-executor-thread-9454#
[PollStartAppStatusExecution] ce0cc505-8bf7-4783-b85c-8208b84081a0 [2026-06-04T18:51:17.511881] {"level":"info","logger":"cds","timestamp":"2026-06-04T18:51:17.511Z","layer":"cds","component_type":"application","container_id":"10.36.194.8","component_id":"ce0cc505-8bf7-4783-b85c-8208b84081a0","component_name":"MyHANAApp-srv","component_instance":0,"source_instance":0,"organization_name":"CoE EMEA HANA Platform_D054555","organization_id":"faa2a59b-a78e-4aa0-9dad-78ce96e1bc24","space_name":"COE EMEA HANA TI Cloud","space_id":"4cc0a88c-ec98-47c4-9958-38b5e6ec9fcf","msg":"using auth strategy { kind: 'xsuaa' }","type":"log"} (STDOUT, APP/PROC/WEB)#
#2026 06 04 18:51:20.933#Z#DEBUG#2f425741-6046-11f1-aadc-eeee0a90472b.MyHANAApp-srv#flowable-async-job-executor-thread-9454#
[PollStartAppStatusExecution] ce0cc505-8bf7-4783-b85c-8208b84081a0 [2026-06-04T18:51:17.561038] {"level":"info","logger":"cds","timestamp":"2026-06-04T18:51:17.560Z","layer":"cds","component_type":"application","container_id":"10.36.194.8","component_id":"ce0cc505-8bf7-4783-b85c-8208b84081a0","component_name":"MyHANAApp-srv","component_instance":0,"source_instance":0,"organization_name":"CoE EMEA HANA Platform_D054555","organization_id":"faa2a59b-a78e-4aa0-9dad-78ce96e1bc24","space_name":"COE EMEA HANA TI Cloud","space_id":"4cc0a88c-ec98-47c4-9958-38b5e6ec9fcf","msg":"serving CatalogService {\n  at: [ '/odata/v4/catalog' ],\n  decl: 'srv/csn.json:226'\n}","type":"log"} (STDOUT, APP/PROC/WEB)#
#2026 06 04 18:51:20.933#Z#DEBUG#2f425741-6046-11f1-aadc-eeee0a90472b.MyHANAApp-srv#flowable-async-job-executor-thread-9454#
[PollStartAppStatusExecution] ce0cc505-8bf7-4783-b85c-8208b84081a0 [2026-06-04T18:51:17.565229] {"level":"info","logger":"cds","timestamp":"2026-06-04T18:51:17.564Z","layer":"cds","component_type":"application","container_id":"10.36.194.8","component_id":"ce0cc505-8bf7-4783-b85c-8208b84081a0","component_name":"MyHANAApp-srv","component_instance":0,"source_instance":0,"organization_name":"CoE EMEA HANA Platform_D054555","organization_id":"faa2a59b-a78e-4aa0-9dad-78ce96e1bc24","space_name":"COE EMEA HANA TI Cloud","space_id":"4cc0a88c-ec98-47c4-9958-38b5e6ec9fcf","msg":"server listening on { url: 'http://localhost:8080' }","type":"log"} (STDOUT, APP/PROC/WEB)#
#2026 06 04 18:51:20.933#Z#DEBUG#2f425741-6046-11f1-aadc-eeee0a90472b.MyHANAApp-srv#flowable-async-job-executor-thread-9454#
[PollStartAppStatusExecution] ce0cc505-8bf7-4783-b85c-8208b84081a0 [2026-06-04T18:51:17.566214] {"level":"info","logger":"cds","timestamp":"2026-06-04T18:51:17.566Z","layer":"cds","component_type":"application","container_id":"10.36.194.8","component_id":"ce0cc505-8bf7-4783-b85c-8208b84081a0","component_name":"MyHANAApp-srv","component_instance":0,"source_instance":0,"organization_name":"CoE EMEA HANA Platform_D054555","organization_id":"faa2a59b-a78e-4aa0-9dad-78ce96e1bc24","space_name":"COE EMEA HANA TI Cloud","space_id":"4cc0a88c-ec98-47c4-9958-38b5e6ec9fcf","msg":"server v9.9.1 launched in 559 ms","type":"log"} (STDOUT, APP/PROC/WEB)#
#2026 06 04 18:51:20.933#Z#DEBUG#2f425741-6046-11f1-aadc-eeee0a90472b.MyHANAApp-srv#flowable-async-job-executor-thread-9454#
[PollStartAppStatusExecution] ce0cc505-8bf7-4783-b85c-8208b84081a0 [2026-06-04T18:51:19.022401] Container became healthy (STDOUT, CELL)#
#2026 06 04 18:51:20.933#Z#DEBUG#2f425741-6046-11f1-aadc-eeee0a90472b.MyHANAApp-srv#flowable-async-job-executor-thread-9454#
[PollStartAppStatusExecution] ce0cc505-8bf7-4783-b85c-8208b84081a0 [2026-06-04T18:51:19.069471] Process became ready with guid ce0cc505-8bf7-4783-b85c-8208b84081a0 payload: {"instance"=>"56e324e5-bc27-482f-6335-3fba", "index"=>0, "cell_id"=>"fa79a5d8-27f3-499f-8bf7-98361745e003", "ready"=>true, "version"=>"36a054c2-5173-4855-979f-677f56297cda"} (STDOUT, API)#
