#2026 07 05 06:45:27.448#Z#DEBUG#fd809866-783c-11f1-b4eb-eeee0a9d7ec9.MyHANAApp-srv#flowable-async-job-executor-thread-32757#
[PollStageAppStatusExecution] 06081fac-2ec2-4819-aa93-a6bf87d224c2 [2026-07-05T06:44:48.338459] Added process: "web" (STDOUT, API)#
#2026 07 05 06:45:27.448#Z#DEBUG#fd809866-783c-11f1-b4eb-eeee0a9d7ec9.MyHANAApp-srv#flowable-async-job-executor-thread-32757#
[PollStageAppStatusExecution] 06081fac-2ec2-4819-aa93-a6bf87d224c2 [2026-07-05T06:44:48.352316] Created app with guid 06081fac-2ec2-4819-aa93-a6bf87d224c2 (STDOUT, API)#
#2026 07 05 06:45:27.448#Z#DEBUG#fd809866-783c-11f1-b4eb-eeee0a9d7ec9.MyHANAApp-srv#flowable-async-job-executor-thread-32757#
[PollStageAppStatusExecution] 06081fac-2ec2-4819-aa93-a6bf87d224c2 [2026-07-05T06:44:48.528509] Updating process: "web" (STDOUT, API)#
#2026 07 05 06:45:27.448#Z#DEBUG#fd809866-783c-11f1-b4eb-eeee0a9d7ec9.MyHANAApp-srv#flowable-async-job-executor-thread-32757#
[PollStageAppStatusExecution] 06081fac-2ec2-4819-aa93-a6bf87d224c2 [2026-07-05T06:44:48.658943] Scaling process: "web" (STDOUT, API)#
#2026 07 05 06:45:27.448#Z#DEBUG#fd809866-783c-11f1-b4eb-eeee0a9d7ec9.MyHANAApp-srv#flowable-async-job-executor-thread-32757#
[PollStageAppStatusExecution] 06081fac-2ec2-4819-aa93-a6bf87d224c2 [2026-07-05T06:45:07.837702] Uploading app package for app with guid 06081fac-2ec2-4819-aa93-a6bf87d224c2 (STDOUT, API)#
#2026 07 05 06:45:27.448#Z#DEBUG#fd809866-783c-11f1-b4eb-eeee0a9d7ec9.MyHANAApp-srv#flowable-async-job-executor-thread-32757#
[PollStageAppStatusExecution] 06081fac-2ec2-4819-aa93-a6bf87d224c2 [2026-07-05T06:45:08.132030] Updated app with guid 06081fac-2ec2-4819-aa93-a6bf87d224c2 ({"environment_variables"=>"[PRIVATE DATA HIDDEN]"}) (STDOUT, API)#
#2026 07 05 06:45:27.448#Z#DEBUG#fd809866-783c-11f1-b4eb-eeee0a9d7ec9.MyHANAApp-srv#flowable-async-job-executor-thread-32757#
[PollStageAppStatusExecution] 06081fac-2ec2-4819-aa93-a6bf87d224c2 [2026-07-05T06:45:17.637764] Creating build for app with guid 06081fac-2ec2-4819-aa93-a6bf87d224c2 (STDOUT, API)#
#2026 07 05 06:45:27.448#Z#DEBUG#fd809866-783c-11f1-b4eb-eeee0a9d7ec9.MyHANAApp-srv#flowable-async-job-executor-thread-32757#
[PollStageAppStatusExecution] 06081fac-2ec2-4819-aa93-a6bf87d224c2 [2026-07-05T06:45:18.116279] Downloading nodejs_buildpack... (STDOUT, STG)#
#2026 07 05 06:45:27.448#Z#DEBUG#fd809866-783c-11f1-b4eb-eeee0a9d7ec9.MyHANAApp-srv#flowable-async-job-executor-thread-32757#
[PollStageAppStatusExecution] 06081fac-2ec2-4819-aa93-a6bf87d224c2 [2026-07-05T06:45:18.145175] Downloaded nodejs_buildpack (STDOUT, STG)#
#2026 07 05 06:45:27.448#Z#DEBUG#fd809866-783c-11f1-b4eb-eeee0a9d7ec9.MyHANAApp-srv#flowable-async-job-executor-thread-32757#
[PollStageAppStatusExecution] 06081fac-2ec2-4819-aa93-a6bf87d224c2 [2026-07-05T06:45:18.145262] Cell 038a1235-3d2b-463c-889f-fec9fdadb687 creating container for instance ca233f67-ba98-4151-a65e-ec814fbccc54 (STDOUT, STG)#
#2026 07 05 06:45:27.448#Z#DEBUG#fd809866-783c-11f1-b4eb-eeee0a9d7ec9.MyHANAApp-srv#flowable-async-job-executor-thread-32757#
[PollStageAppStatusExecution] 06081fac-2ec2-4819-aa93-a6bf87d224c2 [2026-07-05T06:45:18.701252] Security group rules were updated (STDOUT, STG)#
#2026 07 05 06:45:27.448#Z#DEBUG#fd809866-783c-11f1-b4eb-eeee0a9d7ec9.MyHANAApp-srv#flowable-async-job-executor-thread-32757#
[PollStageAppStatusExecution] 06081fac-2ec2-4819-aa93-a6bf87d224c2 [2026-07-05T06:45:18.775592] Cell 038a1235-3d2b-463c-889f-fec9fdadb687 successfully created container for instance ca233f67-ba98-4151-a65e-ec814fbccc54 (STDOUT, STG)#
#2026 07 05 06:45:27.448#Z#DEBUG#fd809866-783c-11f1-b4eb-eeee0a9d7ec9.MyHANAApp-srv#flowable-async-job-executor-thread-32757#
[PollStageAppStatusExecution] 06081fac-2ec2-4819-aa93-a6bf87d224c2 [2026-07-05T06:45:19.425409] Downloading app package... (STDOUT, STG)#
#2026 07 05 06:45:27.448#Z#DEBUG#fd809866-783c-11f1-b4eb-eeee0a9d7ec9.MyHANAApp-srv#flowable-async-job-executor-thread-32757#
[PollStageAppStatusExecution] 06081fac-2ec2-4819-aa93-a6bf87d224c2 [2026-07-05T06:45:20.315153] Downloaded app package (7.4M) (STDOUT, STG)#
#2026 07 05 06:45:27.448#Z#DEBUG#fd809866-783c-11f1-b4eb-eeee0a9d7ec9.MyHANAApp-srv#flowable-async-job-executor-thread-32757#
[PollStageAppStatusExecution] 06081fac-2ec2-4819-aa93-a6bf87d224c2 [2026-07-05T06:45:20.406717] -----> Nodejs Buildpack version 1.9.2 (STDOUT, STG)#
#2026 07 05 06:45:27.448#Z#DEBUG#fd809866-783c-11f1-b4eb-eeee0a9d7ec9.MyHANAApp-srv#flowable-async-job-executor-thread-32757#
[PollStageAppStatusExecution] 06081fac-2ec2-4819-aa93-a6bf87d224c2 [2026-07-05T06:45:20.692305] -----> Bootstrapping python (STDOUT, STG)#
#2026 07 05 06:45:27.448#Z#DEBUG#fd809866-783c-11f1-b4eb-eeee0a9d7ec9.MyHANAApp-srv#flowable-async-job-executor-thread-32757#
[PollStageAppStatusExecution] 06081fac-2ec2-4819-aa93-a6bf87d224c2 [2026-07-05T06:45:20.692342] -----> Installing python 3.13.13 (STDOUT, STG)#
#2026 07 05 06:45:27.448#Z#DEBUG#fd809866-783c-11f1-b4eb-eeee0a9d7ec9.MyHANAApp-srv#flowable-async-job-executor-thread-32757#
[PollStageAppStatusExecution] 06081fac-2ec2-4819-aa93-a6bf87d224c2 [2026-07-05T06:45:20.692359] Copy [/tmp/buildpacks/14ade3cc17cd498b/dependencies/268a5e3743d51a14b86ea9da64439307/python_3.13.13_linux_x64_cflinuxfs4_8311abbf.tgz] (STDOUT, STG)#
#2026 07 05 06:45:27.448#Z#DEBUG#fd809866-783c-11f1-b4eb-eeee0a9d7ec9.MyHANAApp-srv#flowable-async-job-executor-thread-32757#
[PollStageAppStatusExecution] 06081fac-2ec2-4819-aa93-a6bf87d224c2 [2026-07-05T06:45:24.543056] -----> Installing binaries (STDOUT, STG)#
#2026 07 05 06:45:27.448#Z#DEBUG#fd809866-783c-11f1-b4eb-eeee0a9d7ec9.MyHANAApp-srv#flowable-async-job-executor-thread-32757#
[PollStageAppStatusExecution] 06081fac-2ec2-4819-aa93-a6bf87d224c2 [2026-07-05T06:45:24.543202] engines.node (package.json): >=20 (STDOUT, STG)#
#2026 07 05 06:45:27.448#Z#DEBUG#fd809866-783c-11f1-b4eb-eeee0a9d7ec9.MyHANAApp-srv#flowable-async-job-executor-thread-32757#
[PollStageAppStatusExecution] 06081fac-2ec2-4819-aa93-a6bf87d224c2 [2026-07-05T06:45:24.543226] engines.npm (package.json): unspecified (use default) (STDOUT, STG)#
#2026 07 05 06:45:27.448#Z#DEBUG#fd809866-783c-11f1-b4eb-eeee0a9d7ec9.MyHANAApp-srv#flowable-async-job-executor-thread-32757#
[PollStageAppStatusExecution] 06081fac-2ec2-4819-aa93-a6bf87d224c2 [2026-07-05T06:45:24.543231] [31;1m**WARNING**[0m Dangerous semver range (>) in engines.node. See: http://docs.cloudfoundry.org/buildpacks/node/node-tips.html (STDOUT, STG)#
#2026 07 05 06:45:27.448#Z#DEBUG#fd809866-783c-11f1-b4eb-eeee0a9d7ec9.MyHANAApp-srv#flowable-async-job-executor-thread-32757#
[PollStageAppStatusExecution] 06081fac-2ec2-4819-aa93-a6bf87d224c2 [2026-07-05T06:45:24.543302] -----> Installing node 24.15.0 (STDOUT, STG)#
#2026 07 05 06:45:27.448#Z#DEBUG#fd809866-783c-11f1-b4eb-eeee0a9d7ec9.MyHANAApp-srv#flowable-async-job-executor-thread-32757#
[PollStageAppStatusExecution] 06081fac-2ec2-4819-aa93-a6bf87d224c2 [2026-07-05T06:45:24.543502] Copy [/tmp/buildpacks/14ade3cc17cd498b/dependencies/6441e97e6386f47ec4c16cfdf8db0a17/node_24.15.0_linux_x64_cflinuxfs4_1a62d98b.tgz] (STDOUT, STG)#
#2026 07 05 06:45:27.448#Z#DEBUG#fd809866-783c-11f1-b4eb-eeee0a9d7ec9.MyHANAApp-srv#flowable-async-job-executor-thread-32757#
[PollStageAppStatusExecution] 06081fac-2ec2-4819-aa93-a6bf87d224c2 [2026-07-05T06:45:26.796420] Using default npm version: 11.12.1 (STDOUT, STG)#
#2026 07 05 06:45:27.448#Z#DEBUG#fd809866-783c-11f1-b4eb-eeee0a9d7ec9.MyHANAApp-srv#flowable-async-job-executor-thread-32757#
[PollStageAppStatusExecution] 06081fac-2ec2-4819-aa93-a6bf87d224c2 [2026-07-05T06:45:26.796447] -----> Installing yarn 1.22.22 (STDOUT, STG)#
#2026 07 05 06:45:27.448#Z#DEBUG#fd809866-783c-11f1-b4eb-eeee0a9d7ec9.MyHANAApp-srv#flowable-async-job-executor-thread-32757#
[PollStageAppStatusExecution] 06081fac-2ec2-4819-aa93-a6bf87d224c2 [2026-07-05T06:45:26.796639] Copy [/tmp/buildpacks/14ade3cc17cd498b/dependencies/e4fe26756e9984a665478d350474fa2e/yarn_1.22.22_linux_noarch_any-stack_b6132b86.tgz] (STDOUT, STG)#
#2026 07 05 06:45:37.498#Z#DEBUG#fd809866-783c-11f1-b4eb-eeee0a9d7ec9.MyHANAApp-srv#flowable-async-job-executor-thread-32762#
[PollStageAppStatusExecution] 06081fac-2ec2-4819-aa93-a6bf87d224c2 [2026-07-05T06:45:27.126078] Installed yarn 1.22.22 (STDOUT, STG)#
#2026 07 05 06:45:37.498#Z#DEBUG#fd809866-783c-11f1-b4eb-eeee0a9d7ec9.MyHANAApp-srv#flowable-async-job-executor-thread-32762#
[PollStageAppStatusExecution] 06081fac-2ec2-4819-aa93-a6bf87d224c2 [2026-07-05T06:45:27.126108] -----> Creating runtime environment (STDOUT, STG)#
#2026 07 05 06:45:37.498#Z#DEBUG#fd809866-783c-11f1-b4eb-eeee0a9d7ec9.MyHANAApp-srv#flowable-async-job-executor-thread-32762#
[PollStageAppStatusExecution] 06081fac-2ec2-4819-aa93-a6bf87d224c2 [2026-07-05T06:45:27.127762] NODE_ENV=production (STDOUT, STG)#
#2026 07 05 06:45:37.498#Z#DEBUG#fd809866-783c-11f1-b4eb-eeee0a9d7ec9.MyHANAApp-srv#flowable-async-job-executor-thread-32762#
[PollStageAppStatusExecution] 06081fac-2ec2-4819-aa93-a6bf87d224c2 [2026-07-05T06:45:27.127782] NODE_HOME=/tmp/contents721376108/deps/0/node (STDOUT, STG)#
#2026 07 05 06:45:37.498#Z#DEBUG#fd809866-783c-11f1-b4eb-eeee0a9d7ec9.MyHANAApp-srv#flowable-async-job-executor-thread-32762#
[PollStageAppStatusExecution] 06081fac-2ec2-4819-aa93-a6bf87d224c2 [2026-07-05T06:45:27.127786] NODE_MODULES_CACHE=true (STDOUT, STG)#
#2026 07 05 06:45:37.498#Z#DEBUG#fd809866-783c-11f1-b4eb-eeee0a9d7ec9.MyHANAApp-srv#flowable-async-job-executor-thread-32762#
[PollStageAppStatusExecution] 06081fac-2ec2-4819-aa93-a6bf87d224c2 [2026-07-05T06:45:27.127793] NODE_VERBOSE=false (STDOUT, STG)#
#2026 07 05 06:45:37.498#Z#DEBUG#fd809866-783c-11f1-b4eb-eeee0a9d7ec9.MyHANAApp-srv#flowable-async-job-executor-thread-32762#
[PollStageAppStatusExecution] 06081fac-2ec2-4819-aa93-a6bf87d224c2 [2026-07-05T06:45:27.127797] NPM_CONFIG_LOGLEVEL=error (STDOUT, STG)#
#2026 07 05 06:45:37.498#Z#DEBUG#fd809866-783c-11f1-b4eb-eeee0a9d7ec9.MyHANAApp-srv#flowable-async-job-executor-thread-32762#
[PollStageAppStatusExecution] 06081fac-2ec2-4819-aa93-a6bf87d224c2 [2026-07-05T06:45:27.127801] NPM_CONFIG_PRODUCTION=true (STDOUT, STG)#
#2026 07 05 06:45:37.498#Z#DEBUG#fd809866-783c-11f1-b4eb-eeee0a9d7ec9.MyHANAApp-srv#flowable-async-job-executor-thread-32762#
[PollStageAppStatusExecution] 06081fac-2ec2-4819-aa93-a6bf87d224c2 [2026-07-05T06:45:27.127825] -----> Building dependencies (STDOUT, STG)#
#2026 07 05 06:45:37.498#Z#DEBUG#fd809866-783c-11f1-b4eb-eeee0a9d7ec9.MyHANAApp-srv#flowable-async-job-executor-thread-32762#
[PollStageAppStatusExecution] 06081fac-2ec2-4819-aa93-a6bf87d224c2 [2026-07-05T06:45:27.127832] Prebuild detected (node_modules already exists) (STDOUT, STG)#
#2026 07 05 06:45:37.498#Z#DEBUG#fd809866-783c-11f1-b4eb-eeee0a9d7ec9.MyHANAApp-srv#flowable-async-job-executor-thread-32762#
[PollStageAppStatusExecution] 06081fac-2ec2-4819-aa93-a6bf87d224c2 [2026-07-05T06:45:27.127889] Rebuilding any native modules (STDOUT, STG)#
#2026 07 05 06:45:37.498#Z#DEBUG#fd809866-783c-11f1-b4eb-eeee0a9d7ec9.MyHANAApp-srv#flowable-async-job-executor-thread-32762#
[PollStageAppStatusExecution] 06081fac-2ec2-4819-aa93-a6bf87d224c2 [2026-07-05T06:45:27.765737] rebuilt dependencies successfully (STDOUT, STG)#
#2026 07 05 06:45:37.498#Z#DEBUG#fd809866-783c-11f1-b4eb-eeee0a9d7ec9.MyHANAApp-srv#flowable-async-job-executor-thread-32762#
[PollStageAppStatusExecution] 06081fac-2ec2-4819-aa93-a6bf87d224c2 [2026-07-05T06:45:27.767165] npm notice (STDOUT, STG)#
#2026 07 05 06:45:37.498#Z#DEBUG#fd809866-783c-11f1-b4eb-eeee0a9d7ec9.MyHANAApp-srv#flowable-async-job-executor-thread-32762#
[PollStageAppStatusExecution] 06081fac-2ec2-4819-aa93-a6bf87d224c2 [2026-07-05T06:45:27.767182] npm notice New minor version of npm available! 11.12.1 -> 11.18.0 (STDOUT, STG)#
#2026 07 05 06:45:37.498#Z#DEBUG#fd809866-783c-11f1-b4eb-eeee0a9d7ec9.MyHANAApp-srv#flowable-async-job-executor-thread-32762#
[PollStageAppStatusExecution] 06081fac-2ec2-4819-aa93-a6bf87d224c2 [2026-07-05T06:45:27.767185] npm notice Changelog: https://github.com/npm/cli/releases/tag/v11.18.0 (STDOUT, STG)#
#2026 07 05 06:45:37.498#Z#DEBUG#fd809866-783c-11f1-b4eb-eeee0a9d7ec9.MyHANAApp-srv#flowable-async-job-executor-thread-32762#
[PollStageAppStatusExecution] 06081fac-2ec2-4819-aa93-a6bf87d224c2 [2026-07-05T06:45:27.767192] npm notice To update run: npm install -g npm@11.18.0 (STDOUT, STG)#
#2026 07 05 06:45:37.498#Z#DEBUG#fd809866-783c-11f1-b4eb-eeee0a9d7ec9.MyHANAApp-srv#flowable-async-job-executor-thread-32762#
[PollStageAppStatusExecution] 06081fac-2ec2-4819-aa93-a6bf87d224c2 [2026-07-05T06:45:27.767195] npm notice (STDOUT, STG)#
#2026 07 05 06:45:37.498#Z#DEBUG#fd809866-783c-11f1-b4eb-eeee0a9d7ec9.MyHANAApp-srv#flowable-async-job-executor-thread-32762#
[PollStageAppStatusExecution] 06081fac-2ec2-4819-aa93-a6bf87d224c2 [2026-07-05T06:45:27.830585] Installing any new modules (package.json + package-lock.json) (STDOUT, STG)#
#2026 07 05 06:45:37.498#Z#DEBUG#fd809866-783c-11f1-b4eb-eeee0a9d7ec9.MyHANAApp-srv#flowable-async-job-executor-thread-32762#
[PollStageAppStatusExecution] 06081fac-2ec2-4819-aa93-a6bf87d224c2 [2026-07-05T06:45:28.646825] removed 75 packages in 740ms (STDOUT, STG)#
#2026 07 05 06:45:37.498#Z#DEBUG#fd809866-783c-11f1-b4eb-eeee0a9d7ec9.MyHANAApp-srv#flowable-async-job-executor-thread-32762#
[PollStageAppStatusExecution] 06081fac-2ec2-4819-aa93-a6bf87d224c2 [2026-07-05T06:45:28.647039] 27 packages are looking for funding (STDOUT, STG)#
#2026 07 05 06:45:37.498#Z#DEBUG#fd809866-783c-11f1-b4eb-eeee0a9d7ec9.MyHANAApp-srv#flowable-async-job-executor-thread-32762#
[PollStageAppStatusExecution] 06081fac-2ec2-4819-aa93-a6bf87d224c2 [2026-07-05T06:45:28.647075] run `npm fund` for details (STDOUT, STG)#
#2026 07 05 06:45:37.498#Z#DEBUG#fd809866-783c-11f1-b4eb-eeee0a9d7ec9.MyHANAApp-srv#flowable-async-job-executor-thread-32762#
[PollStageAppStatusExecution] 06081fac-2ec2-4819-aa93-a6bf87d224c2 [2026-07-05T06:45:29.482337] Contrast Security no credentials found. Will not write environment files. (STDOUT, STG)#
#2026 07 05 06:45:47.497#Z#DEBUG#fd809866-783c-11f1-b4eb-eeee0a9d7ec9.MyHANAApp-srv#flowable-async-job-executor-thread-33688#
[PollStageAppStatusExecution] 06081fac-2ec2-4819-aa93-a6bf87d224c2 [2026-07-05T06:45:38.986454] Exit status 0 (STDOUT, STG)#
#2026 07 05 06:45:47.497#Z#DEBUG#fd809866-783c-11f1-b4eb-eeee0a9d7ec9.MyHANAApp-srv#flowable-async-job-executor-thread-33688#
[PollStageAppStatusExecution] 06081fac-2ec2-4819-aa93-a6bf87d224c2 [2026-07-05T06:45:38.986507] Uploading droplet, build artifacts cache... (STDOUT, STG)#
#2026 07 05 06:45:47.497#Z#DEBUG#fd809866-783c-11f1-b4eb-eeee0a9d7ec9.MyHANAApp-srv#flowable-async-job-executor-thread-33688#
[PollStageAppStatusExecution] 06081fac-2ec2-4819-aa93-a6bf87d224c2 [2026-07-05T06:45:38.986539] Uploading droplet... (STDOUT, STG)#
#2026 07 05 06:45:47.497#Z#DEBUG#fd809866-783c-11f1-b4eb-eeee0a9d7ec9.MyHANAApp-srv#flowable-async-job-executor-thread-33688#
[PollStageAppStatusExecution] 06081fac-2ec2-4819-aa93-a6bf87d224c2 [2026-07-05T06:45:38.986593] Uploading build artifacts cache... (STDOUT, STG)#
#2026 07 05 06:45:47.497#Z#DEBUG#fd809866-783c-11f1-b4eb-eeee0a9d7ec9.MyHANAApp-srv#flowable-async-job-executor-thread-33688#
[PollStageAppStatusExecution] 06081fac-2ec2-4819-aa93-a6bf87d224c2 [2026-07-05T06:45:39.023335] Uploaded build artifacts cache (214B) (STDOUT, STG)#
#2026 07 05 06:45:47.497#Z#DEBUG#fd809866-783c-11f1-b4eb-eeee0a9d7ec9.MyHANAApp-srv#flowable-async-job-executor-thread-33688#
[PollStageAppStatusExecution] 06081fac-2ec2-4819-aa93-a6bf87d224c2 [2026-07-05T06:45:39.673719] Creating droplet for app with guid 06081fac-2ec2-4819-aa93-a6bf87d224c2 (STDOUT, API)#
#2026 07 05 06:45:47.497#Z#DEBUG#fd809866-783c-11f1-b4eb-eeee0a9d7ec9.MyHANAApp-srv#flowable-async-job-executor-thread-33688#
[PollStageAppStatusExecution] 06081fac-2ec2-4819-aa93-a6bf87d224c2 [2026-07-05T06:45:43.758848] Uploaded droplet (59.8M) (STDOUT, STG)#
#2026 07 05 06:45:47.497#Z#DEBUG#fd809866-783c-11f1-b4eb-eeee0a9d7ec9.MyHANAApp-srv#flowable-async-job-executor-thread-33688#
[PollStageAppStatusExecution] 06081fac-2ec2-4819-aa93-a6bf87d224c2 [2026-07-05T06:45:43.781218] Uploading complete (STDOUT, STG)#
#2026 07 05 06:45:47.497#Z#DEBUG#fd809866-783c-11f1-b4eb-eeee0a9d7ec9.MyHANAApp-srv#flowable-async-job-executor-thread-33688#
[PollStageAppStatusExecution] 06081fac-2ec2-4819-aa93-a6bf87d224c2 [2026-07-05T06:45:44.340074] Cell 038a1235-3d2b-463c-889f-fec9fdadb687 stopping instance ca233f67-ba98-4151-a65e-ec814fbccc54 (STDOUT, STG)#
#2026 07 05 06:45:47.497#Z#DEBUG#fd809866-783c-11f1-b4eb-eeee0a9d7ec9.MyHANAApp-srv#flowable-async-job-executor-thread-33688#
[PollStageAppStatusExecution] 06081fac-2ec2-4819-aa93-a6bf87d224c2 [2026-07-05T06:45:44.340114] Cell 038a1235-3d2b-463c-889f-fec9fdadb687 destroying container for instance ca233f67-ba98-4151-a65e-ec814fbccc54 (STDOUT, STG)#
#2026 07 05 06:45:47.497#Z#DEBUG#fd809866-783c-11f1-b4eb-eeee0a9d7ec9.MyHANAApp-srv#flowable-async-job-executor-thread-33688#
[PollStageAppStatusExecution] 06081fac-2ec2-4819-aa93-a6bf87d224c2 [2026-07-05T06:45:44.428513] Staging complete for build ca233f67-ba98-4151-a65e-ec814fbccc54 (STDOUT, API)#
#2026 07 05 06:45:47.497#Z#DEBUG#fd809866-783c-11f1-b4eb-eeee0a9d7ec9.MyHANAApp-srv#flowable-async-job-executor-thread-33688#
[PollStageAppStatusExecution] 06081fac-2ec2-4819-aa93-a6bf87d224c2 [2026-07-05T06:45:46.638220] Cell 038a1235-3d2b-463c-889f-fec9fdadb687 successfully destroyed container for instance ca233f67-ba98-4151-a65e-ec814fbccc54 (STDOUT, STG)#
#2026 07 05 06:45:58.265#Z#DEBUG#fd809866-783c-11f1-b4eb-eeee0a9d7ec9.MyHANAApp-srv#flowable-async-job-executor-thread-25812#
[PollStartAppStatusExecution] 06081fac-2ec2-4819-aa93-a6bf87d224c2 [2026-07-05T06:45:47.573761] Updated app with guid 06081fac-2ec2-4819-aa93-a6bf87d224c2 ({:droplet_guid=>"01616799-cc6f-4db5-8159-29d7866ebb0c"}) (STDOUT, API)#
#2026 07 05 06:45:58.265#Z#DEBUG#fd809866-783c-11f1-b4eb-eeee0a9d7ec9.MyHANAApp-srv#flowable-async-job-executor-thread-25812#
[PollStartAppStatusExecution] 06081fac-2ec2-4819-aa93-a6bf87d224c2 [2026-07-05T06:45:47.787777] Creating revision for app with guid 06081fac-2ec2-4819-aa93-a6bf87d224c2 (STDOUT, API)#
#2026 07 05 06:45:58.265#Z#DEBUG#fd809866-783c-11f1-b4eb-eeee0a9d7ec9.MyHANAApp-srv#flowable-async-job-executor-thread-25812#
[PollStartAppStatusExecution] 06081fac-2ec2-4819-aa93-a6bf87d224c2 [2026-07-05T06:45:47.829252] Starting app with guid 06081fac-2ec2-4819-aa93-a6bf87d224c2 (STDOUT, API)#
#2026 07 05 06:45:58.265#Z#DEBUG#fd809866-783c-11f1-b4eb-eeee0a9d7ec9.MyHANAApp-srv#flowable-async-job-executor-thread-25812#
[PollStartAppStatusExecution] 06081fac-2ec2-4819-aa93-a6bf87d224c2 [2026-07-05T06:45:48.119774] Cell 40e6573b-9dbc-4624-9df4-82a8667b07cc creating container for instance be6b5656-2bdd-49a2-4356-d626 (STDOUT, CELL)#
#2026 07 05 06:45:58.265#Z#DEBUG#fd809866-783c-11f1-b4eb-eeee0a9d7ec9.MyHANAApp-srv#flowable-async-job-executor-thread-25812#
[PollStartAppStatusExecution] 06081fac-2ec2-4819-aa93-a6bf87d224c2 [2026-07-05T06:45:48.636955] Security group rules were updated (STDOUT, CELL)#
#2026 07 05 06:45:58.265#Z#DEBUG#fd809866-783c-11f1-b4eb-eeee0a9d7ec9.MyHANAApp-srv#flowable-async-job-executor-thread-25812#
[PollStartAppStatusExecution] 06081fac-2ec2-4819-aa93-a6bf87d224c2 [2026-07-05T06:45:48.720086] Cell 40e6573b-9dbc-4624-9df4-82a8667b07cc successfully created container for instance be6b5656-2bdd-49a2-4356-d626 (STDOUT, CELL)#
#2026 07 05 06:45:58.265#Z#DEBUG#fd809866-783c-11f1-b4eb-eeee0a9d7ec9.MyHANAApp-srv#flowable-async-job-executor-thread-25812#
[PollStartAppStatusExecution] 06081fac-2ec2-4819-aa93-a6bf87d224c2 [2026-07-05T06:45:48.995887] Downloading droplet... (STDOUT, CELL)#
#2026 07 05 06:45:58.265#Z#DEBUG#fd809866-783c-11f1-b4eb-eeee0a9d7ec9.MyHANAApp-srv#flowable-async-job-executor-thread-25812#
[PollStartAppStatusExecution] 06081fac-2ec2-4819-aa93-a6bf87d224c2 [2026-07-05T06:45:52.504584] Downloaded droplet (59.8M) (STDOUT, CELL)#
#2026 07 05 06:45:58.265#Z#DEBUG#fd809866-783c-11f1-b4eb-eeee0a9d7ec9.MyHANAApp-srv#flowable-async-job-executor-thread-25812#
[PollStartAppStatusExecution] 06081fac-2ec2-4819-aa93-a6bf87d224c2 [2026-07-05T06:45:52.504705] Starting health monitoring of container (STDOUT, CELL)#
#2026 07 05 06:45:58.265#Z#DEBUG#fd809866-783c-11f1-b4eb-eeee0a9d7ec9.MyHANAApp-srv#flowable-async-job-executor-thread-25812#
[PollStartAppStatusExecution] 06081fac-2ec2-4819-aa93-a6bf87d224c2 [2026-07-05T06:45:52.583060] Invoking pre-start scripts. (STDOUT, APP/PROC/WEB)#
#2026 07 05 06:45:58.265#Z#DEBUG#fd809866-783c-11f1-b4eb-eeee0a9d7ec9.MyHANAApp-srv#flowable-async-job-executor-thread-25812#
[PollStartAppStatusExecution] 06081fac-2ec2-4819-aa93-a6bf87d224c2 [2026-07-05T06:45:52.740349] Invoking start command. (STDOUT, APP/PROC/WEB)#
#2026 07 05 06:45:58.265#Z#DEBUG#fd809866-783c-11f1-b4eb-eeee0a9d7ec9.MyHANAApp-srv#flowable-async-job-executor-thread-25812#
[PollStartAppStatusExecution] 06081fac-2ec2-4819-aa93-a6bf87d224c2 [2026-07-05T06:45:53.088602] > MyHANAApp@1.0.0 start (STDOUT, APP/PROC/WEB)#
#2026 07 05 06:45:58.265#Z#DEBUG#fd809866-783c-11f1-b4eb-eeee0a9d7ec9.MyHANAApp-srv#flowable-async-job-executor-thread-25812#
[PollStartAppStatusExecution] 06081fac-2ec2-4819-aa93-a6bf87d224c2 [2026-07-05T06:45:53.088615] > cds-serve (STDOUT, APP/PROC/WEB)#
#2026 07 05 06:45:58.265#Z#DEBUG#fd809866-783c-11f1-b4eb-eeee0a9d7ec9.MyHANAApp-srv#flowable-async-job-executor-thread-25812#
[PollStartAppStatusExecution] 06081fac-2ec2-4819-aa93-a6bf87d224c2 [2026-07-05T06:45:53.324216] {"level":"info","logger":"cds","timestamp":"2026-07-05T06:45:53.323Z","layer":"cds","component_type":"application","container_id":"10.36.133.5","component_id":"06081fac-2ec2-4819-aa93-a6bf87d224c2","component_name":"MyHANAApp-srv","component_instance":0,"source_instance":0,"organization_name":"CoE EMEA HANA Platform_D054555","organization_id":"faa2a59b-a78e-4aa0-9dad-78ce96e1bc24","space_name":"COE EMEA HANA TI Cloud","space_id":"4cc0a88c-ec98-47c4-9958-38b5e6ec9fcf","msg":"loaded model from 1 file(s):\n ","type":"log"} (STDOUT, APP/PROC/WEB)#
#2026 07 05 06:45:58.265#Z#DEBUG#fd809866-783c-11f1-b4eb-eeee0a9d7ec9.MyHANAApp-srv#flowable-async-job-executor-thread-25812#
[PollStartAppStatusExecution] 06081fac-2ec2-4819-aa93-a6bf87d224c2 [2026-07-05T06:45:53.324561] srv/csn.json (STDOUT, APP/PROC/WEB)#
#2026 07 05 06:45:58.265#Z#DEBUG#fd809866-783c-11f1-b4eb-eeee0a9d7ec9.MyHANAApp-srv#flowable-async-job-executor-thread-25812#
[PollStartAppStatusExecution] 06081fac-2ec2-4819-aa93-a6bf87d224c2 [2026-07-05T06:45:53.519649] {"level":"info","logger":"cds","timestamp":"2026-07-05T06:45:53.519Z","layer":"cds","component_type":"application","container_id":"10.36.133.5","component_id":"06081fac-2ec2-4819-aa93-a6bf87d224c2","component_name":"MyHANAApp-srv","component_instance":0,"source_instance":0,"organization_name":"CoE EMEA HANA Platform_D054555","organization_id":"faa2a59b-a78e-4aa0-9dad-78ce96e1bc24","space_name":"COE EMEA HANA TI Cloud","space_id":"4cc0a88c-ec98-47c4-9958-38b5e6ec9fcf","msg":"connect to db > hana {\n  database_id: '3a7ef18c-a942-4a3a-9774-6e749eef5f6c',\n  host: '3a7ef18c-a942-4a3a-9774-6e749eef5f6c.hana.prod-eu20.hanacloud.ondemand.com',\n  port: '443',\n  driver: 'com.sap.db.jdbc.Driver',\n  url: 'jdbc:sap://3a7ef18c-a942-4a3a-9774-6e749eef5f6c.hana.prod-eu20.hanacloud.ondemand.com:443?encrypt=true&validateCertificate=true&currentschema=8A1159B8C50C4207B213785D112715A8',\n  schema: '8A1159B8C50C4207B213785D112715A8',\n  certificate: '...',\n  hdi_user: '8A1159B8C50C4207B213785D112715A8_ESGZSS6078VP62B9NALJ8SD2K_DT',\n  hdi_password: '...',\n  user: '8A1159B8C50C4207B213785D112715A8_ESGZSS6078VP62B9NALJ8SD2K_RT',\n  password: '...'\n}","type":"log"} (STDOUT, APP/PROC/WEB)#
#2026 07 05 06:45:58.265#Z#DEBUG#fd809866-783c-11f1-b4eb-eeee0a9d7ec9.MyHANAApp-srv#flowable-async-job-executor-thread-25812#
[PollStartAppStatusExecution] 06081fac-2ec2-4819-aa93-a6bf87d224c2 [2026-07-05T06:45:53.547425] {"level":"info","logger":"cds","timestamp":"2026-07-05T06:45:53.547Z","layer":"cds","component_type":"application","container_id":"10.36.133.5","component_id":"06081fac-2ec2-4819-aa93-a6bf87d224c2","component_name":"MyHANAApp-srv","component_instance":0,"source_instance":0,"organization_name":"CoE EMEA HANA Platform_D054555","organization_id":"faa2a59b-a78e-4aa0-9dad-78ce96e1bc24","space_name":"COE EMEA HANA TI Cloud","space_id":"4cc0a88c-ec98-47c4-9958-38b5e6ec9fcf","msg":"using auth strategy { kind: 'xsuaa' }","type":"log"} (STDOUT, APP/PROC/WEB)#
#2026 07 05 06:45:58.265#Z#DEBUG#fd809866-783c-11f1-b4eb-eeee0a9d7ec9.MyHANAApp-srv#flowable-async-job-executor-thread-25812#
[PollStartAppStatusExecution] 06081fac-2ec2-4819-aa93-a6bf87d224c2 [2026-07-05T06:45:53.590732] {"level":"info","logger":"cds","timestamp":"2026-07-05T06:45:53.590Z","layer":"cds","component_type":"application","container_id":"10.36.133.5","component_id":"06081fac-2ec2-4819-aa93-a6bf87d224c2","component_name":"MyHANAApp-srv","component_instance":0,"source_instance":0,"organization_name":"CoE EMEA HANA Platform_D054555","organization_id":"faa2a59b-a78e-4aa0-9dad-78ce96e1bc24","space_name":"COE EMEA HANA TI Cloud","space_id":"4cc0a88c-ec98-47c4-9958-38b5e6ec9fcf","msg":"serving CatalogService {\n  at: [ '/odata/v4/catalog' ],\n  decl: 'srv/csn.json:226'\n}","type":"log"} (STDOUT, APP/PROC/WEB)#
#2026 07 05 06:45:58.265#Z#DEBUG#fd809866-783c-11f1-b4eb-eeee0a9d7ec9.MyHANAApp-srv#flowable-async-job-executor-thread-25812#
[PollStartAppStatusExecution] 06081fac-2ec2-4819-aa93-a6bf87d224c2 [2026-07-05T06:45:53.594967] {"level":"info","logger":"cds","timestamp":"2026-07-05T06:45:53.594Z","layer":"cds","component_type":"application","container_id":"10.36.133.5","component_id":"06081fac-2ec2-4819-aa93-a6bf87d224c2","component_name":"MyHANAApp-srv","component_instance":0,"source_instance":0,"organization_name":"CoE EMEA HANA Platform_D054555","organization_id":"faa2a59b-a78e-4aa0-9dad-78ce96e1bc24","space_name":"COE EMEA HANA TI Cloud","space_id":"4cc0a88c-ec98-47c4-9958-38b5e6ec9fcf","msg":"server listening on { url: 'http://localhost:8080' }","type":"log"} (STDOUT, APP/PROC/WEB)#
#2026 07 05 06:45:58.265#Z#DEBUG#fd809866-783c-11f1-b4eb-eeee0a9d7ec9.MyHANAApp-srv#flowable-async-job-executor-thread-25812#
[PollStartAppStatusExecution] 06081fac-2ec2-4819-aa93-a6bf87d224c2 [2026-07-05T06:45:53.596035] {"level":"info","logger":"cds","timestamp":"2026-07-05T06:45:53.595Z","layer":"cds","component_type":"application","container_id":"10.36.133.5","component_id":"06081fac-2ec2-4819-aa93-a6bf87d224c2","component_name":"MyHANAApp-srv","component_instance":0,"source_instance":0,"organization_name":"CoE EMEA HANA Platform_D054555","organization_id":"faa2a59b-a78e-4aa0-9dad-78ce96e1bc24","space_name":"COE EMEA HANA TI Cloud","space_id":"4cc0a88c-ec98-47c4-9958-38b5e6ec9fcf","msg":"server v9.9.1 launched in 499 ms","type":"log"} (STDOUT, APP/PROC/WEB)#
#2026 07 05 06:45:58.265#Z#DEBUG#fd809866-783c-11f1-b4eb-eeee0a9d7ec9.MyHANAApp-srv#flowable-async-job-executor-thread-25812#
[PollStartAppStatusExecution] 06081fac-2ec2-4819-aa93-a6bf87d224c2 [2026-07-05T06:45:55.062882] Container became healthy (STDOUT, CELL)#
#2026 07 05 06:45:58.265#Z#DEBUG#fd809866-783c-11f1-b4eb-eeee0a9d7ec9.MyHANAApp-srv#flowable-async-job-executor-thread-25812#
[PollStartAppStatusExecution] 06081fac-2ec2-4819-aa93-a6bf87d224c2 [2026-07-05T06:45:55.098773] Process became ready with guid 06081fac-2ec2-4819-aa93-a6bf87d224c2 payload: {"instance"=>"be6b5656-2bdd-49a2-4356-d626", "index"=>0, "cell_id"=>"40e6573b-9dbc-4624-9df4-82a8667b07cc", "ready"=>true, "version"=>"f9076d74-6e28-4b5d-a856-29b3cba07341"} (STDOUT, API)#
